INFO	2020-08-15 15:34:24,565	0	com.bestbuy.testbase.TestBase	[main]	***** Starting T001_Get_Product_All *****
INFO	2020-08-15 15:34:25,872	1307	com.bestbuy.testbase.TestBase	[main]	# check_content_type
INFO	2020-08-15 15:34:25,879	1314	com.bestbuy.testbase.TestBase	[main]	# check_response_body 
INFO	2020-08-15 15:34:26,357	1792	com.bestbuy.testbase.TestBase	[main]	#check_response_time
INFO	2020-08-15 15:34:26,362	1797	com.bestbuy.testbase.TestBase	[main]	# check_status_code 
INFO	2020-08-15 15:34:26,363	1798	com.bestbuy.testbase.TestBase	[main]	***** End of T001_Get_Product_All *****
INFO	2020-08-15 22:09:00,866	0	com.bestbuy.testbase.TestBase	[main]	# check_content_type
INFO	2020-08-15 22:09:00,878	12	com.bestbuy.testbase.TestBase	[main]	# check_response_body 
INFO	2020-08-15 22:09:00,887	21	com.bestbuy.testbase.TestBase	[main]	#check_response_time
INFO	2020-08-15 22:09:01,710	844	com.bestbuy.testbase.TestBase	[main]	***** End of T001_Get_Product_All *****
INFO	2020-08-15 22:09:37,122	0	com.bestbuy.testbase.TestBase	[main]	# check_content_type
INFO	2020-08-15 22:09:37,137	15	com.bestbuy.testbase.TestBase	[main]	# check_response_body 
INFO	2020-08-15 22:09:37,142	20	com.bestbuy.testbase.TestBase	[main]	#check_response_time
INFO	2020-08-15 22:09:38,011	889	com.bestbuy.testbase.TestBase	[main]	***** End of T001_Get_Product_All *****
INFO	2020-08-15 22:11:36,982	0	com.bestbuy.testbase.TestBase	[main]	# check_content_type
INFO	2020-08-15 22:11:36,983	1	com.bestbuy.testbase.TestBase	[main]	Content Type ==> application/json; charset=utf-8
INFO	2020-08-15 22:11:36,992	10	com.bestbuy.testbase.TestBase	[main]	# check_response_body 
INFO	2020-08-15 22:11:37,008	26	com.bestbuy.testbase.TestBase	[main]	Response Body: {"id":9999702,"image":"SomeImages","shipping":12.99,"price":1000,"name":"Apple Watch Series Ultimate","upc":"654654321","description":"Series 10","model":"Series 10 - Pro","type":"Electronics","url":"someURLS","manufacturer":"Apple Inc.","updatedAt":"2020-08-16T03:11:36.905Z","createdAt":"2020-08-16T03:11:36.905Z"}
INFO	2020-08-15 22:11:37,053	71	com.bestbuy.testbase.TestBase	[main]	#check_response_time
INFO	2020-08-15 22:11:37,054	72	com.bestbuy.testbase.TestBase	[main]	Response Time ==> 521.0
INFO	2020-08-15 22:11:37,059	77	com.bestbuy.testbase.TestBase	[main]	***** End of T001_Get_Product_All *****
INFO	2020-08-15 22:14:16,018	0	com.bestbuy.testbase.TestBase	[main]	***** Starting T003_Post_Product *****
INFO	2020-08-15 22:14:17,509	1491	com.bestbuy.testbase.TestBase	[main]	# check_content_type
INFO	2020-08-15 22:14:17,510	1492	com.bestbuy.testbase.TestBase	[main]	Content Type ==> application/json; charset=utf-8
INFO	2020-08-15 22:14:17,519	1501	com.bestbuy.testbase.TestBase	[main]	# check_response_body 
INFO	2020-08-15 22:14:17,532	1514	com.bestbuy.testbase.TestBase	[main]	Response Body: {"id":9999703,"image":"SomeImages","shipping":12.99,"price":1000,"name":"Apple Watch Series Ultimate","upc":"654654321","description":"Series 10","model":"Series 10 - Pro","type":"Electronics","url":"someURLS","manufacturer":"Apple Inc.","updatedAt":"2020-08-16T03:14:17.435Z","createdAt":"2020-08-16T03:14:17.435Z"}
INFO	2020-08-15 22:14:17,560	1542	com.bestbuy.testbase.TestBase	[main]	#check_response_time
INFO	2020-08-15 22:14:17,561	1543	com.bestbuy.testbase.TestBase	[main]	Response Time ==> 503.0
INFO	2020-08-15 22:14:17,564	1546	com.bestbuy.testbase.TestBase	[main]	# check_status_code
INFO	2020-08-15 22:14:17,564	1546	com.bestbuy.testbase.TestBase	[main]	Status code ==> 201
INFO	2020-08-15 22:14:17,567	1549	com.bestbuy.testbase.TestBase	[main]	***** End of T001_Get_Product_All *****
INFO	2020-08-15 22:15:38,241	0	com.bestbuy.testbase.TestBase	[main]	***** Starting T003_Post_Product *****
INFO	2020-08-15 22:15:39,907	1666	com.bestbuy.testbase.TestBase	[main]	# check_content_type
INFO	2020-08-15 22:15:39,907	1666	com.bestbuy.testbase.TestBase	[main]	Content Type ==> application/json; charset=utf-8
INFO	2020-08-15 22:15:39,914	1673	com.bestbuy.testbase.TestBase	[main]	# check_response_body 
INFO	2020-08-15 22:15:39,925	1684	com.bestbuy.testbase.TestBase	[main]	Response Body: {"id":9999704,"image":"SomeImages","shipping":12.99,"price":1000,"name":"Apple Watch Series Ultimate","upc":"654654321","description":"Series 10","model":"Series 10 - Pro","type":"Electronics","url":"someURLS","manufacturer":"Apple Inc.","updatedAt":"2020-08-16T03:15:39.816Z","createdAt":"2020-08-16T03:15:39.816Z"}
INFO	2020-08-15 22:15:39,952	1711	com.bestbuy.testbase.TestBase	[main]	#check_response_time
INFO	2020-08-15 22:15:39,953	1712	com.bestbuy.testbase.TestBase	[main]	Response Time ==> 556.0
INFO	2020-08-15 22:15:39,955	1714	com.bestbuy.testbase.TestBase	[main]	# check_status_code
INFO	2020-08-15 22:15:39,955	1714	com.bestbuy.testbase.TestBase	[main]	Status code ==> 201
INFO	2020-08-15 22:15:39,958	1717	com.bestbuy.testbase.TestBase	[main]	***** End of T001_Get_Product_All *****
INFO	2020-08-15 22:16:17,467	0	com.bestbuy.testbase.TestBase	[main]	***** Starting T003_Post_Product *****
INFO	2020-08-15 22:16:18,970	1503	com.bestbuy.testbase.TestBase	[main]	# check_content_type
INFO	2020-08-15 22:16:18,970	1503	com.bestbuy.testbase.TestBase	[main]	Content Type ==> application/json; charset=utf-8
INFO	2020-08-15 22:16:18,980	1513	com.bestbuy.testbase.TestBase	[main]	# check_response_body 
INFO	2020-08-15 22:16:18,994	1527	com.bestbuy.testbase.TestBase	[main]	Response Body: {"id":9999705,"image":"SomeImages","shipping":12.99,"price":1000,"name":"Apple Watch Series Ultimate","upc":"654654321","description":"Series 10","model":"Series 10 - Pro","type":"Electronics","url":"someURLS","manufacturer":"Apple Inc.","updatedAt":"2020-08-16T03:16:18.880Z","createdAt":"2020-08-16T03:16:18.880Z"}
INFO	2020-08-15 22:16:19,016	1549	com.bestbuy.testbase.TestBase	[main]	#check_response_time
INFO	2020-08-15 22:16:19,016	1549	com.bestbuy.testbase.TestBase	[main]	Response Time ==> 471.0
INFO	2020-08-15 22:16:19,020	1553	com.bestbuy.testbase.TestBase	[main]	# check_status_code
INFO	2020-08-15 22:16:19,020	1553	com.bestbuy.testbase.TestBase	[main]	Status code ==> 201
INFO	2020-08-15 22:16:19,023	1556	com.bestbuy.testbase.TestBase	[main]	***** End of T001_Get_Product_All *****
INFO	2020-08-15 22:24:13,270	0	com.bestbuy.testbase.TestBase	[main]	***** Starting T002_Get_Product_Single *****
INFO	2020-08-15 22:24:14,743	1473	com.bestbuy.testbase.TestBase	[main]	# check_content_type
INFO	2020-08-15 22:24:14,743	1473	com.bestbuy.testbase.TestBase	[main]	Content Type ==> application/json; charset=utf-8
INFO	2020-08-15 22:24:14,752	1482	com.bestbuy.testbase.TestBase	[main]	# check_response_body 
INFO	2020-08-15 22:24:14,780	1510	com.bestbuy.testbase.TestBase	[main]	Response Body: {"id":43900,"name":"Duracell - AAA Batteries (4-Pack)","type":"HardGood","price":5.49,"upc":"041333424019","shipping":0,"description":"Compatible with select electronic devices; AAA size; DURALOCK Power Preserve technology; 4-pack","manufacturer":"Duracell","model":"MN2400B4Z","url":"http://www.bestbuy.com/site/duracell-aaa-batteries-4-pack/43900.p?id=1051384074145&skuId=43900&cmp=RMXCC","image":"http://img.bbystatic.com/BestBuy_US/images/products/4390/43900_sa.jpg","createdAt":"2016-11-17T17:58:03.298Z","updatedAt":"2016-11-17T17:58:03.298Z","categories":[{"id":"abcat0208002","name":"Alkaline Batteries","createdAt":"2016-11-17T17:57:04.285Z","updatedAt":"2016-11-17T17:57:04.285Z"},{"id":"pcmcat248700050021","name":"Housewares","createdAt":"2016-11-17T17:57:05.399Z","updatedAt":"2016-11-17T17:57:05.399Z"},{"id":"pcmcat303600050001","name":"Household Batteries","createdAt":"2016-11-17T17:57:04.285Z","updatedAt":"2016-11-17T17:57:04.285Z"},{"id":"pcmcat312300050015","name":"Connected Home & Housewares","createdAt":"2016-11-17T17:57:04.285Z","updatedAt":"2016-11-17T17:57:04.285Z"}]}
INFO	2020-08-15 22:24:14,784	1514	com.bestbuy.testbase.TestBase	[main]	#check_response_content
INFO	2020-08-15 22:24:15,402	2132	com.bestbuy.testbase.TestBase	[main]	#check_response_id
INFO	2020-08-15 22:24:15,430	2160	com.bestbuy.testbase.TestBase	[main]	#check_response_time
INFO	2020-08-15 22:24:15,432	2162	com.bestbuy.testbase.TestBase	[main]	Response Time ==> 478.0
INFO	2020-08-15 22:24:15,435	2165	com.bestbuy.testbase.TestBase	[main]	# check_status_code 
INFO	2020-08-15 22:24:15,435	2165	com.bestbuy.testbase.TestBase	[main]	Status Code ==> 200
INFO	2020-08-15 22:24:15,438	2168	com.bestbuy.testbase.TestBase	[main]	***** End of T001_Get_Product_All *****
INFO	2020-08-15 22:27:34,811	0	com.bestbuy.testbase.TestBase	[main]	***** Starting T002_Get_Product_Single *****
INFO	2020-08-15 22:27:36,432	1621	com.bestbuy.testbase.TestBase	[main]	# check_content_type
INFO	2020-08-15 22:27:36,432	1621	com.bestbuy.testbase.TestBase	[main]	Content Type ==> application/json; charset=utf-8
INFO	2020-08-15 22:27:36,444	1633	com.bestbuy.testbase.TestBase	[main]	# check_response_body 
INFO	2020-08-15 22:27:36,476	1665	com.bestbuy.testbase.TestBase	[main]	Response Body: {"id":43900,"name":"Duracell - AAA Batteries (4-Pack)","type":"HardGood","price":5.49,"upc":"041333424019","shipping":0,"description":"Compatible with select electronic devices; AAA size; DURALOCK Power Preserve technology; 4-pack","manufacturer":"Duracell","model":"MN2400B4Z","url":"http://www.bestbuy.com/site/duracell-aaa-batteries-4-pack/43900.p?id=1051384074145&skuId=43900&cmp=RMXCC","image":"http://img.bbystatic.com/BestBuy_US/images/products/4390/43900_sa.jpg","createdAt":"2016-11-17T17:58:03.298Z","updatedAt":"2016-11-17T17:58:03.298Z","categories":[{"id":"abcat0208002","name":"Alkaline Batteries","createdAt":"2016-11-17T17:57:04.285Z","updatedAt":"2016-11-17T17:57:04.285Z"},{"id":"pcmcat248700050021","name":"Housewares","createdAt":"2016-11-17T17:57:05.399Z","updatedAt":"2016-11-17T17:57:05.399Z"},{"id":"pcmcat303600050001","name":"Household Batteries","createdAt":"2016-11-17T17:57:04.285Z","updatedAt":"2016-11-17T17:57:04.285Z"},{"id":"pcmcat312300050015","name":"Connected Home & Housewares","createdAt":"2016-11-17T17:57:04.285Z","updatedAt":"2016-11-17T17:57:04.285Z"}]}
INFO	2020-08-15 22:27:36,480	1669	com.bestbuy.testbase.TestBase	[main]	#check_response_content
INFO	2020-08-15 22:27:37,102	2291	com.bestbuy.testbase.TestBase	[main]	#check_response_id
INFO	2020-08-15 22:27:37,125	2314	com.bestbuy.testbase.TestBase	[main]	Product ID ==> 43900
INFO	2020-08-15 22:27:37,129	2318	com.bestbuy.testbase.TestBase	[main]	#check_response_time
INFO	2020-08-15 22:27:37,131	2320	com.bestbuy.testbase.TestBase	[main]	Response Time ==> 510.0
INFO	2020-08-15 22:27:37,134	2323	com.bestbuy.testbase.TestBase	[main]	# check_status_code 
INFO	2020-08-15 22:27:37,135	2324	com.bestbuy.testbase.TestBase	[main]	Status Code ==> 200
INFO	2020-08-15 22:27:37,137	2326	com.bestbuy.testbase.TestBase	[main]	***** End of T001_Get_Product_All *****
INFO	2020-08-15 23:32:42,933	0	com.bestbuy.testbase.TestBase	[main]	***** Starting T001_Get_Product_All *****
INFO	2020-08-15 23:32:45,367	2434	com.bestbuy.testbase.TestBase	[main]	# check_content_type
INFO	2020-08-15 23:32:45,367	2434	com.bestbuy.testbase.TestBase	[main]	Content Type ==> application/json; charset=utf-8
INFO	2020-08-15 23:32:45,374	2441	com.bestbuy.testbase.TestBase	[main]	# check_response_body 
INFO	2020-08-15 23:32:45,395	2462	com.bestbuy.testbase.TestBase	[main]	Response Body: {"total":51984,"limit":10,"skip":0,"data":[{"id":43900,"name":"Duracell - AAA Batteries (4-Pack)","type":"HardGood","price":5.49,"upc":"041333424019","shipping":0,"description":"Compatible with select electronic devices; AAA size; DURALOCK Power Preserve technology; 4-pack","manufacturer":"Duracell","model":"MN2400B4Z","url":"http://www.bestbuy.com/site/duracell-aaa-batteries-4-pack/43900.p?id=1051384074145&skuId=43900&cmp=RMXCC","image":"http://img.bbystatic.com/BestBuy_US/images/products/4390/43900_sa.jpg","createdAt":"2016-11-17T17:58:03.298Z","updatedAt":"2016-11-17T17:58:03.298Z","categories":[{"id":"abcat0208002","name":"Alkaline Batteries","createdAt":"2016-11-17T17:57:04.285Z","updatedAt":"2016-11-17T17:57:04.285Z"},{"id":"pcmcat248700050021","name":"Housewares","createdAt":"2016-11-17T17:57:05.399Z","updatedAt":"2016-11-17T17:57:05.399Z"},{"id":"pcmcat303600050001","name":"Household Batteries","createdAt":"2016-11-17T17:57:04.285Z","updatedAt":"2016-11-17T17:57:04.285Z"},{"id":"pcmcat312300050015","name":"Connected Home & Housewares","createdAt":"2016-11-17T17:57:04.285Z","updatedAt":"2016-11-17T17:57:04.285Z"}]},{"id":48530,"name":"Duracell - AA 1.5V CopperTop Batteries (4-Pack)","type":"HardGood","price":5.49,"upc":"041333415017","shipping":0,"description":"Long-lasting energy; DURALOCK Power Preserve technology; for toys, clocks, radios, games, remotes, PDAs and more","manufacturer":"Duracell","model":"MN1500B4Z","url":"http://www.bestbuy.com/site/duracell-aa-1-5v-coppertop-batteries-4-pack/48530.p?id=1099385268988&skuId=48530&cmp=RMXCC","image":"http://img.bbystatic.com/BestBuy_US/images/products/4853/48530_sa.jpg","createdAt":"2016-11-17T17:58:03.298Z","updatedAt":"2016-11-17T17:58:03.298Z","categories":[{"id":"abcat0208002","name":"Alkaline Batteries","createdAt":"2016-11-17T17:57:04.285Z","updatedAt":"2016-11-17T17:57:04.285Z"},{"id":"pcmcat248700050021","name":"Housewares","createdAt":"2016-11-17T17:57:05.399Z","updatedAt":"2016-11-17T17:57:05.399Z"},{"id":"pcmcat303600050001","name":"Household Batteries","createdAt":"2016-11-17T17:57:04.285Z","updatedAt":"2016-11-17T17:57:04.285Z"},{"id":"pcmcat312300050015","name":"Connected Home & Housewares","createdAt":"2016-11-17T17:57:04.285Z","updatedAt":"2016-11-17T17:57:04.285Z"}]},{"id":127687,"name":"Duracell - AA Batteries (8-Pack)","type":"HardGood","price":7.49,"upc":"041333825014","shipping":0,"description":"Compatible with select electronic devices; AA size; DURALOCK Power Preserve technology; 8-pack","manufacturer":"Duracell","model":"MN1500B8Z","url":"http://www.bestbuy.com/site/duracell-aa-batteries-8-pack/127687.p?id=1051384045676&skuId=127687&cmp=RMXCC","image":"http://img.bbystatic.com/BestBuy_US/images/products/1276/127687_sa.jpg","createdAt":"2016-11-17T17:58:03.298Z","updatedAt":"2016-11-17T17:58:03.298Z","categories":[{"id":"abcat0208002","name":"Alkaline Batteries","createdAt":"2016-11-17T17:57:04.285Z","updatedAt":"2016-11-17T17:57:04.285Z"},{"id":"pcmcat248700050021","name":"Housewares","createdAt":"2016-11-17T17:57:05.399Z","updatedAt":"2016-11-17T17:57:05.399Z"},{"id":"pcmcat303600050001","name":"Household Batteries","createdAt":"2016-11-17T17:57:04.285Z","updatedAt":"2016-11-17T17:57:04.285Z"},{"id":"pcmcat312300050015","name":"Connected Home & Housewares","createdAt":"2016-11-17T17:57:04.285Z","updatedAt":"2016-11-17T17:57:04.285Z"}]},{"id":150115,"name":"Energizer - MAX Batteries AA (4-Pack)","type":"HardGood","price":4.99,"upc":"039800011329","shipping":0,"description":"4-pack AA alkaline batteries; battery tester included","manufacturer":"Energizer","model":"E91BP-4","url":"http://www.bestbuy.com/site/energizer-max-batteries-aa-4-pack/150115.p?id=1051384046217&skuId=150115&cmp=RMXCC","image":"http://img.bbystatic.com/BestBuy_US/images/products/1501/150115_sa.jpg","createdAt":"2016-11-17T17:58:03.298Z","updatedAt":"2016-11-17T17:58:03.298Z","categories":[{"id":"abcat0208002","name":"Alkaline Batteries","createdAt":"2016-11-17T17:57:04.285Z","updatedAt":"2016-11-17T17:57:04.285Z"},{"id":"pcmcat248700050021","name":"Housewares","createdAt":"2016-11-17T17:57:05.399Z","updatedAt":"2016-11-17T17:57:05.399Z"},{"id":"pcmcat303600050001","name":"Household Batteries","createdAt":"2016-11-17T17:57:04.285Z","updatedAt":"2016-11-17T17:57:04.285Z"},{"id":"pcmcat312300050015","name":"Connected Home & Housewares","createdAt":"2016-11-17T17:57:04.285Z","updatedAt":"2016-11-17T17:57:04.285Z"}]},{"id":185230,"name":"Duracell - C Batteries (4-Pack)","type":"HardGood","price":8.99,"upc":"041333440019","shipping":0,"description":"Compatible with select electronic devices; C size; DURALOCK Power Preserve technology; 4-pack","manufacturer":"Duracell","model":"MN1400R4Z","url":"http://www.bestbuy.com/site/duracell-c-batteries-4-pack/185230.p?id=1051384046486&skuId=185230&cmp=RMXCC","image":"http://img.bbystatic.com/BestBuy_US/images/products/1852/185230_sa.jpg","createdAt":"2016-11-17T17:58:03.298Z","updatedAt":"2016-11-17T17:58:03.298Z","categories":[{"id":"abcat0208002","name":"Alkaline Batteries","createdAt":"2016-11-17T17:57:04.285Z","updatedAt":"2016-11-17T17:57:04.285Z"},{"id":"pcmcat248700050021","name":"Housewares","createdAt":"2016-11-17T17:57:05.399Z","updatedAt":"2016-11-17T17:57:05.399Z"},{"id":"pcmcat303600050001","name":"Household Batteries","createdAt":"2016-11-17T17:57:04.285Z","updatedAt":"2016-11-17T17:57:04.285Z"},{"id":"pcmcat312300050015","name":"Connected Home & Housewares","createdAt":"2016-11-17T17:57:04.285Z","updatedAt":"2016-11-17T17:57:04.285Z"}]},{"id":185267,"name":"Duracell - D Batteries (4-Pack)","type":"HardGood","price":9.99,"upc":"041333430010","shipping":0,"description":"Compatible with select electronic devices; D size; DURALOCK Power Preserve technology; 4-pack","manufacturer":"Duracell","model":"MN1300R4Z","url":"http://www.bestbuy.com/site/duracell-d-batteries-4-pack/185267.p?id=1051384046551&skuId=185267&cmp=RMXCC","image":"http://img.bbystatic.com/BestBuy_US/images/products/1852/185267_sa.jpg","createdAt":"2016-11-17T17:58:03.298Z","updatedAt":"2016-11-17T17:58:03.298Z","categories":[{"id":"abcat0208002","name":"Alkaline Batteries","createdAt":"2016-11-17T17:57:04.285Z","updatedAt":"2016-11-17T17:57:04.285Z"},{"id":"pcmcat248700050021","name":"Housewares","createdAt":"2016-11-17T17:57:05.399Z","updatedAt":"2016-11-17T17:57:05.399Z"},{"id":"pcmcat303600050001","name":"Household Batteries","createdAt":"2016-11-17T17:57:04.285Z","updatedAt":"2016-11-17T17:57:04.285Z"},{"id":"pcmcat312300050015","name":"Connected Home & Housewares","createdAt":"2016-11-17T17:57:04.285Z","updatedAt":"2016-11-17T17:57:04.285Z"}]},{"id":309062,"name":"Pioneer - 4\" 3-Way Surface-Mount Speakers with IMPP Composite Cones (Pair) - Black","type":"HardGood","price":144.99,"upc":"012562165141","shipping":0,"description":"80W maximum power (20W RMS); 4\" IMPP composite cone woofer; 3/4\" horn tweeter","manufacturer":"Pioneer","model":"TS-X200","url":"http://www.bestbuy.com/site/pioneer-4-3-way-surface-mount-speakers-with-impp-composite-cones-pair-black/309062.p?id=1218643240258&skuId=309062&cmp=RMXCC","image":"http://img.bbystatic.com/BestBuy_US/images/products/0309/0309062_sa.jpg","createdAt":"2016-11-17T17:58:03.298Z","updatedAt":"2016-11-17T17:58:03.298Z","categories":[{"id":"abcat0300000","name":"Car Electronics & GPS","createdAt":"2016-11-17T17:57:04.285Z","updatedAt":"2016-11-17T17:57:04.285Z"},{"id":"abcat0302000","name":"Car Audio","createdAt":"2016-11-17T17:57:04.285Z","updatedAt":"2016-11-17T17:57:04.285Z"},{"id":"abcat0302005","name":"Car Speakers","createdAt":"2016-11-17T17:57:04.285Z","updatedAt":"2016-11-17T17:57:04.285Z"},{"id":"pcmcat360500050015","name":"4\" Car Speakers","createdAt":"2016-11-17T17:57:04.643Z","updatedAt":"2016-11-17T17:57:04.643Z"}]},{"id":312290,"name":"Duracell - 9V Batteries (2-Pack)","type":"HardGood","price":7.99,"upc":"041333216010","shipping":0,"description":"Compatible with select electronic devices; alkaline chemistry; 9V size; DURALOCK Power Preserve technology; 2-pack","manufacturer":"Duracell","model":"MN1604B2Z","url":"http://www.bestbuy.com/site/duracell-9v-batteries-2-pack/312290.p?id=1051384050321&skuId=312290&cmp=RMXCC","image":"http://img.bbystatic.com/BestBuy_US/images/products/3122/312290_sa.jpg","createdAt":"2016-11-17T17:58:03.298Z","updatedAt":"2016-11-17T17:58:03.298Z","categories":[{"id":"abcat0208002","name":"Alkaline Batteries","createdAt":"2016-11-17T17:57:04.285Z","updatedAt":"2016-11-17T17:57:04.285Z"},{"id":"pcmcat248700050021","name":"Housewares","createdAt":"2016-11-17T17:57:05.399Z","updatedAt":"2016-11-17T17:57:05.399Z"},{"id":"pcmcat303600050001","name":"Household Batteries","createdAt":"2016-11-17T17:57:04.285Z","updatedAt":"2016-11-17T17:57:04.285Z"},{"id":"pcmcat312300050015","name":"Connected Home & Housewares","createdAt":"2016-11-17T17:57:04.285Z","updatedAt":"2016-11-17T17:57:04.285Z"}]},{"id":333179,"name":"Energizer - N Cell E90 Batteries (2-Pack)","type":"HardGood","price":5.99,"upc":"039800013200","shipping":0,"description":"Alkaline batteries; 1.5V","manufacturer":"Energizer","model":"E90BP-2","url":"http://www.bestbuy.com/site/energizer-n-cell-e90-batteries-2-pack/333179.p?id=1185268509951&skuId=333179&cmp=RMXCC","image":"http://img.bbystatic.com/BestBuy_US/images/products/3331/333179_sa.jpg","createdAt":"2016-11-17T17:58:03.298Z","updatedAt":"2016-11-17T17:58:03.298Z","categories":[{"id":"abcat0208006","name":"Specialty Batteries","createdAt":"2016-11-17T17:57:04.285Z","updatedAt":"2016-11-17T17:57:04.285Z"},{"id":"pcmcat248700050021","name":"Housewares","createdAt":"2016-11-17T17:57:05.399Z","updatedAt":"2016-11-17T17:57:05.399Z"},{"id":"pcmcat303600050001","name":"Household Batteries","createdAt":"2016-11-17T17:57:04.285Z","updatedAt":"2016-11-17T17:57:04.285Z"},{"id":"pcmcat312300050015","name":"Connected Home & Housewares","createdAt":"2016-11-17T17:57:04.285Z","updatedAt":"2016-11-17T17:57:04.285Z"}]},{"id":346575,"name":"Metra - Radio Installation Dash Kit for Most 1989-2000 Ford, Lincoln & Mercury Vehicles - Black","type":"HardGood","price":16.99,"upc":"086429002757","shipping":0,"description":"From our expanded online assortment; compatible with most 1989-2000 Ford, Lincoln and Mercury vehicles; snap-in TurboKit offers fast installation; spacer/trim ring; rear support bracket","manufacturer":"Metra","model":"99-5512","url":"http://www.bestbuy.com/site/metra-radio-installation-dash-kit-for-most-1989-2000-ford-lincoln-mercury-vehicles-black/346575.p?id=1218118704590&skuId=346575&cmp=RMXCC","image":"http://img.bbystatic.com/BestBuy_US/images/products/3465/346575_rc.jpg","createdAt":"2016-11-17T17:58:03.298Z","updatedAt":"2016-11-17T17:58:03.298Z","categories":[{"id":"abcat0300000","name":"Car Electronics & GPS","createdAt":"2016-11-17T17:57:04.285Z","updatedAt":"2016-11-17T17:57:04.285Z"},{"id":"pcmcat165900050023","name":"Car Installation Parts & Accessories","createdAt":"2016-11-17T17:57:05.399Z","updatedAt":"2016-11-17T17:57:05.399Z"},{"id":"pcmcat165900050031","name":"Deck Installation Parts","createdAt":"2016-11-17T17:57:05.399Z","updatedAt":"2016-11-17T17:57:05.399Z"},{"id":"pcmcat165900050033","name":"Dash Installation Kits","createdAt":"2016-11-17T17:57:05.399Z","updatedAt":"2016-11-17T17:57:05.399Z"},{"id":"pcmcat331600050007","name":"Car Audio Installation Parts","createdAt":"2016-11-17T17:57:04.643Z","updatedAt":"2016-11-17T17:57:04.643Z"}]}]}
INFO	2020-08-15 23:32:45,974	3041	com.bestbuy.testbase.TestBase	[main]	#check_response_time
INFO	2020-08-15 23:32:45,977	3044	com.bestbuy.testbase.TestBase	[main]	Response Time ==> 1392.0
INFO	2020-08-15 23:32:45,980	3047	com.bestbuy.testbase.TestBase	[main]	# check_status_code 
INFO	2020-08-15 23:32:45,981	3048	com.bestbuy.testbase.TestBase	[main]	Status Code ==> 200
INFO	2020-08-15 23:32:45,984	3051	com.bestbuy.testbase.TestBase	[main]	***** End of T001_Get_Product_All *****
INFO	2020-08-15 23:32:45,988	3055	com.bestbuy.testbase.TestBase	[main]	***** Starting T002_Get_Product_Single *****
INFO	2020-08-15 23:32:46,012	3079	com.bestbuy.testbase.TestBase	[main]	# check_content_type
INFO	2020-08-15 23:32:46,012	3079	com.bestbuy.testbase.TestBase	[main]	Content Type ==> application/json; charset=utf-8
INFO	2020-08-15 23:32:46,015	3082	com.bestbuy.testbase.TestBase	[main]	# check_response_body 
INFO	2020-08-15 23:32:46,015	3082	com.bestbuy.testbase.TestBase	[main]	Response Body: {"id":43900,"name":"Duracell - AAA Batteries (4-Pack)","type":"HardGood","price":5.49,"upc":"041333424019","shipping":0,"description":"Compatible with select electronic devices; AAA size; DURALOCK Power Preserve technology; 4-pack","manufacturer":"Duracell","model":"MN2400B4Z","url":"http://www.bestbuy.com/site/duracell-aaa-batteries-4-pack/43900.p?id=1051384074145&skuId=43900&cmp=RMXCC","image":"http://img.bbystatic.com/BestBuy_US/images/products/4390/43900_sa.jpg","createdAt":"2016-11-17T17:58:03.298Z","updatedAt":"2016-11-17T17:58:03.298Z","categories":[{"id":"abcat0208002","name":"Alkaline Batteries","createdAt":"2016-11-17T17:57:04.285Z","updatedAt":"2016-11-17T17:57:04.285Z"},{"id":"pcmcat248700050021","name":"Housewares","createdAt":"2016-11-17T17:57:05.399Z","updatedAt":"2016-11-17T17:57:05.399Z"},{"id":"pcmcat303600050001","name":"Household Batteries","createdAt":"2016-11-17T17:57:04.285Z","updatedAt":"2016-11-17T17:57:04.285Z"},{"id":"pcmcat312300050015","name":"Connected Home & Housewares","createdAt":"2016-11-17T17:57:04.285Z","updatedAt":"2016-11-17T17:57:04.285Z"}]}
INFO	2020-08-15 23:32:46,021	3088	com.bestbuy.testbase.TestBase	[main]	#check_response_content
INFO	2020-08-15 23:32:46,040	3107	com.bestbuy.testbase.TestBase	[main]	#check_response_id
INFO	2020-08-15 23:32:46,057	3124	com.bestbuy.testbase.TestBase	[main]	Product ID ==> 43900
INFO	2020-08-15 23:32:46,060	3127	com.bestbuy.testbase.TestBase	[main]	#check_response_time
INFO	2020-08-15 23:32:46,061	3128	com.bestbuy.testbase.TestBase	[main]	Response Time ==> 19.0
INFO	2020-08-15 23:32:46,063	3130	com.bestbuy.testbase.TestBase	[main]	# check_status_code 
INFO	2020-08-15 23:32:46,063	3130	com.bestbuy.testbase.TestBase	[main]	Status Code ==> 200
INFO	2020-08-15 23:32:46,065	3132	com.bestbuy.testbase.TestBase	[main]	***** End of T001_Get_Product_All *****
INFO	2020-08-15 23:32:46,069	3136	com.bestbuy.testbase.TestBase	[main]	***** Starting T003_Post_Product *****
INFO	2020-08-15 23:32:46,163	3230	com.bestbuy.testbase.TestBase	[main]	# check_content_type
INFO	2020-08-15 23:32:46,164	3231	com.bestbuy.testbase.TestBase	[main]	Content Type ==> application/json; charset=utf-8
INFO	2020-08-15 23:32:46,166	3233	com.bestbuy.testbase.TestBase	[main]	# check_response_body 
INFO	2020-08-15 23:32:46,166	3233	com.bestbuy.testbase.TestBase	[main]	Response Body: {"id":9999706,"image":"SomeImages","shipping":12.99,"price":1000,"name":"Apple Watch Series Ultimate","upc":"654654321","description":"Series 10","model":"Series 10 - Pro","type":"Electronics","url":"someURLS","manufacturer":"Apple Inc.","updatedAt":"2020-08-16T04:32:46.122Z","createdAt":"2020-08-16T04:32:46.122Z"}
INFO	2020-08-15 23:32:46,169	3236	com.bestbuy.testbase.TestBase	[main]	#check_response_time
INFO	2020-08-15 23:32:46,169	3236	com.bestbuy.testbase.TestBase	[main]	Response Time ==> 84.0
INFO	2020-08-15 23:32:46,171	3238	com.bestbuy.testbase.TestBase	[main]	# check_status_code
INFO	2020-08-15 23:32:46,171	3238	com.bestbuy.testbase.TestBase	[main]	Status code ==> 201
INFO	2020-08-15 23:32:46,172	3239	com.bestbuy.testbase.TestBase	[main]	***** End of T001_Get_Product_All *****
INFO	2020-08-16 00:07:05,030	0	com.bestbuy.testbase.TestBase	[main]	***** Starting T001_Get_Product_All *****
INFO	2020-08-16 00:07:06,734	1704	com.bestbuy.testbase.TestBase	[main]	# check_content_type
INFO	2020-08-16 00:07:06,734	1704	com.bestbuy.testbase.TestBase	[main]	Content Type ==> application/json; charset=utf-8
INFO	2020-08-16 00:07:06,753	1723	com.bestbuy.testbase.TestBase	[main]	# check_response_body 
INFO	2020-08-16 00:07:06,773	1743	com.bestbuy.testbase.TestBase	[main]	Response Body: {"total":51985,"limit":10,"skip":0,"data":[{"id":43900,"name":"Duracell - AAA Batteries (4-Pack)","type":"HardGood","price":5.49,"upc":"041333424019","shipping":0,"description":"Compatible with select electronic devices; AAA size; DURALOCK Power Preserve technology; 4-pack","manufacturer":"Duracell","model":"MN2400B4Z","url":"http://www.bestbuy.com/site/duracell-aaa-batteries-4-pack/43900.p?id=1051384074145&skuId=43900&cmp=RMXCC","image":"http://img.bbystatic.com/BestBuy_US/images/products/4390/43900_sa.jpg","createdAt":"2016-11-17T17:58:03.298Z","updatedAt":"2016-11-17T17:58:03.298Z","categories":[{"id":"abcat0208002","name":"Alkaline Batteries","createdAt":"2016-11-17T17:57:04.285Z","updatedAt":"2016-11-17T17:57:04.285Z"},{"id":"pcmcat248700050021","name":"Housewares","createdAt":"2016-11-17T17:57:05.399Z","updatedAt":"2016-11-17T17:57:05.399Z"},{"id":"pcmcat303600050001","name":"Household Batteries","createdAt":"2016-11-17T17:57:04.285Z","updatedAt":"2016-11-17T17:57:04.285Z"},{"id":"pcmcat312300050015","name":"Connected Home & Housewares","createdAt":"2016-11-17T17:57:04.285Z","updatedAt":"2016-11-17T17:57:04.285Z"}]},{"id":48530,"name":"Duracell - AA 1.5V CopperTop Batteries (4-Pack)","type":"HardGood","price":5.49,"upc":"041333415017","shipping":0,"description":"Long-lasting energy; DURALOCK Power Preserve technology; for toys, clocks, radios, games, remotes, PDAs and more","manufacturer":"Duracell","model":"MN1500B4Z","url":"http://www.bestbuy.com/site/duracell-aa-1-5v-coppertop-batteries-4-pack/48530.p?id=1099385268988&skuId=48530&cmp=RMXCC","image":"http://img.bbystatic.com/BestBuy_US/images/products/4853/48530_sa.jpg","createdAt":"2016-11-17T17:58:03.298Z","updatedAt":"2016-11-17T17:58:03.298Z","categories":[{"id":"abcat0208002","name":"Alkaline Batteries","createdAt":"2016-11-17T17:57:04.285Z","updatedAt":"2016-11-17T17:57:04.285Z"},{"id":"pcmcat248700050021","name":"Housewares","createdAt":"2016-11-17T17:57:05.399Z","updatedAt":"2016-11-17T17:57:05.399Z"},{"id":"pcmcat303600050001","name":"Household Batteries","createdAt":"2016-11-17T17:57:04.285Z","updatedAt":"2016-11-17T17:57:04.285Z"},{"id":"pcmcat312300050015","name":"Connected Home & Housewares","createdAt":"2016-11-17T17:57:04.285Z","updatedAt":"2016-11-17T17:57:04.285Z"}]},{"id":127687,"name":"Duracell - AA Batteries (8-Pack)","type":"HardGood","price":7.49,"upc":"041333825014","shipping":0,"description":"Compatible with select electronic devices; AA size; DURALOCK Power Preserve technology; 8-pack","manufacturer":"Duracell","model":"MN1500B8Z","url":"http://www.bestbuy.com/site/duracell-aa-batteries-8-pack/127687.p?id=1051384045676&skuId=127687&cmp=RMXCC","image":"http://img.bbystatic.com/BestBuy_US/images/products/1276/127687_sa.jpg","createdAt":"2016-11-17T17:58:03.298Z","updatedAt":"2016-11-17T17:58:03.298Z","categories":[{"id":"abcat0208002","name":"Alkaline Batteries","createdAt":"2016-11-17T17:57:04.285Z","updatedAt":"2016-11-17T17:57:04.285Z"},{"id":"pcmcat248700050021","name":"Housewares","createdAt":"2016-11-17T17:57:05.399Z","updatedAt":"2016-11-17T17:57:05.399Z"},{"id":"pcmcat303600050001","name":"Household Batteries","createdAt":"2016-11-17T17:57:04.285Z","updatedAt":"2016-11-17T17:57:04.285Z"},{"id":"pcmcat312300050015","name":"Connected Home & Housewares","createdAt":"2016-11-17T17:57:04.285Z","updatedAt":"2016-11-17T17:57:04.285Z"}]},{"id":150115,"name":"Energizer - MAX Batteries AA (4-Pack)","type":"HardGood","price":4.99,"upc":"039800011329","shipping":0,"description":"4-pack AA alkaline batteries; battery tester included","manufacturer":"Energizer","model":"E91BP-4","url":"http://www.bestbuy.com/site/energizer-max-batteries-aa-4-pack/150115.p?id=1051384046217&skuId=150115&cmp=RMXCC","image":"http://img.bbystatic.com/BestBuy_US/images/products/1501/150115_sa.jpg","createdAt":"2016-11-17T17:58:03.298Z","updatedAt":"2016-11-17T17:58:03.298Z","categories":[{"id":"abcat0208002","name":"Alkaline Batteries","createdAt":"2016-11-17T17:57:04.285Z","updatedAt":"2016-11-17T17:57:04.285Z"},{"id":"pcmcat248700050021","name":"Housewares","createdAt":"2016-11-17T17:57:05.399Z","updatedAt":"2016-11-17T17:57:05.399Z"},{"id":"pcmcat303600050001","name":"Household Batteries","createdAt":"2016-11-17T17:57:04.285Z","updatedAt":"2016-11-17T17:57:04.285Z"},{"id":"pcmcat312300050015","name":"Connected Home & Housewares","createdAt":"2016-11-17T17:57:04.285Z","updatedAt":"2016-11-17T17:57:04.285Z"}]},{"id":185230,"name":"Duracell - C Batteries (4-Pack)","type":"HardGood","price":8.99,"upc":"041333440019","shipping":0,"description":"Compatible with select electronic devices; C size; DURALOCK Power Preserve technology; 4-pack","manufacturer":"Duracell","model":"MN1400R4Z","url":"http://www.bestbuy.com/site/duracell-c-batteries-4-pack/185230.p?id=1051384046486&skuId=185230&cmp=RMXCC","image":"http://img.bbystatic.com/BestBuy_US/images/products/1852/185230_sa.jpg","createdAt":"2016-11-17T17:58:03.298Z","updatedAt":"2016-11-17T17:58:03.298Z","categories":[{"id":"abcat0208002","name":"Alkaline Batteries","createdAt":"2016-11-17T17:57:04.285Z","updatedAt":"2016-11-17T17:57:04.285Z"},{"id":"pcmcat248700050021","name":"Housewares","createdAt":"2016-11-17T17:57:05.399Z","updatedAt":"2016-11-17T17:57:05.399Z"},{"id":"pcmcat303600050001","name":"Household Batteries","createdAt":"2016-11-17T17:57:04.285Z","updatedAt":"2016-11-17T17:57:04.285Z"},{"id":"pcmcat312300050015","name":"Connected Home & Housewares","createdAt":"2016-11-17T17:57:04.285Z","updatedAt":"2016-11-17T17:57:04.285Z"}]},{"id":185267,"name":"Duracell - D Batteries (4-Pack)","type":"HardGood","price":9.99,"upc":"041333430010","shipping":0,"description":"Compatible with select electronic devices; D size; DURALOCK Power Preserve technology; 4-pack","manufacturer":"Duracell","model":"MN1300R4Z","url":"http://www.bestbuy.com/site/duracell-d-batteries-4-pack/185267.p?id=1051384046551&skuId=185267&cmp=RMXCC","image":"http://img.bbystatic.com/BestBuy_US/images/products/1852/185267_sa.jpg","createdAt":"2016-11-17T17:58:03.298Z","updatedAt":"2016-11-17T17:58:03.298Z","categories":[{"id":"abcat0208002","name":"Alkaline Batteries","createdAt":"2016-11-17T17:57:04.285Z","updatedAt":"2016-11-17T17:57:04.285Z"},{"id":"pcmcat248700050021","name":"Housewares","createdAt":"2016-11-17T17:57:05.399Z","updatedAt":"2016-11-17T17:57:05.399Z"},{"id":"pcmcat303600050001","name":"Household Batteries","createdAt":"2016-11-17T17:57:04.285Z","updatedAt":"2016-11-17T17:57:04.285Z"},{"id":"pcmcat312300050015","name":"Connected Home & Housewares","createdAt":"2016-11-17T17:57:04.285Z","updatedAt":"2016-11-17T17:57:04.285Z"}]},{"id":309062,"name":"Pioneer - 4\" 3-Way Surface-Mount Speakers with IMPP Composite Cones (Pair) - Black","type":"HardGood","price":144.99,"upc":"012562165141","shipping":0,"description":"80W maximum power (20W RMS); 4\" IMPP composite cone woofer; 3/4\" horn tweeter","manufacturer":"Pioneer","model":"TS-X200","url":"http://www.bestbuy.com/site/pioneer-4-3-way-surface-mount-speakers-with-impp-composite-cones-pair-black/309062.p?id=1218643240258&skuId=309062&cmp=RMXCC","image":"http://img.bbystatic.com/BestBuy_US/images/products/0309/0309062_sa.jpg","createdAt":"2016-11-17T17:58:03.298Z","updatedAt":"2016-11-17T17:58:03.298Z","categories":[{"id":"abcat0300000","name":"Car Electronics & GPS","createdAt":"2016-11-17T17:57:04.285Z","updatedAt":"2016-11-17T17:57:04.285Z"},{"id":"abcat0302000","name":"Car Audio","createdAt":"2016-11-17T17:57:04.285Z","updatedAt":"2016-11-17T17:57:04.285Z"},{"id":"abcat0302005","name":"Car Speakers","createdAt":"2016-11-17T17:57:04.285Z","updatedAt":"2016-11-17T17:57:04.285Z"},{"id":"pcmcat360500050015","name":"4\" Car Speakers","createdAt":"2016-11-17T17:57:04.643Z","updatedAt":"2016-11-17T17:57:04.643Z"}]},{"id":312290,"name":"Duracell - 9V Batteries (2-Pack)","type":"HardGood","price":7.99,"upc":"041333216010","shipping":0,"description":"Compatible with select electronic devices; alkaline chemistry; 9V size; DURALOCK Power Preserve technology; 2-pack","manufacturer":"Duracell","model":"MN1604B2Z","url":"http://www.bestbuy.com/site/duracell-9v-batteries-2-pack/312290.p?id=1051384050321&skuId=312290&cmp=RMXCC","image":"http://img.bbystatic.com/BestBuy_US/images/products/3122/312290_sa.jpg","createdAt":"2016-11-17T17:58:03.298Z","updatedAt":"2016-11-17T17:58:03.298Z","categories":[{"id":"abcat0208002","name":"Alkaline Batteries","createdAt":"2016-11-17T17:57:04.285Z","updatedAt":"2016-11-17T17:57:04.285Z"},{"id":"pcmcat248700050021","name":"Housewares","createdAt":"2016-11-17T17:57:05.399Z","updatedAt":"2016-11-17T17:57:05.399Z"},{"id":"pcmcat303600050001","name":"Household Batteries","createdAt":"2016-11-17T17:57:04.285Z","updatedAt":"2016-11-17T17:57:04.285Z"},{"id":"pcmcat312300050015","name":"Connected Home & Housewares","createdAt":"2016-11-17T17:57:04.285Z","updatedAt":"2016-11-17T17:57:04.285Z"}]},{"id":333179,"name":"Energizer - N Cell E90 Batteries (2-Pack)","type":"HardGood","price":5.99,"upc":"039800013200","shipping":0,"description":"Alkaline batteries; 1.5V","manufacturer":"Energizer","model":"E90BP-2","url":"http://www.bestbuy.com/site/energizer-n-cell-e90-batteries-2-pack/333179.p?id=1185268509951&skuId=333179&cmp=RMXCC","image":"http://img.bbystatic.com/BestBuy_US/images/products/3331/333179_sa.jpg","createdAt":"2016-11-17T17:58:03.298Z","updatedAt":"2016-11-17T17:58:03.298Z","categories":[{"id":"abcat0208006","name":"Specialty Batteries","createdAt":"2016-11-17T17:57:04.285Z","updatedAt":"2016-11-17T17:57:04.285Z"},{"id":"pcmcat248700050021","name":"Housewares","createdAt":"2016-11-17T17:57:05.399Z","updatedAt":"2016-11-17T17:57:05.399Z"},{"id":"pcmcat303600050001","name":"Household Batteries","createdAt":"2016-11-17T17:57:04.285Z","updatedAt":"2016-11-17T17:57:04.285Z"},{"id":"pcmcat312300050015","name":"Connected Home & Housewares","createdAt":"2016-11-17T17:57:04.285Z","updatedAt":"2016-11-17T17:57:04.285Z"}]},{"id":346575,"name":"Metra - Radio Installation Dash Kit for Most 1989-2000 Ford, Lincoln & Mercury Vehicles - Black","type":"HardGood","price":16.99,"upc":"086429002757","shipping":0,"description":"From our expanded online assortment; compatible with most 1989-2000 Ford, Lincoln and Mercury vehicles; snap-in TurboKit offers fast installation; spacer/trim ring; rear support bracket","manufacturer":"Metra","model":"99-5512","url":"http://www.bestbuy.com/site/metra-radio-installation-dash-kit-for-most-1989-2000-ford-lincoln-mercury-vehicles-black/346575.p?id=1218118704590&skuId=346575&cmp=RMXCC","image":"http://img.bbystatic.com/BestBuy_US/images/products/3465/346575_rc.jpg","createdAt":"2016-11-17T17:58:03.298Z","updatedAt":"2016-11-17T17:58:03.298Z","categories":[{"id":"abcat0300000","name":"Car Electronics & GPS","createdAt":"2016-11-17T17:57:04.285Z","updatedAt":"2016-11-17T17:57:04.285Z"},{"id":"pcmcat165900050023","name":"Car Installation Parts & Accessories","createdAt":"2016-11-17T17:57:05.399Z","updatedAt":"2016-11-17T17:57:05.399Z"},{"id":"pcmcat165900050031","name":"Deck Installation Parts","createdAt":"2016-11-17T17:57:05.399Z","updatedAt":"2016-11-17T17:57:05.399Z"},{"id":"pcmcat165900050033","name":"Dash Installation Kits","createdAt":"2016-11-17T17:57:05.399Z","updatedAt":"2016-11-17T17:57:05.399Z"},{"id":"pcmcat331600050007","name":"Car Audio Installation Parts","createdAt":"2016-11-17T17:57:04.643Z","updatedAt":"2016-11-17T17:57:04.643Z"}]}]}
INFO	2020-08-16 00:07:07,431	2401	com.bestbuy.testbase.TestBase	[main]	#check_response_time
INFO	2020-08-16 00:07:07,433	2403	com.bestbuy.testbase.TestBase	[main]	Response Time ==> 733.0
INFO	2020-08-16 00:07:07,435	2405	com.bestbuy.testbase.TestBase	[main]	# check_status_code 
INFO	2020-08-16 00:07:07,436	2406	com.bestbuy.testbase.TestBase	[main]	Status Code ==> 200
INFO	2020-08-16 00:07:07,438	2408	com.bestbuy.testbase.TestBase	[main]	***** End of T001_Get_Product_All *****
INFO	2020-08-16 00:07:07,443	2413	com.bestbuy.testbase.TestBase	[main]	***** Starting T002_Get_Product_Single *****
INFO	2020-08-16 00:07:07,469	2439	com.bestbuy.testbase.TestBase	[main]	# check_content_type
INFO	2020-08-16 00:07:07,469	2439	com.bestbuy.testbase.TestBase	[main]	Content Type ==> application/json; charset=utf-8
INFO	2020-08-16 00:07:07,472	2442	com.bestbuy.testbase.TestBase	[main]	# check_response_body 
INFO	2020-08-16 00:07:07,472	2442	com.bestbuy.testbase.TestBase	[main]	Response Body: {"id":43900,"name":"Duracell - AAA Batteries (4-Pack)","type":"HardGood","price":5.49,"upc":"041333424019","shipping":0,"description":"Compatible with select electronic devices; AAA size; DURALOCK Power Preserve technology; 4-pack","manufacturer":"Duracell","model":"MN2400B4Z","url":"http://www.bestbuy.com/site/duracell-aaa-batteries-4-pack/43900.p?id=1051384074145&skuId=43900&cmp=RMXCC","image":"http://img.bbystatic.com/BestBuy_US/images/products/4390/43900_sa.jpg","createdAt":"2016-11-17T17:58:03.298Z","updatedAt":"2016-11-17T17:58:03.298Z","categories":[{"id":"abcat0208002","name":"Alkaline Batteries","createdAt":"2016-11-17T17:57:04.285Z","updatedAt":"2016-11-17T17:57:04.285Z"},{"id":"pcmcat248700050021","name":"Housewares","createdAt":"2016-11-17T17:57:05.399Z","updatedAt":"2016-11-17T17:57:05.399Z"},{"id":"pcmcat303600050001","name":"Household Batteries","createdAt":"2016-11-17T17:57:04.285Z","updatedAt":"2016-11-17T17:57:04.285Z"},{"id":"pcmcat312300050015","name":"Connected Home & Housewares","createdAt":"2016-11-17T17:57:04.285Z","updatedAt":"2016-11-17T17:57:04.285Z"}]}
INFO	2020-08-16 00:07:07,476	2446	com.bestbuy.testbase.TestBase	[main]	#check_response_content
INFO	2020-08-16 00:07:07,494	2464	com.bestbuy.testbase.TestBase	[main]	#check_response_id
INFO	2020-08-16 00:07:07,510	2480	com.bestbuy.testbase.TestBase	[main]	Product ID ==> 43900
INFO	2020-08-16 00:07:07,513	2483	com.bestbuy.testbase.TestBase	[main]	#check_response_time
INFO	2020-08-16 00:07:07,514	2484	com.bestbuy.testbase.TestBase	[main]	Response Time ==> 20.0
INFO	2020-08-16 00:07:07,517	2487	com.bestbuy.testbase.TestBase	[main]	# check_status_code 
INFO	2020-08-16 00:07:07,517	2487	com.bestbuy.testbase.TestBase	[main]	Status Code ==> 200
INFO	2020-08-16 00:07:07,519	2489	com.bestbuy.testbase.TestBase	[main]	***** End of T001_Get_Product_All *****
INFO	2020-08-16 00:07:07,521	2491	com.bestbuy.testbase.TestBase	[main]	***** Starting T003_Post_Product *****
INFO	2020-08-16 00:07:07,589	2559	com.bestbuy.testbase.TestBase	[main]	# check_content_type
INFO	2020-08-16 00:07:07,589	2559	com.bestbuy.testbase.TestBase	[main]	Content Type ==> application/json; charset=utf-8
INFO	2020-08-16 00:07:07,593	2563	com.bestbuy.testbase.TestBase	[main]	# check_response_body 
INFO	2020-08-16 00:07:07,593	2563	com.bestbuy.testbase.TestBase	[main]	Response Body: {"id":9999707,"image":"SomeImages","shipping":12.99,"price":1000,"name":"Apple Watch Series Ultimate","upc":"654654321","description":"Series 10","model":"Series 10 - Pro","type":"Electronics","url":"someURLS","manufacturer":"Apple Inc.","updatedAt":"2020-08-16T05:07:07.570Z","createdAt":"2020-08-16T05:07:07.570Z"}
INFO	2020-08-16 00:07:07,596	2566	com.bestbuy.testbase.TestBase	[main]	#check_response_time
INFO	2020-08-16 00:07:07,596	2566	com.bestbuy.testbase.TestBase	[main]	Response Time ==> 58.0
INFO	2020-08-16 00:07:07,599	2569	com.bestbuy.testbase.TestBase	[main]	# check_status_code
INFO	2020-08-16 00:07:07,599	2569	com.bestbuy.testbase.TestBase	[main]	Status code ==> 201
INFO	2020-08-16 00:07:07,601	2571	com.bestbuy.testbase.TestBase	[main]	***** End of T001_Get_Product_All *****
INFO	2020-08-16 00:09:03,122	0	com.bestbuy.testbase.TestBase	[main]	***** Starting T001_Get_Product_All *****
INFO	2020-08-16 00:09:04,926	1804	com.bestbuy.testbase.TestBase	[main]	# check_content_type
INFO	2020-08-16 00:09:04,927	1805	com.bestbuy.testbase.TestBase	[main]	Content Type ==> application/json; charset=utf-8
INFO	2020-08-16 00:09:04,946	1824	com.bestbuy.testbase.TestBase	[main]	# check_response_body 
INFO	2020-08-16 00:09:04,967	1845	com.bestbuy.testbase.TestBase	[main]	Response Body: {"total":51986,"limit":10,"skip":0,"data":[{"id":43900,"name":"Duracell - AAA Batteries (4-Pack)","type":"HardGood","price":5.49,"upc":"041333424019","shipping":0,"description":"Compatible with select electronic devices; AAA size; DURALOCK Power Preserve technology; 4-pack","manufacturer":"Duracell","model":"MN2400B4Z","url":"http://www.bestbuy.com/site/duracell-aaa-batteries-4-pack/43900.p?id=1051384074145&skuId=43900&cmp=RMXCC","image":"http://img.bbystatic.com/BestBuy_US/images/products/4390/43900_sa.jpg","createdAt":"2016-11-17T17:58:03.298Z","updatedAt":"2016-11-17T17:58:03.298Z","categories":[{"id":"abcat0208002","name":"Alkaline Batteries","createdAt":"2016-11-17T17:57:04.285Z","updatedAt":"2016-11-17T17:57:04.285Z"},{"id":"pcmcat248700050021","name":"Housewares","createdAt":"2016-11-17T17:57:05.399Z","updatedAt":"2016-11-17T17:57:05.399Z"},{"id":"pcmcat303600050001","name":"Household Batteries","createdAt":"2016-11-17T17:57:04.285Z","updatedAt":"2016-11-17T17:57:04.285Z"},{"id":"pcmcat312300050015","name":"Connected Home & Housewares","createdAt":"2016-11-17T17:57:04.285Z","updatedAt":"2016-11-17T17:57:04.285Z"}]},{"id":48530,"name":"Duracell - AA 1.5V CopperTop Batteries (4-Pack)","type":"HardGood","price":5.49,"upc":"041333415017","shipping":0,"description":"Long-lasting energy; DURALOCK Power Preserve technology; for toys, clocks, radios, games, remotes, PDAs and more","manufacturer":"Duracell","model":"MN1500B4Z","url":"http://www.bestbuy.com/site/duracell-aa-1-5v-coppertop-batteries-4-pack/48530.p?id=1099385268988&skuId=48530&cmp=RMXCC","image":"http://img.bbystatic.com/BestBuy_US/images/products/4853/48530_sa.jpg","createdAt":"2016-11-17T17:58:03.298Z","updatedAt":"2016-11-17T17:58:03.298Z","categories":[{"id":"abcat0208002","name":"Alkaline Batteries","createdAt":"2016-11-17T17:57:04.285Z","updatedAt":"2016-11-17T17:57:04.285Z"},{"id":"pcmcat248700050021","name":"Housewares","createdAt":"2016-11-17T17:57:05.399Z","updatedAt":"2016-11-17T17:57:05.399Z"},{"id":"pcmcat303600050001","name":"Household Batteries","createdAt":"2016-11-17T17:57:04.285Z","updatedAt":"2016-11-17T17:57:04.285Z"},{"id":"pcmcat312300050015","name":"Connected Home & Housewares","createdAt":"2016-11-17T17:57:04.285Z","updatedAt":"2016-11-17T17:57:04.285Z"}]},{"id":127687,"name":"Duracell - AA Batteries (8-Pack)","type":"HardGood","price":7.49,"upc":"041333825014","shipping":0,"description":"Compatible with select electronic devices; AA size; DURALOCK Power Preserve technology; 8-pack","manufacturer":"Duracell","model":"MN1500B8Z","url":"http://www.bestbuy.com/site/duracell-aa-batteries-8-pack/127687.p?id=1051384045676&skuId=127687&cmp=RMXCC","image":"http://img.bbystatic.com/BestBuy_US/images/products/1276/127687_sa.jpg","createdAt":"2016-11-17T17:58:03.298Z","updatedAt":"2016-11-17T17:58:03.298Z","categories":[{"id":"abcat0208002","name":"Alkaline Batteries","createdAt":"2016-11-17T17:57:04.285Z","updatedAt":"2016-11-17T17:57:04.285Z"},{"id":"pcmcat248700050021","name":"Housewares","createdAt":"2016-11-17T17:57:05.399Z","updatedAt":"2016-11-17T17:57:05.399Z"},{"id":"pcmcat303600050001","name":"Household Batteries","createdAt":"2016-11-17T17:57:04.285Z","updatedAt":"2016-11-17T17:57:04.285Z"},{"id":"pcmcat312300050015","name":"Connected Home & Housewares","createdAt":"2016-11-17T17:57:04.285Z","updatedAt":"2016-11-17T17:57:04.285Z"}]},{"id":150115,"name":"Energizer - MAX Batteries AA (4-Pack)","type":"HardGood","price":4.99,"upc":"039800011329","shipping":0,"description":"4-pack AA alkaline batteries; battery tester included","manufacturer":"Energizer","model":"E91BP-4","url":"http://www.bestbuy.com/site/energizer-max-batteries-aa-4-pack/150115.p?id=1051384046217&skuId=150115&cmp=RMXCC","image":"http://img.bbystatic.com/BestBuy_US/images/products/1501/150115_sa.jpg","createdAt":"2016-11-17T17:58:03.298Z","updatedAt":"2016-11-17T17:58:03.298Z","categories":[{"id":"abcat0208002","name":"Alkaline Batteries","createdAt":"2016-11-17T17:57:04.285Z","updatedAt":"2016-11-17T17:57:04.285Z"},{"id":"pcmcat248700050021","name":"Housewares","createdAt":"2016-11-17T17:57:05.399Z","updatedAt":"2016-11-17T17:57:05.399Z"},{"id":"pcmcat303600050001","name":"Household Batteries","createdAt":"2016-11-17T17:57:04.285Z","updatedAt":"2016-11-17T17:57:04.285Z"},{"id":"pcmcat312300050015","name":"Connected Home & Housewares","createdAt":"2016-11-17T17:57:04.285Z","updatedAt":"2016-11-17T17:57:04.285Z"}]},{"id":185230,"name":"Duracell - C Batteries (4-Pack)","type":"HardGood","price":8.99,"upc":"041333440019","shipping":0,"description":"Compatible with select electronic devices; C size; DURALOCK Power Preserve technology; 4-pack","manufacturer":"Duracell","model":"MN1400R4Z","url":"http://www.bestbuy.com/site/duracell-c-batteries-4-pack/185230.p?id=1051384046486&skuId=185230&cmp=RMXCC","image":"http://img.bbystatic.com/BestBuy_US/images/products/1852/185230_sa.jpg","createdAt":"2016-11-17T17:58:03.298Z","updatedAt":"2016-11-17T17:58:03.298Z","categories":[{"id":"abcat0208002","name":"Alkaline Batteries","createdAt":"2016-11-17T17:57:04.285Z","updatedAt":"2016-11-17T17:57:04.285Z"},{"id":"pcmcat248700050021","name":"Housewares","createdAt":"2016-11-17T17:57:05.399Z","updatedAt":"2016-11-17T17:57:05.399Z"},{"id":"pcmcat303600050001","name":"Household Batteries","createdAt":"2016-11-17T17:57:04.285Z","updatedAt":"2016-11-17T17:57:04.285Z"},{"id":"pcmcat312300050015","name":"Connected Home & Housewares","createdAt":"2016-11-17T17:57:04.285Z","updatedAt":"2016-11-17T17:57:04.285Z"}]},{"id":185267,"name":"Duracell - D Batteries (4-Pack)","type":"HardGood","price":9.99,"upc":"041333430010","shipping":0,"description":"Compatible with select electronic devices; D size; DURALOCK Power Preserve technology; 4-pack","manufacturer":"Duracell","model":"MN1300R4Z","url":"http://www.bestbuy.com/site/duracell-d-batteries-4-pack/185267.p?id=1051384046551&skuId=185267&cmp=RMXCC","image":"http://img.bbystatic.com/BestBuy_US/images/products/1852/185267_sa.jpg","createdAt":"2016-11-17T17:58:03.298Z","updatedAt":"2016-11-17T17:58:03.298Z","categories":[{"id":"abcat0208002","name":"Alkaline Batteries","createdAt":"2016-11-17T17:57:04.285Z","updatedAt":"2016-11-17T17:57:04.285Z"},{"id":"pcmcat248700050021","name":"Housewares","createdAt":"2016-11-17T17:57:05.399Z","updatedAt":"2016-11-17T17:57:05.399Z"},{"id":"pcmcat303600050001","name":"Household Batteries","createdAt":"2016-11-17T17:57:04.285Z","updatedAt":"2016-11-17T17:57:04.285Z"},{"id":"pcmcat312300050015","name":"Connected Home & Housewares","createdAt":"2016-11-17T17:57:04.285Z","updatedAt":"2016-11-17T17:57:04.285Z"}]},{"id":309062,"name":"Pioneer - 4\" 3-Way Surface-Mount Speakers with IMPP Composite Cones (Pair) - Black","type":"HardGood","price":144.99,"upc":"012562165141","shipping":0,"description":"80W maximum power (20W RMS); 4\" IMPP composite cone woofer; 3/4\" horn tweeter","manufacturer":"Pioneer","model":"TS-X200","url":"http://www.bestbuy.com/site/pioneer-4-3-way-surface-mount-speakers-with-impp-composite-cones-pair-black/309062.p?id=1218643240258&skuId=309062&cmp=RMXCC","image":"http://img.bbystatic.com/BestBuy_US/images/products/0309/0309062_sa.jpg","createdAt":"2016-11-17T17:58:03.298Z","updatedAt":"2016-11-17T17:58:03.298Z","categories":[{"id":"abcat0300000","name":"Car Electronics & GPS","createdAt":"2016-11-17T17:57:04.285Z","updatedAt":"2016-11-17T17:57:04.285Z"},{"id":"abcat0302000","name":"Car Audio","createdAt":"2016-11-17T17:57:04.285Z","updatedAt":"2016-11-17T17:57:04.285Z"},{"id":"abcat0302005","name":"Car Speakers","createdAt":"2016-11-17T17:57:04.285Z","updatedAt":"2016-11-17T17:57:04.285Z"},{"id":"pcmcat360500050015","name":"4\" Car Speakers","createdAt":"2016-11-17T17:57:04.643Z","updatedAt":"2016-11-17T17:57:04.643Z"}]},{"id":312290,"name":"Duracell - 9V Batteries (2-Pack)","type":"HardGood","price":7.99,"upc":"041333216010","shipping":0,"description":"Compatible with select electronic devices; alkaline chemistry; 9V size; DURALOCK Power Preserve technology; 2-pack","manufacturer":"Duracell","model":"MN1604B2Z","url":"http://www.bestbuy.com/site/duracell-9v-batteries-2-pack/312290.p?id=1051384050321&skuId=312290&cmp=RMXCC","image":"http://img.bbystatic.com/BestBuy_US/images/products/3122/312290_sa.jpg","createdAt":"2016-11-17T17:58:03.298Z","updatedAt":"2016-11-17T17:58:03.298Z","categories":[{"id":"abcat0208002","name":"Alkaline Batteries","createdAt":"2016-11-17T17:57:04.285Z","updatedAt":"2016-11-17T17:57:04.285Z"},{"id":"pcmcat248700050021","name":"Housewares","createdAt":"2016-11-17T17:57:05.399Z","updatedAt":"2016-11-17T17:57:05.399Z"},{"id":"pcmcat303600050001","name":"Household Batteries","createdAt":"2016-11-17T17:57:04.285Z","updatedAt":"2016-11-17T17:57:04.285Z"},{"id":"pcmcat312300050015","name":"Connected Home & Housewares","createdAt":"2016-11-17T17:57:04.285Z","updatedAt":"2016-11-17T17:57:04.285Z"}]},{"id":333179,"name":"Energizer - N Cell E90 Batteries (2-Pack)","type":"HardGood","price":5.99,"upc":"039800013200","shipping":0,"description":"Alkaline batteries; 1.5V","manufacturer":"Energizer","model":"E90BP-2","url":"http://www.bestbuy.com/site/energizer-n-cell-e90-batteries-2-pack/333179.p?id=1185268509951&skuId=333179&cmp=RMXCC","image":"http://img.bbystatic.com/BestBuy_US/images/products/3331/333179_sa.jpg","createdAt":"2016-11-17T17:58:03.298Z","updatedAt":"2016-11-17T17:58:03.298Z","categories":[{"id":"abcat0208006","name":"Specialty Batteries","createdAt":"2016-11-17T17:57:04.285Z","updatedAt":"2016-11-17T17:57:04.285Z"},{"id":"pcmcat248700050021","name":"Housewares","createdAt":"2016-11-17T17:57:05.399Z","updatedAt":"2016-11-17T17:57:05.399Z"},{"id":"pcmcat303600050001","name":"Household Batteries","createdAt":"2016-11-17T17:57:04.285Z","updatedAt":"2016-11-17T17:57:04.285Z"},{"id":"pcmcat312300050015","name":"Connected Home & Housewares","createdAt":"2016-11-17T17:57:04.285Z","updatedAt":"2016-11-17T17:57:04.285Z"}]},{"id":346575,"name":"Metra - Radio Installation Dash Kit for Most 1989-2000 Ford, Lincoln & Mercury Vehicles - Black","type":"HardGood","price":16.99,"upc":"086429002757","shipping":0,"description":"From our expanded online assortment; compatible with most 1989-2000 Ford, Lincoln and Mercury vehicles; snap-in TurboKit offers fast installation; spacer/trim ring; rear support bracket","manufacturer":"Metra","model":"99-5512","url":"http://www.bestbuy.com/site/metra-radio-installation-dash-kit-for-most-1989-2000-ford-lincoln-mercury-vehicles-black/346575.p?id=1218118704590&skuId=346575&cmp=RMXCC","image":"http://img.bbystatic.com/BestBuy_US/images/products/3465/346575_rc.jpg","createdAt":"2016-11-17T17:58:03.298Z","updatedAt":"2016-11-17T17:58:03.298Z","categories":[{"id":"abcat0300000","name":"Car Electronics & GPS","createdAt":"2016-11-17T17:57:04.285Z","updatedAt":"2016-11-17T17:57:04.285Z"},{"id":"pcmcat165900050023","name":"Car Installation Parts & Accessories","createdAt":"2016-11-17T17:57:05.399Z","updatedAt":"2016-11-17T17:57:05.399Z"},{"id":"pcmcat165900050031","name":"Deck Installation Parts","createdAt":"2016-11-17T17:57:05.399Z","updatedAt":"2016-11-17T17:57:05.399Z"},{"id":"pcmcat165900050033","name":"Dash Installation Kits","createdAt":"2016-11-17T17:57:05.399Z","updatedAt":"2016-11-17T17:57:05.399Z"},{"id":"pcmcat331600050007","name":"Car Audio Installation Parts","createdAt":"2016-11-17T17:57:04.643Z","updatedAt":"2016-11-17T17:57:04.643Z"}]}]}
INFO	2020-08-16 00:09:05,571	2449	com.bestbuy.testbase.TestBase	[main]	#check_response_time
INFO	2020-08-16 00:09:05,573	2451	com.bestbuy.testbase.TestBase	[main]	Response Time ==> 777.0
INFO	2020-08-16 00:09:05,575	2453	com.bestbuy.testbase.TestBase	[main]	# check_status_code 
INFO	2020-08-16 00:09:05,575	2453	com.bestbuy.testbase.TestBase	[main]	Status Code ==> 200
INFO	2020-08-16 00:09:05,577	2455	com.bestbuy.testbase.TestBase	[main]	***** End of T001_Get_Product_All *****
INFO	2020-08-16 00:09:05,583	2461	com.bestbuy.testbase.TestBase	[main]	***** Starting T002_Get_Product_Single *****
INFO	2020-08-16 00:09:05,608	2486	com.bestbuy.testbase.TestBase	[main]	# check_content_type
INFO	2020-08-16 00:09:05,608	2486	com.bestbuy.testbase.TestBase	[main]	Content Type ==> application/json; charset=utf-8
INFO	2020-08-16 00:09:05,610	2488	com.bestbuy.testbase.TestBase	[main]	# check_response_body 
INFO	2020-08-16 00:09:05,610	2488	com.bestbuy.testbase.TestBase	[main]	Response Body: {"id":43900,"name":"Duracell - AAA Batteries (4-Pack)","type":"HardGood","price":5.49,"upc":"041333424019","shipping":0,"description":"Compatible with select electronic devices; AAA size; DURALOCK Power Preserve technology; 4-pack","manufacturer":"Duracell","model":"MN2400B4Z","url":"http://www.bestbuy.com/site/duracell-aaa-batteries-4-pack/43900.p?id=1051384074145&skuId=43900&cmp=RMXCC","image":"http://img.bbystatic.com/BestBuy_US/images/products/4390/43900_sa.jpg","createdAt":"2016-11-17T17:58:03.298Z","updatedAt":"2016-11-17T17:58:03.298Z","categories":[{"id":"abcat0208002","name":"Alkaline Batteries","createdAt":"2016-11-17T17:57:04.285Z","updatedAt":"2016-11-17T17:57:04.285Z"},{"id":"pcmcat248700050021","name":"Housewares","createdAt":"2016-11-17T17:57:05.399Z","updatedAt":"2016-11-17T17:57:05.399Z"},{"id":"pcmcat303600050001","name":"Household Batteries","createdAt":"2016-11-17T17:57:04.285Z","updatedAt":"2016-11-17T17:57:04.285Z"},{"id":"pcmcat312300050015","name":"Connected Home & Housewares","createdAt":"2016-11-17T17:57:04.285Z","updatedAt":"2016-11-17T17:57:04.285Z"}]}
INFO	2020-08-16 00:09:05,612	2490	com.bestbuy.testbase.TestBase	[main]	#check_response_content
INFO	2020-08-16 00:09:05,629	2507	com.bestbuy.testbase.TestBase	[main]	#check_response_id
INFO	2020-08-16 00:09:05,642	2520	com.bestbuy.testbase.TestBase	[main]	Product ID ==> 43900
INFO	2020-08-16 00:09:05,645	2523	com.bestbuy.testbase.TestBase	[main]	#check_response_time
INFO	2020-08-16 00:09:05,645	2523	com.bestbuy.testbase.TestBase	[main]	Response Time ==> 20.0
INFO	2020-08-16 00:09:05,647	2525	com.bestbuy.testbase.TestBase	[main]	# check_status_code 
INFO	2020-08-16 00:09:05,647	2525	com.bestbuy.testbase.TestBase	[main]	Status Code ==> 200
INFO	2020-08-16 00:09:05,649	2527	com.bestbuy.testbase.TestBase	[main]	***** End of T001_Get_Product_All *****
INFO	2020-08-16 00:09:05,652	2530	com.bestbuy.testbase.TestBase	[main]	***** Starting T003_Post_Product *****
INFO	2020-08-16 00:09:05,716	2594	com.bestbuy.testbase.TestBase	[main]	# check_content_type
INFO	2020-08-16 00:09:05,716	2594	com.bestbuy.testbase.TestBase	[main]	Content Type ==> application/json; charset=utf-8
INFO	2020-08-16 00:09:05,719	2597	com.bestbuy.testbase.TestBase	[main]	# check_response_body 
INFO	2020-08-16 00:09:05,720	2598	com.bestbuy.testbase.TestBase	[main]	Response Body: {"id":9999708,"image":"SomeImages","shipping":12.99,"price":1000,"name":"Apple Watch Series Ultimate","upc":"654654321","description":"Series 10","model":"Series 10 - Pro","type":"Electronics","url":"someURLS","manufacturer":"Apple Inc.","updatedAt":"2020-08-16T05:09:05.699Z","createdAt":"2020-08-16T05:09:05.699Z"}
INFO	2020-08-16 00:09:05,722	2600	com.bestbuy.testbase.TestBase	[main]	#check_response_time
INFO	2020-08-16 00:09:05,722	2600	com.bestbuy.testbase.TestBase	[main]	Response Time ==> 55.0
INFO	2020-08-16 00:09:05,724	2602	com.bestbuy.testbase.TestBase	[main]	# check_status_code
INFO	2020-08-16 00:09:05,724	2602	com.bestbuy.testbase.TestBase	[main]	Status code ==> 201
INFO	2020-08-16 00:09:05,725	2603	com.bestbuy.testbase.TestBase	[main]	***** End of T001_Get_Product_All *****
INFO	2020-08-16 00:10:31,356	0	com.bestbuy.testbase.TestBase	[main]	***** Starting T001_Get_Product_All *****
INFO	2020-08-16 00:10:33,216	1860	com.bestbuy.testbase.TestBase	[main]	# check_content_type
INFO	2020-08-16 00:10:33,216	1860	com.bestbuy.testbase.TestBase	[main]	Content Type ==> application/json; charset=utf-8
INFO	2020-08-16 00:10:33,235	1879	com.bestbuy.testbase.TestBase	[main]	# check_response_body 
INFO	2020-08-16 00:10:33,255	1899	com.bestbuy.testbase.TestBase	[main]	Response Body: {"total":51987,"limit":10,"skip":0,"data":[{"id":43900,"name":"Duracell - AAA Batteries (4-Pack)","type":"HardGood","price":5.49,"upc":"041333424019","shipping":0,"description":"Compatible with select electronic devices; AAA size; DURALOCK Power Preserve technology; 4-pack","manufacturer":"Duracell","model":"MN2400B4Z","url":"http://www.bestbuy.com/site/duracell-aaa-batteries-4-pack/43900.p?id=1051384074145&skuId=43900&cmp=RMXCC","image":"http://img.bbystatic.com/BestBuy_US/images/products/4390/43900_sa.jpg","createdAt":"2016-11-17T17:58:03.298Z","updatedAt":"2016-11-17T17:58:03.298Z","categories":[{"id":"abcat0208002","name":"Alkaline Batteries","createdAt":"2016-11-17T17:57:04.285Z","updatedAt":"2016-11-17T17:57:04.285Z"},{"id":"pcmcat248700050021","name":"Housewares","createdAt":"2016-11-17T17:57:05.399Z","updatedAt":"2016-11-17T17:57:05.399Z"},{"id":"pcmcat303600050001","name":"Household Batteries","createdAt":"2016-11-17T17:57:04.285Z","updatedAt":"2016-11-17T17:57:04.285Z"},{"id":"pcmcat312300050015","name":"Connected Home & Housewares","createdAt":"2016-11-17T17:57:04.285Z","updatedAt":"2016-11-17T17:57:04.285Z"}]},{"id":48530,"name":"Duracell - AA 1.5V CopperTop Batteries (4-Pack)","type":"HardGood","price":5.49,"upc":"041333415017","shipping":0,"description":"Long-lasting energy; DURALOCK Power Preserve technology; for toys, clocks, radios, games, remotes, PDAs and more","manufacturer":"Duracell","model":"MN1500B4Z","url":"http://www.bestbuy.com/site/duracell-aa-1-5v-coppertop-batteries-4-pack/48530.p?id=1099385268988&skuId=48530&cmp=RMXCC","image":"http://img.bbystatic.com/BestBuy_US/images/products/4853/48530_sa.jpg","createdAt":"2016-11-17T17:58:03.298Z","updatedAt":"2016-11-17T17:58:03.298Z","categories":[{"id":"abcat0208002","name":"Alkaline Batteries","createdAt":"2016-11-17T17:57:04.285Z","updatedAt":"2016-11-17T17:57:04.285Z"},{"id":"pcmcat248700050021","name":"Housewares","createdAt":"2016-11-17T17:57:05.399Z","updatedAt":"2016-11-17T17:57:05.399Z"},{"id":"pcmcat303600050001","name":"Household Batteries","createdAt":"2016-11-17T17:57:04.285Z","updatedAt":"2016-11-17T17:57:04.285Z"},{"id":"pcmcat312300050015","name":"Connected Home & Housewares","createdAt":"2016-11-17T17:57:04.285Z","updatedAt":"2016-11-17T17:57:04.285Z"}]},{"id":127687,"name":"Duracell - AA Batteries (8-Pack)","type":"HardGood","price":7.49,"upc":"041333825014","shipping":0,"description":"Compatible with select electronic devices; AA size; DURALOCK Power Preserve technology; 8-pack","manufacturer":"Duracell","model":"MN1500B8Z","url":"http://www.bestbuy.com/site/duracell-aa-batteries-8-pack/127687.p?id=1051384045676&skuId=127687&cmp=RMXCC","image":"http://img.bbystatic.com/BestBuy_US/images/products/1276/127687_sa.jpg","createdAt":"2016-11-17T17:58:03.298Z","updatedAt":"2016-11-17T17:58:03.298Z","categories":[{"id":"abcat0208002","name":"Alkaline Batteries","createdAt":"2016-11-17T17:57:04.285Z","updatedAt":"2016-11-17T17:57:04.285Z"},{"id":"pcmcat248700050021","name":"Housewares","createdAt":"2016-11-17T17:57:05.399Z","updatedAt":"2016-11-17T17:57:05.399Z"},{"id":"pcmcat303600050001","name":"Household Batteries","createdAt":"2016-11-17T17:57:04.285Z","updatedAt":"2016-11-17T17:57:04.285Z"},{"id":"pcmcat312300050015","name":"Connected Home & Housewares","createdAt":"2016-11-17T17:57:04.285Z","updatedAt":"2016-11-17T17:57:04.285Z"}]},{"id":150115,"name":"Energizer - MAX Batteries AA (4-Pack)","type":"HardGood","price":4.99,"upc":"039800011329","shipping":0,"description":"4-pack AA alkaline batteries; battery tester included","manufacturer":"Energizer","model":"E91BP-4","url":"http://www.bestbuy.com/site/energizer-max-batteries-aa-4-pack/150115.p?id=1051384046217&skuId=150115&cmp=RMXCC","image":"http://img.bbystatic.com/BestBuy_US/images/products/1501/150115_sa.jpg","createdAt":"2016-11-17T17:58:03.298Z","updatedAt":"2016-11-17T17:58:03.298Z","categories":[{"id":"abcat0208002","name":"Alkaline Batteries","createdAt":"2016-11-17T17:57:04.285Z","updatedAt":"2016-11-17T17:57:04.285Z"},{"id":"pcmcat248700050021","name":"Housewares","createdAt":"2016-11-17T17:57:05.399Z","updatedAt":"2016-11-17T17:57:05.399Z"},{"id":"pcmcat303600050001","name":"Household Batteries","createdAt":"2016-11-17T17:57:04.285Z","updatedAt":"2016-11-17T17:57:04.285Z"},{"id":"pcmcat312300050015","name":"Connected Home & Housewares","createdAt":"2016-11-17T17:57:04.285Z","updatedAt":"2016-11-17T17:57:04.285Z"}]},{"id":185230,"name":"Duracell - C Batteries (4-Pack)","type":"HardGood","price":8.99,"upc":"041333440019","shipping":0,"description":"Compatible with select electronic devices; C size; DURALOCK Power Preserve technology; 4-pack","manufacturer":"Duracell","model":"MN1400R4Z","url":"http://www.bestbuy.com/site/duracell-c-batteries-4-pack/185230.p?id=1051384046486&skuId=185230&cmp=RMXCC","image":"http://img.bbystatic.com/BestBuy_US/images/products/1852/185230_sa.jpg","createdAt":"2016-11-17T17:58:03.298Z","updatedAt":"2016-11-17T17:58:03.298Z","categories":[{"id":"abcat0208002","name":"Alkaline Batteries","createdAt":"2016-11-17T17:57:04.285Z","updatedAt":"2016-11-17T17:57:04.285Z"},{"id":"pcmcat248700050021","name":"Housewares","createdAt":"2016-11-17T17:57:05.399Z","updatedAt":"2016-11-17T17:57:05.399Z"},{"id":"pcmcat303600050001","name":"Household Batteries","createdAt":"2016-11-17T17:57:04.285Z","updatedAt":"2016-11-17T17:57:04.285Z"},{"id":"pcmcat312300050015","name":"Connected Home & Housewares","createdAt":"2016-11-17T17:57:04.285Z","updatedAt":"2016-11-17T17:57:04.285Z"}]},{"id":185267,"name":"Duracell - D Batteries (4-Pack)","type":"HardGood","price":9.99,"upc":"041333430010","shipping":0,"description":"Compatible with select electronic devices; D size; DURALOCK Power Preserve technology; 4-pack","manufacturer":"Duracell","model":"MN1300R4Z","url":"http://www.bestbuy.com/site/duracell-d-batteries-4-pack/185267.p?id=1051384046551&skuId=185267&cmp=RMXCC","image":"http://img.bbystatic.com/BestBuy_US/images/products/1852/185267_sa.jpg","createdAt":"2016-11-17T17:58:03.298Z","updatedAt":"2016-11-17T17:58:03.298Z","categories":[{"id":"abcat0208002","name":"Alkaline Batteries","createdAt":"2016-11-17T17:57:04.285Z","updatedAt":"2016-11-17T17:57:04.285Z"},{"id":"pcmcat248700050021","name":"Housewares","createdAt":"2016-11-17T17:57:05.399Z","updatedAt":"2016-11-17T17:57:05.399Z"},{"id":"pcmcat303600050001","name":"Household Batteries","createdAt":"2016-11-17T17:57:04.285Z","updatedAt":"2016-11-17T17:57:04.285Z"},{"id":"pcmcat312300050015","name":"Connected Home & Housewares","createdAt":"2016-11-17T17:57:04.285Z","updatedAt":"2016-11-17T17:57:04.285Z"}]},{"id":309062,"name":"Pioneer - 4\" 3-Way Surface-Mount Speakers with IMPP Composite Cones (Pair) - Black","type":"HardGood","price":144.99,"upc":"012562165141","shipping":0,"description":"80W maximum power (20W RMS); 4\" IMPP composite cone woofer; 3/4\" horn tweeter","manufacturer":"Pioneer","model":"TS-X200","url":"http://www.bestbuy.com/site/pioneer-4-3-way-surface-mount-speakers-with-impp-composite-cones-pair-black/309062.p?id=1218643240258&skuId=309062&cmp=RMXCC","image":"http://img.bbystatic.com/BestBuy_US/images/products/0309/0309062_sa.jpg","createdAt":"2016-11-17T17:58:03.298Z","updatedAt":"2016-11-17T17:58:03.298Z","categories":[{"id":"abcat0300000","name":"Car Electronics & GPS","createdAt":"2016-11-17T17:57:04.285Z","updatedAt":"2016-11-17T17:57:04.285Z"},{"id":"abcat0302000","name":"Car Audio","createdAt":"2016-11-17T17:57:04.285Z","updatedAt":"2016-11-17T17:57:04.285Z"},{"id":"abcat0302005","name":"Car Speakers","createdAt":"2016-11-17T17:57:04.285Z","updatedAt":"2016-11-17T17:57:04.285Z"},{"id":"pcmcat360500050015","name":"4\" Car Speakers","createdAt":"2016-11-17T17:57:04.643Z","updatedAt":"2016-11-17T17:57:04.643Z"}]},{"id":312290,"name":"Duracell - 9V Batteries (2-Pack)","type":"HardGood","price":7.99,"upc":"041333216010","shipping":0,"description":"Compatible with select electronic devices; alkaline chemistry; 9V size; DURALOCK Power Preserve technology; 2-pack","manufacturer":"Duracell","model":"MN1604B2Z","url":"http://www.bestbuy.com/site/duracell-9v-batteries-2-pack/312290.p?id=1051384050321&skuId=312290&cmp=RMXCC","image":"http://img.bbystatic.com/BestBuy_US/images/products/3122/312290_sa.jpg","createdAt":"2016-11-17T17:58:03.298Z","updatedAt":"2016-11-17T17:58:03.298Z","categories":[{"id":"abcat0208002","name":"Alkaline Batteries","createdAt":"2016-11-17T17:57:04.285Z","updatedAt":"2016-11-17T17:57:04.285Z"},{"id":"pcmcat248700050021","name":"Housewares","createdAt":"2016-11-17T17:57:05.399Z","updatedAt":"2016-11-17T17:57:05.399Z"},{"id":"pcmcat303600050001","name":"Household Batteries","createdAt":"2016-11-17T17:57:04.285Z","updatedAt":"2016-11-17T17:57:04.285Z"},{"id":"pcmcat312300050015","name":"Connected Home & Housewares","createdAt":"2016-11-17T17:57:04.285Z","updatedAt":"2016-11-17T17:57:04.285Z"}]},{"id":333179,"name":"Energizer - N Cell E90 Batteries (2-Pack)","type":"HardGood","price":5.99,"upc":"039800013200","shipping":0,"description":"Alkaline batteries; 1.5V","manufacturer":"Energizer","model":"E90BP-2","url":"http://www.bestbuy.com/site/energizer-n-cell-e90-batteries-2-pack/333179.p?id=1185268509951&skuId=333179&cmp=RMXCC","image":"http://img.bbystatic.com/BestBuy_US/images/products/3331/333179_sa.jpg","createdAt":"2016-11-17T17:58:03.298Z","updatedAt":"2016-11-17T17:58:03.298Z","categories":[{"id":"abcat0208006","name":"Specialty Batteries","createdAt":"2016-11-17T17:57:04.285Z","updatedAt":"2016-11-17T17:57:04.285Z"},{"id":"pcmcat248700050021","name":"Housewares","createdAt":"2016-11-17T17:57:05.399Z","updatedAt":"2016-11-17T17:57:05.399Z"},{"id":"pcmcat303600050001","name":"Household Batteries","createdAt":"2016-11-17T17:57:04.285Z","updatedAt":"2016-11-17T17:57:04.285Z"},{"id":"pcmcat312300050015","name":"Connected Home & Housewares","createdAt":"2016-11-17T17:57:04.285Z","updatedAt":"2016-11-17T17:57:04.285Z"}]},{"id":346575,"name":"Metra - Radio Installation Dash Kit for Most 1989-2000 Ford, Lincoln & Mercury Vehicles - Black","type":"HardGood","price":16.99,"upc":"086429002757","shipping":0,"description":"From our expanded online assortment; compatible with most 1989-2000 Ford, Lincoln and Mercury vehicles; snap-in TurboKit offers fast installation; spacer/trim ring; rear support bracket","manufacturer":"Metra","model":"99-5512","url":"http://www.bestbuy.com/site/metra-radio-installation-dash-kit-for-most-1989-2000-ford-lincoln-mercury-vehicles-black/346575.p?id=1218118704590&skuId=346575&cmp=RMXCC","image":"http://img.bbystatic.com/BestBuy_US/images/products/3465/346575_rc.jpg","createdAt":"2016-11-17T17:58:03.298Z","updatedAt":"2016-11-17T17:58:03.298Z","categories":[{"id":"abcat0300000","name":"Car Electronics & GPS","createdAt":"2016-11-17T17:57:04.285Z","updatedAt":"2016-11-17T17:57:04.285Z"},{"id":"pcmcat165900050023","name":"Car Installation Parts & Accessories","createdAt":"2016-11-17T17:57:05.399Z","updatedAt":"2016-11-17T17:57:05.399Z"},{"id":"pcmcat165900050031","name":"Deck Installation Parts","createdAt":"2016-11-17T17:57:05.399Z","updatedAt":"2016-11-17T17:57:05.399Z"},{"id":"pcmcat165900050033","name":"Dash Installation Kits","createdAt":"2016-11-17T17:57:05.399Z","updatedAt":"2016-11-17T17:57:05.399Z"},{"id":"pcmcat331600050007","name":"Car Audio Installation Parts","createdAt":"2016-11-17T17:57:04.643Z","updatedAt":"2016-11-17T17:57:04.643Z"}]}]}
INFO	2020-08-16 00:10:33,870	2514	com.bestbuy.testbase.TestBase	[main]	#check_response_time
INFO	2020-08-16 00:10:33,872	2516	com.bestbuy.testbase.TestBase	[main]	Response Time ==> 797.0
INFO	2020-08-16 00:10:33,875	2519	com.bestbuy.testbase.TestBase	[main]	# check_status_code 
INFO	2020-08-16 00:10:33,875	2519	com.bestbuy.testbase.TestBase	[main]	Status Code ==> 200
INFO	2020-08-16 00:10:33,876	2520	com.bestbuy.testbase.TestBase	[main]	***** End of T001_Get_Product_All *****
INFO	2020-08-16 00:10:33,881	2525	com.bestbuy.testbase.TestBase	[main]	***** Starting T002_Get_Product_Single *****
INFO	2020-08-16 00:10:33,906	2550	com.bestbuy.testbase.TestBase	[main]	# check_content_type
INFO	2020-08-16 00:10:33,906	2550	com.bestbuy.testbase.TestBase	[main]	Content Type ==> application/json; charset=utf-8
INFO	2020-08-16 00:10:33,908	2552	com.bestbuy.testbase.TestBase	[main]	# check_response_body 
INFO	2020-08-16 00:10:33,909	2553	com.bestbuy.testbase.TestBase	[main]	Response Body: {"id":43900,"name":"Duracell - AAA Batteries (4-Pack)","type":"HardGood","price":5.49,"upc":"041333424019","shipping":0,"description":"Compatible with select electronic devices; AAA size; DURALOCK Power Preserve technology; 4-pack","manufacturer":"Duracell","model":"MN2400B4Z","url":"http://www.bestbuy.com/site/duracell-aaa-batteries-4-pack/43900.p?id=1051384074145&skuId=43900&cmp=RMXCC","image":"http://img.bbystatic.com/BestBuy_US/images/products/4390/43900_sa.jpg","createdAt":"2016-11-17T17:58:03.298Z","updatedAt":"2016-11-17T17:58:03.298Z","categories":[{"id":"abcat0208002","name":"Alkaline Batteries","createdAt":"2016-11-17T17:57:04.285Z","updatedAt":"2016-11-17T17:57:04.285Z"},{"id":"pcmcat248700050021","name":"Housewares","createdAt":"2016-11-17T17:57:05.399Z","updatedAt":"2016-11-17T17:57:05.399Z"},{"id":"pcmcat303600050001","name":"Household Batteries","createdAt":"2016-11-17T17:57:04.285Z","updatedAt":"2016-11-17T17:57:04.285Z"},{"id":"pcmcat312300050015","name":"Connected Home & Housewares","createdAt":"2016-11-17T17:57:04.285Z","updatedAt":"2016-11-17T17:57:04.285Z"}]}
INFO	2020-08-16 00:10:33,912	2556	com.bestbuy.testbase.TestBase	[main]	#check_response_content
INFO	2020-08-16 00:10:33,935	2579	com.bestbuy.testbase.TestBase	[main]	#check_response_id
INFO	2020-08-16 00:10:33,949	2593	com.bestbuy.testbase.TestBase	[main]	Product ID ==> 43900
INFO	2020-08-16 00:10:33,952	2596	com.bestbuy.testbase.TestBase	[main]	#check_response_time
INFO	2020-08-16 00:10:33,952	2596	com.bestbuy.testbase.TestBase	[main]	Response Time ==> 18.0
INFO	2020-08-16 00:10:33,955	2599	com.bestbuy.testbase.TestBase	[main]	# check_status_code 
INFO	2020-08-16 00:10:33,956	2600	com.bestbuy.testbase.TestBase	[main]	Status Code ==> 200
INFO	2020-08-16 00:10:33,958	2602	com.bestbuy.testbase.TestBase	[main]	***** End of T001_Get_Product_All *****
INFO	2020-08-16 00:10:33,961	2605	com.bestbuy.testbase.TestBase	[main]	***** Starting T003_Post_Product *****
INFO	2020-08-16 00:10:34,025	2669	com.bestbuy.testbase.TestBase	[main]	# check_content_type
INFO	2020-08-16 00:10:34,026	2670	com.bestbuy.testbase.TestBase	[main]	Content Type ==> application/json; charset=utf-8
INFO	2020-08-16 00:10:34,030	2674	com.bestbuy.testbase.TestBase	[main]	# check_response_body 
INFO	2020-08-16 00:10:34,030	2674	com.bestbuy.testbase.TestBase	[main]	Response Body: {"id":9999709,"image":"SomeImages","shipping":12.99,"price":1000,"name":"Apple Watch Series Ultimate","upc":"654654321","description":"Series 10","model":"Series 10 - Pro","type":"Electronics","url":"someURLS","manufacturer":"Apple Inc.","updatedAt":"2020-08-16T05:10:34.010Z","createdAt":"2020-08-16T05:10:34.010Z"}
INFO	2020-08-16 00:10:34,033	2677	com.bestbuy.testbase.TestBase	[main]	#check_response_time
INFO	2020-08-16 00:10:34,034	2678	com.bestbuy.testbase.TestBase	[main]	Response Time ==> 53.0
INFO	2020-08-16 00:10:34,037	2681	com.bestbuy.testbase.TestBase	[main]	# check_status_code
INFO	2020-08-16 00:10:34,037	2681	com.bestbuy.testbase.TestBase	[main]	Status code ==> 201
INFO	2020-08-16 00:10:34,039	2683	com.bestbuy.testbase.TestBase	[main]	***** End of T001_Get_Product_All *****
INFO	2020-08-16 00:13:09,649	0	com.bestbuy.testbase.TestBase	[main]	***** Starting T001_Get_Product_All *****
INFO	2020-08-16 00:13:11,444	1795	com.bestbuy.testbase.TestBase	[main]	# check_content_type
INFO	2020-08-16 00:13:11,445	1796	com.bestbuy.testbase.TestBase	[main]	Content Type ==> application/json; charset=utf-8
INFO	2020-08-16 00:13:11,464	1815	com.bestbuy.testbase.TestBase	[main]	# check_response_body 
INFO	2020-08-16 00:13:11,487	1838	com.bestbuy.testbase.TestBase	[main]	Response Body: {"total":51988,"limit":10,"skip":0,"data":[{"id":43900,"name":"Duracell - AAA Batteries (4-Pack)","type":"HardGood","price":5.49,"upc":"041333424019","shipping":0,"description":"Compatible with select electronic devices; AAA size; DURALOCK Power Preserve technology; 4-pack","manufacturer":"Duracell","model":"MN2400B4Z","url":"http://www.bestbuy.com/site/duracell-aaa-batteries-4-pack/43900.p?id=1051384074145&skuId=43900&cmp=RMXCC","image":"http://img.bbystatic.com/BestBuy_US/images/products/4390/43900_sa.jpg","createdAt":"2016-11-17T17:58:03.298Z","updatedAt":"2016-11-17T17:58:03.298Z","categories":[{"id":"abcat0208002","name":"Alkaline Batteries","createdAt":"2016-11-17T17:57:04.285Z","updatedAt":"2016-11-17T17:57:04.285Z"},{"id":"pcmcat248700050021","name":"Housewares","createdAt":"2016-11-17T17:57:05.399Z","updatedAt":"2016-11-17T17:57:05.399Z"},{"id":"pcmcat303600050001","name":"Household Batteries","createdAt":"2016-11-17T17:57:04.285Z","updatedAt":"2016-11-17T17:57:04.285Z"},{"id":"pcmcat312300050015","name":"Connected Home & Housewares","createdAt":"2016-11-17T17:57:04.285Z","updatedAt":"2016-11-17T17:57:04.285Z"}]},{"id":48530,"name":"Duracell - AA 1.5V CopperTop Batteries (4-Pack)","type":"HardGood","price":5.49,"upc":"041333415017","shipping":0,"description":"Long-lasting energy; DURALOCK Power Preserve technology; for toys, clocks, radios, games, remotes, PDAs and more","manufacturer":"Duracell","model":"MN1500B4Z","url":"http://www.bestbuy.com/site/duracell-aa-1-5v-coppertop-batteries-4-pack/48530.p?id=1099385268988&skuId=48530&cmp=RMXCC","image":"http://img.bbystatic.com/BestBuy_US/images/products/4853/48530_sa.jpg","createdAt":"2016-11-17T17:58:03.298Z","updatedAt":"2016-11-17T17:58:03.298Z","categories":[{"id":"abcat0208002","name":"Alkaline Batteries","createdAt":"2016-11-17T17:57:04.285Z","updatedAt":"2016-11-17T17:57:04.285Z"},{"id":"pcmcat248700050021","name":"Housewares","createdAt":"2016-11-17T17:57:05.399Z","updatedAt":"2016-11-17T17:57:05.399Z"},{"id":"pcmcat303600050001","name":"Household Batteries","createdAt":"2016-11-17T17:57:04.285Z","updatedAt":"2016-11-17T17:57:04.285Z"},{"id":"pcmcat312300050015","name":"Connected Home & Housewares","createdAt":"2016-11-17T17:57:04.285Z","updatedAt":"2016-11-17T17:57:04.285Z"}]},{"id":127687,"name":"Duracell - AA Batteries (8-Pack)","type":"HardGood","price":7.49,"upc":"041333825014","shipping":0,"description":"Compatible with select electronic devices; AA size; DURALOCK Power Preserve technology; 8-pack","manufacturer":"Duracell","model":"MN1500B8Z","url":"http://www.bestbuy.com/site/duracell-aa-batteries-8-pack/127687.p?id=1051384045676&skuId=127687&cmp=RMXCC","image":"http://img.bbystatic.com/BestBuy_US/images/products/1276/127687_sa.jpg","createdAt":"2016-11-17T17:58:03.298Z","updatedAt":"2016-11-17T17:58:03.298Z","categories":[{"id":"abcat0208002","name":"Alkaline Batteries","createdAt":"2016-11-17T17:57:04.285Z","updatedAt":"2016-11-17T17:57:04.285Z"},{"id":"pcmcat248700050021","name":"Housewares","createdAt":"2016-11-17T17:57:05.399Z","updatedAt":"2016-11-17T17:57:05.399Z"},{"id":"pcmcat303600050001","name":"Household Batteries","createdAt":"2016-11-17T17:57:04.285Z","updatedAt":"2016-11-17T17:57:04.285Z"},{"id":"pcmcat312300050015","name":"Connected Home & Housewares","createdAt":"2016-11-17T17:57:04.285Z","updatedAt":"2016-11-17T17:57:04.285Z"}]},{"id":150115,"name":"Energizer - MAX Batteries AA (4-Pack)","type":"HardGood","price":4.99,"upc":"039800011329","shipping":0,"description":"4-pack AA alkaline batteries; battery tester included","manufacturer":"Energizer","model":"E91BP-4","url":"http://www.bestbuy.com/site/energizer-max-batteries-aa-4-pack/150115.p?id=1051384046217&skuId=150115&cmp=RMXCC","image":"http://img.bbystatic.com/BestBuy_US/images/products/1501/150115_sa.jpg","createdAt":"2016-11-17T17:58:03.298Z","updatedAt":"2016-11-17T17:58:03.298Z","categories":[{"id":"abcat0208002","name":"Alkaline Batteries","createdAt":"2016-11-17T17:57:04.285Z","updatedAt":"2016-11-17T17:57:04.285Z"},{"id":"pcmcat248700050021","name":"Housewares","createdAt":"2016-11-17T17:57:05.399Z","updatedAt":"2016-11-17T17:57:05.399Z"},{"id":"pcmcat303600050001","name":"Household Batteries","createdAt":"2016-11-17T17:57:04.285Z","updatedAt":"2016-11-17T17:57:04.285Z"},{"id":"pcmcat312300050015","name":"Connected Home & Housewares","createdAt":"2016-11-17T17:57:04.285Z","updatedAt":"2016-11-17T17:57:04.285Z"}]},{"id":185230,"name":"Duracell - C Batteries (4-Pack)","type":"HardGood","price":8.99,"upc":"041333440019","shipping":0,"description":"Compatible with select electronic devices; C size; DURALOCK Power Preserve technology; 4-pack","manufacturer":"Duracell","model":"MN1400R4Z","url":"http://www.bestbuy.com/site/duracell-c-batteries-4-pack/185230.p?id=1051384046486&skuId=185230&cmp=RMXCC","image":"http://img.bbystatic.com/BestBuy_US/images/products/1852/185230_sa.jpg","createdAt":"2016-11-17T17:58:03.298Z","updatedAt":"2016-11-17T17:58:03.298Z","categories":[{"id":"abcat0208002","name":"Alkaline Batteries","createdAt":"2016-11-17T17:57:04.285Z","updatedAt":"2016-11-17T17:57:04.285Z"},{"id":"pcmcat248700050021","name":"Housewares","createdAt":"2016-11-17T17:57:05.399Z","updatedAt":"2016-11-17T17:57:05.399Z"},{"id":"pcmcat303600050001","name":"Household Batteries","createdAt":"2016-11-17T17:57:04.285Z","updatedAt":"2016-11-17T17:57:04.285Z"},{"id":"pcmcat312300050015","name":"Connected Home & Housewares","createdAt":"2016-11-17T17:57:04.285Z","updatedAt":"2016-11-17T17:57:04.285Z"}]},{"id":185267,"name":"Duracell - D Batteries (4-Pack)","type":"HardGood","price":9.99,"upc":"041333430010","shipping":0,"description":"Compatible with select electronic devices; D size; DURALOCK Power Preserve technology; 4-pack","manufacturer":"Duracell","model":"MN1300R4Z","url":"http://www.bestbuy.com/site/duracell-d-batteries-4-pack/185267.p?id=1051384046551&skuId=185267&cmp=RMXCC","image":"http://img.bbystatic.com/BestBuy_US/images/products/1852/185267_sa.jpg","createdAt":"2016-11-17T17:58:03.298Z","updatedAt":"2016-11-17T17:58:03.298Z","categories":[{"id":"abcat0208002","name":"Alkaline Batteries","createdAt":"2016-11-17T17:57:04.285Z","updatedAt":"2016-11-17T17:57:04.285Z"},{"id":"pcmcat248700050021","name":"Housewares","createdAt":"2016-11-17T17:57:05.399Z","updatedAt":"2016-11-17T17:57:05.399Z"},{"id":"pcmcat303600050001","name":"Household Batteries","createdAt":"2016-11-17T17:57:04.285Z","updatedAt":"2016-11-17T17:57:04.285Z"},{"id":"pcmcat312300050015","name":"Connected Home & Housewares","createdAt":"2016-11-17T17:57:04.285Z","updatedAt":"2016-11-17T17:57:04.285Z"}]},{"id":309062,"name":"Pioneer - 4\" 3-Way Surface-Mount Speakers with IMPP Composite Cones (Pair) - Black","type":"HardGood","price":144.99,"upc":"012562165141","shipping":0,"description":"80W maximum power (20W RMS); 4\" IMPP composite cone woofer; 3/4\" horn tweeter","manufacturer":"Pioneer","model":"TS-X200","url":"http://www.bestbuy.com/site/pioneer-4-3-way-surface-mount-speakers-with-impp-composite-cones-pair-black/309062.p?id=1218643240258&skuId=309062&cmp=RMXCC","image":"http://img.bbystatic.com/BestBuy_US/images/products/0309/0309062_sa.jpg","createdAt":"2016-11-17T17:58:03.298Z","updatedAt":"2016-11-17T17:58:03.298Z","categories":[{"id":"abcat0300000","name":"Car Electronics & GPS","createdAt":"2016-11-17T17:57:04.285Z","updatedAt":"2016-11-17T17:57:04.285Z"},{"id":"abcat0302000","name":"Car Audio","createdAt":"2016-11-17T17:57:04.285Z","updatedAt":"2016-11-17T17:57:04.285Z"},{"id":"abcat0302005","name":"Car Speakers","createdAt":"2016-11-17T17:57:04.285Z","updatedAt":"2016-11-17T17:57:04.285Z"},{"id":"pcmcat360500050015","name":"4\" Car Speakers","createdAt":"2016-11-17T17:57:04.643Z","updatedAt":"2016-11-17T17:57:04.643Z"}]},{"id":312290,"name":"Duracell - 9V Batteries (2-Pack)","type":"HardGood","price":7.99,"upc":"041333216010","shipping":0,"description":"Compatible with select electronic devices; alkaline chemistry; 9V size; DURALOCK Power Preserve technology; 2-pack","manufacturer":"Duracell","model":"MN1604B2Z","url":"http://www.bestbuy.com/site/duracell-9v-batteries-2-pack/312290.p?id=1051384050321&skuId=312290&cmp=RMXCC","image":"http://img.bbystatic.com/BestBuy_US/images/products/3122/312290_sa.jpg","createdAt":"2016-11-17T17:58:03.298Z","updatedAt":"2016-11-17T17:58:03.298Z","categories":[{"id":"abcat0208002","name":"Alkaline Batteries","createdAt":"2016-11-17T17:57:04.285Z","updatedAt":"2016-11-17T17:57:04.285Z"},{"id":"pcmcat248700050021","name":"Housewares","createdAt":"2016-11-17T17:57:05.399Z","updatedAt":"2016-11-17T17:57:05.399Z"},{"id":"pcmcat303600050001","name":"Household Batteries","createdAt":"2016-11-17T17:57:04.285Z","updatedAt":"2016-11-17T17:57:04.285Z"},{"id":"pcmcat312300050015","name":"Connected Home & Housewares","createdAt":"2016-11-17T17:57:04.285Z","updatedAt":"2016-11-17T17:57:04.285Z"}]},{"id":333179,"name":"Energizer - N Cell E90 Batteries (2-Pack)","type":"HardGood","price":5.99,"upc":"039800013200","shipping":0,"description":"Alkaline batteries; 1.5V","manufacturer":"Energizer","model":"E90BP-2","url":"http://www.bestbuy.com/site/energizer-n-cell-e90-batteries-2-pack/333179.p?id=1185268509951&skuId=333179&cmp=RMXCC","image":"http://img.bbystatic.com/BestBuy_US/images/products/3331/333179_sa.jpg","createdAt":"2016-11-17T17:58:03.298Z","updatedAt":"2016-11-17T17:58:03.298Z","categories":[{"id":"abcat0208006","name":"Specialty Batteries","createdAt":"2016-11-17T17:57:04.285Z","updatedAt":"2016-11-17T17:57:04.285Z"},{"id":"pcmcat248700050021","name":"Housewares","createdAt":"2016-11-17T17:57:05.399Z","updatedAt":"2016-11-17T17:57:05.399Z"},{"id":"pcmcat303600050001","name":"Household Batteries","createdAt":"2016-11-17T17:57:04.285Z","updatedAt":"2016-11-17T17:57:04.285Z"},{"id":"pcmcat312300050015","name":"Connected Home & Housewares","createdAt":"2016-11-17T17:57:04.285Z","updatedAt":"2016-11-17T17:57:04.285Z"}]},{"id":346575,"name":"Metra - Radio Installation Dash Kit for Most 1989-2000 Ford, Lincoln & Mercury Vehicles - Black","type":"HardGood","price":16.99,"upc":"086429002757","shipping":0,"description":"From our expanded online assortment; compatible with most 1989-2000 Ford, Lincoln and Mercury vehicles; snap-in TurboKit offers fast installation; spacer/trim ring; rear support bracket","manufacturer":"Metra","model":"99-5512","url":"http://www.bestbuy.com/site/metra-radio-installation-dash-kit-for-most-1989-2000-ford-lincoln-mercury-vehicles-black/346575.p?id=1218118704590&skuId=346575&cmp=RMXCC","image":"http://img.bbystatic.com/BestBuy_US/images/products/3465/346575_rc.jpg","createdAt":"2016-11-17T17:58:03.298Z","updatedAt":"2016-11-17T17:58:03.298Z","categories":[{"id":"abcat0300000","name":"Car Electronics & GPS","createdAt":"2016-11-17T17:57:04.285Z","updatedAt":"2016-11-17T17:57:04.285Z"},{"id":"pcmcat165900050023","name":"Car Installation Parts & Accessories","createdAt":"2016-11-17T17:57:05.399Z","updatedAt":"2016-11-17T17:57:05.399Z"},{"id":"pcmcat165900050031","name":"Deck Installation Parts","createdAt":"2016-11-17T17:57:05.399Z","updatedAt":"2016-11-17T17:57:05.399Z"},{"id":"pcmcat165900050033","name":"Dash Installation Kits","createdAt":"2016-11-17T17:57:05.399Z","updatedAt":"2016-11-17T17:57:05.399Z"},{"id":"pcmcat331600050007","name":"Car Audio Installation Parts","createdAt":"2016-11-17T17:57:04.643Z","updatedAt":"2016-11-17T17:57:04.643Z"}]}]}
INFO	2020-08-16 00:13:12,098	2449	com.bestbuy.testbase.TestBase	[main]	#check_response_time
INFO	2020-08-16 00:13:12,101	2452	com.bestbuy.testbase.TestBase	[main]	Response Time ==> 798.0
INFO	2020-08-16 00:13:12,104	2455	com.bestbuy.testbase.TestBase	[main]	# check_status_code 
INFO	2020-08-16 00:13:12,104	2455	com.bestbuy.testbase.TestBase	[main]	Status Code ==> 200
INFO	2020-08-16 00:13:12,107	2458	com.bestbuy.testbase.TestBase	[main]	***** End of T001_Get_Product_All *****
INFO	2020-08-16 00:13:12,111	2462	com.bestbuy.testbase.TestBase	[main]	***** Starting T002_Get_Product_Single *****
INFO	2020-08-16 00:13:12,136	2487	com.bestbuy.testbase.TestBase	[main]	# check_content_type
INFO	2020-08-16 00:13:12,136	2487	com.bestbuy.testbase.TestBase	[main]	Content Type ==> application/json; charset=utf-8
INFO	2020-08-16 00:13:12,139	2490	com.bestbuy.testbase.TestBase	[main]	# check_response_body 
INFO	2020-08-16 00:13:12,140	2491	com.bestbuy.testbase.TestBase	[main]	Response Body: {"id":43900,"name":"Duracell - AAA Batteries (4-Pack)","type":"HardGood","price":5.49,"upc":"041333424019","shipping":0,"description":"Compatible with select electronic devices; AAA size; DURALOCK Power Preserve technology; 4-pack","manufacturer":"Duracell","model":"MN2400B4Z","url":"http://www.bestbuy.com/site/duracell-aaa-batteries-4-pack/43900.p?id=1051384074145&skuId=43900&cmp=RMXCC","image":"http://img.bbystatic.com/BestBuy_US/images/products/4390/43900_sa.jpg","createdAt":"2016-11-17T17:58:03.298Z","updatedAt":"2016-11-17T17:58:03.298Z","categories":[{"id":"abcat0208002","name":"Alkaline Batteries","createdAt":"2016-11-17T17:57:04.285Z","updatedAt":"2016-11-17T17:57:04.285Z"},{"id":"pcmcat248700050021","name":"Housewares","createdAt":"2016-11-17T17:57:05.399Z","updatedAt":"2016-11-17T17:57:05.399Z"},{"id":"pcmcat303600050001","name":"Household Batteries","createdAt":"2016-11-17T17:57:04.285Z","updatedAt":"2016-11-17T17:57:04.285Z"},{"id":"pcmcat312300050015","name":"Connected Home & Housewares","createdAt":"2016-11-17T17:57:04.285Z","updatedAt":"2016-11-17T17:57:04.285Z"}]}
INFO	2020-08-16 00:13:12,143	2494	com.bestbuy.testbase.TestBase	[main]	#check_response_content
INFO	2020-08-16 00:13:12,164	2515	com.bestbuy.testbase.TestBase	[main]	#check_response_id
INFO	2020-08-16 00:13:12,178	2529	com.bestbuy.testbase.TestBase	[main]	Product ID ==> 43900
INFO	2020-08-16 00:13:12,181	2532	com.bestbuy.testbase.TestBase	[main]	#check_response_time
INFO	2020-08-16 00:13:12,181	2532	com.bestbuy.testbase.TestBase	[main]	Response Time ==> 20.0
INFO	2020-08-16 00:13:12,183	2534	com.bestbuy.testbase.TestBase	[main]	# check_status_code 
INFO	2020-08-16 00:13:12,184	2535	com.bestbuy.testbase.TestBase	[main]	Status Code ==> 200
INFO	2020-08-16 00:13:12,185	2536	com.bestbuy.testbase.TestBase	[main]	***** End of T001_Get_Product_All *****
INFO	2020-08-16 00:13:12,188	2539	com.bestbuy.testbase.TestBase	[main]	***** Starting T003_Post_Product *****
INFO	2020-08-16 00:13:12,261	2612	com.bestbuy.testbase.TestBase	[main]	# check_content_type
INFO	2020-08-16 00:13:12,262	2613	com.bestbuy.testbase.TestBase	[main]	Content Type ==> application/json; charset=utf-8
INFO	2020-08-16 00:13:12,264	2615	com.bestbuy.testbase.TestBase	[main]	# check_response_body 
INFO	2020-08-16 00:13:12,264	2615	com.bestbuy.testbase.TestBase	[main]	Response Body: {"id":9999710,"image":"SomeImages","shipping":12.99,"price":1000,"name":"Apple Watch Series Ultimate","upc":"654654321","description":"Series 10","model":"Series 10 - Pro","type":"Electronics","url":"someURLS","manufacturer":"Apple Inc.","updatedAt":"2020-08-16T05:13:12.243Z","createdAt":"2020-08-16T05:13:12.243Z"}
INFO	2020-08-16 00:13:12,267	2618	com.bestbuy.testbase.TestBase	[main]	#check_response_time
INFO	2020-08-16 00:13:12,267	2618	com.bestbuy.testbase.TestBase	[main]	Response Time ==> 60.0
INFO	2020-08-16 00:13:12,269	2620	com.bestbuy.testbase.TestBase	[main]	# check_status_code
INFO	2020-08-16 00:13:12,270	2621	com.bestbuy.testbase.TestBase	[main]	Status code ==> 201
INFO	2020-08-16 00:13:12,271	2622	com.bestbuy.testbase.TestBase	[main]	***** End of T001_Get_Product_All *****
INFO	2020-08-16 00:16:16,180	0	com.bestbuy.testbase.TestBase	[main]	***** Starting T001_Get_Product_All *****
INFO	2020-08-16 00:16:17,936	1756	com.bestbuy.testbase.TestBase	[main]	# check_content_type
INFO	2020-08-16 00:16:17,936	1756	com.bestbuy.testbase.TestBase	[main]	Content Type ==> application/json; charset=utf-8
INFO	2020-08-16 00:16:17,953	1773	com.bestbuy.testbase.TestBase	[main]	# check_response_body 
INFO	2020-08-16 00:16:17,977	1797	com.bestbuy.testbase.TestBase	[main]	Response Body: {"total":51989,"limit":10,"skip":0,"data":[{"id":43900,"name":"Duracell - AAA Batteries (4-Pack)","type":"HardGood","price":5.49,"upc":"041333424019","shipping":0,"description":"Compatible with select electronic devices; AAA size; DURALOCK Power Preserve technology; 4-pack","manufacturer":"Duracell","model":"MN2400B4Z","url":"http://www.bestbuy.com/site/duracell-aaa-batteries-4-pack/43900.p?id=1051384074145&skuId=43900&cmp=RMXCC","image":"http://img.bbystatic.com/BestBuy_US/images/products/4390/43900_sa.jpg","createdAt":"2016-11-17T17:58:03.298Z","updatedAt":"2016-11-17T17:58:03.298Z","categories":[{"id":"abcat0208002","name":"Alkaline Batteries","createdAt":"2016-11-17T17:57:04.285Z","updatedAt":"2016-11-17T17:57:04.285Z"},{"id":"pcmcat248700050021","name":"Housewares","createdAt":"2016-11-17T17:57:05.399Z","updatedAt":"2016-11-17T17:57:05.399Z"},{"id":"pcmcat303600050001","name":"Household Batteries","createdAt":"2016-11-17T17:57:04.285Z","updatedAt":"2016-11-17T17:57:04.285Z"},{"id":"pcmcat312300050015","name":"Connected Home & Housewares","createdAt":"2016-11-17T17:57:04.285Z","updatedAt":"2016-11-17T17:57:04.285Z"}]},{"id":48530,"name":"Duracell - AA 1.5V CopperTop Batteries (4-Pack)","type":"HardGood","price":5.49,"upc":"041333415017","shipping":0,"description":"Long-lasting energy; DURALOCK Power Preserve technology; for toys, clocks, radios, games, remotes, PDAs and more","manufacturer":"Duracell","model":"MN1500B4Z","url":"http://www.bestbuy.com/site/duracell-aa-1-5v-coppertop-batteries-4-pack/48530.p?id=1099385268988&skuId=48530&cmp=RMXCC","image":"http://img.bbystatic.com/BestBuy_US/images/products/4853/48530_sa.jpg","createdAt":"2016-11-17T17:58:03.298Z","updatedAt":"2016-11-17T17:58:03.298Z","categories":[{"id":"abcat0208002","name":"Alkaline Batteries","createdAt":"2016-11-17T17:57:04.285Z","updatedAt":"2016-11-17T17:57:04.285Z"},{"id":"pcmcat248700050021","name":"Housewares","createdAt":"2016-11-17T17:57:05.399Z","updatedAt":"2016-11-17T17:57:05.399Z"},{"id":"pcmcat303600050001","name":"Household Batteries","createdAt":"2016-11-17T17:57:04.285Z","updatedAt":"2016-11-17T17:57:04.285Z"},{"id":"pcmcat312300050015","name":"Connected Home & Housewares","createdAt":"2016-11-17T17:57:04.285Z","updatedAt":"2016-11-17T17:57:04.285Z"}]},{"id":127687,"name":"Duracell - AA Batteries (8-Pack)","type":"HardGood","price":7.49,"upc":"041333825014","shipping":0,"description":"Compatible with select electronic devices; AA size; DURALOCK Power Preserve technology; 8-pack","manufacturer":"Duracell","model":"MN1500B8Z","url":"http://www.bestbuy.com/site/duracell-aa-batteries-8-pack/127687.p?id=1051384045676&skuId=127687&cmp=RMXCC","image":"http://img.bbystatic.com/BestBuy_US/images/products/1276/127687_sa.jpg","createdAt":"2016-11-17T17:58:03.298Z","updatedAt":"2016-11-17T17:58:03.298Z","categories":[{"id":"abcat0208002","name":"Alkaline Batteries","createdAt":"2016-11-17T17:57:04.285Z","updatedAt":"2016-11-17T17:57:04.285Z"},{"id":"pcmcat248700050021","name":"Housewares","createdAt":"2016-11-17T17:57:05.399Z","updatedAt":"2016-11-17T17:57:05.399Z"},{"id":"pcmcat303600050001","name":"Household Batteries","createdAt":"2016-11-17T17:57:04.285Z","updatedAt":"2016-11-17T17:57:04.285Z"},{"id":"pcmcat312300050015","name":"Connected Home & Housewares","createdAt":"2016-11-17T17:57:04.285Z","updatedAt":"2016-11-17T17:57:04.285Z"}]},{"id":150115,"name":"Energizer - MAX Batteries AA (4-Pack)","type":"HardGood","price":4.99,"upc":"039800011329","shipping":0,"description":"4-pack AA alkaline batteries; battery tester included","manufacturer":"Energizer","model":"E91BP-4","url":"http://www.bestbuy.com/site/energizer-max-batteries-aa-4-pack/150115.p?id=1051384046217&skuId=150115&cmp=RMXCC","image":"http://img.bbystatic.com/BestBuy_US/images/products/1501/150115_sa.jpg","createdAt":"2016-11-17T17:58:03.298Z","updatedAt":"2016-11-17T17:58:03.298Z","categories":[{"id":"abcat0208002","name":"Alkaline Batteries","createdAt":"2016-11-17T17:57:04.285Z","updatedAt":"2016-11-17T17:57:04.285Z"},{"id":"pcmcat248700050021","name":"Housewares","createdAt":"2016-11-17T17:57:05.399Z","updatedAt":"2016-11-17T17:57:05.399Z"},{"id":"pcmcat303600050001","name":"Household Batteries","createdAt":"2016-11-17T17:57:04.285Z","updatedAt":"2016-11-17T17:57:04.285Z"},{"id":"pcmcat312300050015","name":"Connected Home & Housewares","createdAt":"2016-11-17T17:57:04.285Z","updatedAt":"2016-11-17T17:57:04.285Z"}]},{"id":185230,"name":"Duracell - C Batteries (4-Pack)","type":"HardGood","price":8.99,"upc":"041333440019","shipping":0,"description":"Compatible with select electronic devices; C size; DURALOCK Power Preserve technology; 4-pack","manufacturer":"Duracell","model":"MN1400R4Z","url":"http://www.bestbuy.com/site/duracell-c-batteries-4-pack/185230.p?id=1051384046486&skuId=185230&cmp=RMXCC","image":"http://img.bbystatic.com/BestBuy_US/images/products/1852/185230_sa.jpg","createdAt":"2016-11-17T17:58:03.298Z","updatedAt":"2016-11-17T17:58:03.298Z","categories":[{"id":"abcat0208002","name":"Alkaline Batteries","createdAt":"2016-11-17T17:57:04.285Z","updatedAt":"2016-11-17T17:57:04.285Z"},{"id":"pcmcat248700050021","name":"Housewares","createdAt":"2016-11-17T17:57:05.399Z","updatedAt":"2016-11-17T17:57:05.399Z"},{"id":"pcmcat303600050001","name":"Household Batteries","createdAt":"2016-11-17T17:57:04.285Z","updatedAt":"2016-11-17T17:57:04.285Z"},{"id":"pcmcat312300050015","name":"Connected Home & Housewares","createdAt":"2016-11-17T17:57:04.285Z","updatedAt":"2016-11-17T17:57:04.285Z"}]},{"id":185267,"name":"Duracell - D Batteries (4-Pack)","type":"HardGood","price":9.99,"upc":"041333430010","shipping":0,"description":"Compatible with select electronic devices; D size; DURALOCK Power Preserve technology; 4-pack","manufacturer":"Duracell","model":"MN1300R4Z","url":"http://www.bestbuy.com/site/duracell-d-batteries-4-pack/185267.p?id=1051384046551&skuId=185267&cmp=RMXCC","image":"http://img.bbystatic.com/BestBuy_US/images/products/1852/185267_sa.jpg","createdAt":"2016-11-17T17:58:03.298Z","updatedAt":"2016-11-17T17:58:03.298Z","categories":[{"id":"abcat0208002","name":"Alkaline Batteries","createdAt":"2016-11-17T17:57:04.285Z","updatedAt":"2016-11-17T17:57:04.285Z"},{"id":"pcmcat248700050021","name":"Housewares","createdAt":"2016-11-17T17:57:05.399Z","updatedAt":"2016-11-17T17:57:05.399Z"},{"id":"pcmcat303600050001","name":"Household Batteries","createdAt":"2016-11-17T17:57:04.285Z","updatedAt":"2016-11-17T17:57:04.285Z"},{"id":"pcmcat312300050015","name":"Connected Home & Housewares","createdAt":"2016-11-17T17:57:04.285Z","updatedAt":"2016-11-17T17:57:04.285Z"}]},{"id":309062,"name":"Pioneer - 4\" 3-Way Surface-Mount Speakers with IMPP Composite Cones (Pair) - Black","type":"HardGood","price":144.99,"upc":"012562165141","shipping":0,"description":"80W maximum power (20W RMS); 4\" IMPP composite cone woofer; 3/4\" horn tweeter","manufacturer":"Pioneer","model":"TS-X200","url":"http://www.bestbuy.com/site/pioneer-4-3-way-surface-mount-speakers-with-impp-composite-cones-pair-black/309062.p?id=1218643240258&skuId=309062&cmp=RMXCC","image":"http://img.bbystatic.com/BestBuy_US/images/products/0309/0309062_sa.jpg","createdAt":"2016-11-17T17:58:03.298Z","updatedAt":"2016-11-17T17:58:03.298Z","categories":[{"id":"abcat0300000","name":"Car Electronics & GPS","createdAt":"2016-11-17T17:57:04.285Z","updatedAt":"2016-11-17T17:57:04.285Z"},{"id":"abcat0302000","name":"Car Audio","createdAt":"2016-11-17T17:57:04.285Z","updatedAt":"2016-11-17T17:57:04.285Z"},{"id":"abcat0302005","name":"Car Speakers","createdAt":"2016-11-17T17:57:04.285Z","updatedAt":"2016-11-17T17:57:04.285Z"},{"id":"pcmcat360500050015","name":"4\" Car Speakers","createdAt":"2016-11-17T17:57:04.643Z","updatedAt":"2016-11-17T17:57:04.643Z"}]},{"id":312290,"name":"Duracell - 9V Batteries (2-Pack)","type":"HardGood","price":7.99,"upc":"041333216010","shipping":0,"description":"Compatible with select electronic devices; alkaline chemistry; 9V size; DURALOCK Power Preserve technology; 2-pack","manufacturer":"Duracell","model":"MN1604B2Z","url":"http://www.bestbuy.com/site/duracell-9v-batteries-2-pack/312290.p?id=1051384050321&skuId=312290&cmp=RMXCC","image":"http://img.bbystatic.com/BestBuy_US/images/products/3122/312290_sa.jpg","createdAt":"2016-11-17T17:58:03.298Z","updatedAt":"2016-11-17T17:58:03.298Z","categories":[{"id":"abcat0208002","name":"Alkaline Batteries","createdAt":"2016-11-17T17:57:04.285Z","updatedAt":"2016-11-17T17:57:04.285Z"},{"id":"pcmcat248700050021","name":"Housewares","createdAt":"2016-11-17T17:57:05.399Z","updatedAt":"2016-11-17T17:57:05.399Z"},{"id":"pcmcat303600050001","name":"Household Batteries","createdAt":"2016-11-17T17:57:04.285Z","updatedAt":"2016-11-17T17:57:04.285Z"},{"id":"pcmcat312300050015","name":"Connected Home & Housewares","createdAt":"2016-11-17T17:57:04.285Z","updatedAt":"2016-11-17T17:57:04.285Z"}]},{"id":333179,"name":"Energizer - N Cell E90 Batteries (2-Pack)","type":"HardGood","price":5.99,"upc":"039800013200","shipping":0,"description":"Alkaline batteries; 1.5V","manufacturer":"Energizer","model":"E90BP-2","url":"http://www.bestbuy.com/site/energizer-n-cell-e90-batteries-2-pack/333179.p?id=1185268509951&skuId=333179&cmp=RMXCC","image":"http://img.bbystatic.com/BestBuy_US/images/products/3331/333179_sa.jpg","createdAt":"2016-11-17T17:58:03.298Z","updatedAt":"2016-11-17T17:58:03.298Z","categories":[{"id":"abcat0208006","name":"Specialty Batteries","createdAt":"2016-11-17T17:57:04.285Z","updatedAt":"2016-11-17T17:57:04.285Z"},{"id":"pcmcat248700050021","name":"Housewares","createdAt":"2016-11-17T17:57:05.399Z","updatedAt":"2016-11-17T17:57:05.399Z"},{"id":"pcmcat303600050001","name":"Household Batteries","createdAt":"2016-11-17T17:57:04.285Z","updatedAt":"2016-11-17T17:57:04.285Z"},{"id":"pcmcat312300050015","name":"Connected Home & Housewares","createdAt":"2016-11-17T17:57:04.285Z","updatedAt":"2016-11-17T17:57:04.285Z"}]},{"id":346575,"name":"Metra - Radio Installation Dash Kit for Most 1989-2000 Ford, Lincoln & Mercury Vehicles - Black","type":"HardGood","price":16.99,"upc":"086429002757","shipping":0,"description":"From our expanded online assortment; compatible with most 1989-2000 Ford, Lincoln and Mercury vehicles; snap-in TurboKit offers fast installation; spacer/trim ring; rear support bracket","manufacturer":"Metra","model":"99-5512","url":"http://www.bestbuy.com/site/metra-radio-installation-dash-kit-for-most-1989-2000-ford-lincoln-mercury-vehicles-black/346575.p?id=1218118704590&skuId=346575&cmp=RMXCC","image":"http://img.bbystatic.com/BestBuy_US/images/products/3465/346575_rc.jpg","createdAt":"2016-11-17T17:58:03.298Z","updatedAt":"2016-11-17T17:58:03.298Z","categories":[{"id":"abcat0300000","name":"Car Electronics & GPS","createdAt":"2016-11-17T17:57:04.285Z","updatedAt":"2016-11-17T17:57:04.285Z"},{"id":"pcmcat165900050023","name":"Car Installation Parts & Accessories","createdAt":"2016-11-17T17:57:05.399Z","updatedAt":"2016-11-17T17:57:05.399Z"},{"id":"pcmcat165900050031","name":"Deck Installation Parts","createdAt":"2016-11-17T17:57:05.399Z","updatedAt":"2016-11-17T17:57:05.399Z"},{"id":"pcmcat165900050033","name":"Dash Installation Kits","createdAt":"2016-11-17T17:57:05.399Z","updatedAt":"2016-11-17T17:57:05.399Z"},{"id":"pcmcat331600050007","name":"Car Audio Installation Parts","createdAt":"2016-11-17T17:57:04.643Z","updatedAt":"2016-11-17T17:57:04.643Z"}]}]}
INFO	2020-08-16 00:16:18,614	2434	com.bestbuy.testbase.TestBase	[main]	#check_response_time
INFO	2020-08-16 00:16:18,617	2437	com.bestbuy.testbase.TestBase	[main]	Response Time ==> 771.0
INFO	2020-08-16 00:16:18,620	2440	com.bestbuy.testbase.TestBase	[main]	# check_status_code 
INFO	2020-08-16 00:16:18,621	2441	com.bestbuy.testbase.TestBase	[main]	Status Code ==> 200
INFO	2020-08-16 00:16:18,623	2443	com.bestbuy.testbase.TestBase	[main]	***** End of T001_Get_Product_All *****
INFO	2020-08-16 00:16:18,629	2449	com.bestbuy.testbase.TestBase	[main]	***** Starting T002_Get_Product_Single *****
INFO	2020-08-16 00:16:18,651	2471	com.bestbuy.testbase.TestBase	[main]	# check_content_type
INFO	2020-08-16 00:16:18,651	2471	com.bestbuy.testbase.TestBase	[main]	Content Type ==> application/json; charset=utf-8
INFO	2020-08-16 00:16:18,654	2474	com.bestbuy.testbase.TestBase	[main]	# check_response_body 
INFO	2020-08-16 00:16:18,655	2475	com.bestbuy.testbase.TestBase	[main]	Response Body: {"id":43900,"name":"Duracell - AAA Batteries (4-Pack)","type":"HardGood","price":5.49,"upc":"041333424019","shipping":0,"description":"Compatible with select electronic devices; AAA size; DURALOCK Power Preserve technology; 4-pack","manufacturer":"Duracell","model":"MN2400B4Z","url":"http://www.bestbuy.com/site/duracell-aaa-batteries-4-pack/43900.p?id=1051384074145&skuId=43900&cmp=RMXCC","image":"http://img.bbystatic.com/BestBuy_US/images/products/4390/43900_sa.jpg","createdAt":"2016-11-17T17:58:03.298Z","updatedAt":"2016-11-17T17:58:03.298Z","categories":[{"id":"abcat0208002","name":"Alkaline Batteries","createdAt":"2016-11-17T17:57:04.285Z","updatedAt":"2016-11-17T17:57:04.285Z"},{"id":"pcmcat248700050021","name":"Housewares","createdAt":"2016-11-17T17:57:05.399Z","updatedAt":"2016-11-17T17:57:05.399Z"},{"id":"pcmcat303600050001","name":"Household Batteries","createdAt":"2016-11-17T17:57:04.285Z","updatedAt":"2016-11-17T17:57:04.285Z"},{"id":"pcmcat312300050015","name":"Connected Home & Housewares","createdAt":"2016-11-17T17:57:04.285Z","updatedAt":"2016-11-17T17:57:04.285Z"}]}
INFO	2020-08-16 00:16:18,658	2478	com.bestbuy.testbase.TestBase	[main]	#check_response_content
INFO	2020-08-16 00:16:18,677	2497	com.bestbuy.testbase.TestBase	[main]	#check_response_id
INFO	2020-08-16 00:16:18,689	2509	com.bestbuy.testbase.TestBase	[main]	Product ID ==> 43900
INFO	2020-08-16 00:16:18,691	2511	com.bestbuy.testbase.TestBase	[main]	#check_response_time
INFO	2020-08-16 00:16:18,691	2511	com.bestbuy.testbase.TestBase	[main]	Response Time ==> 17.0
INFO	2020-08-16 00:16:18,695	2515	com.bestbuy.testbase.TestBase	[main]	# check_status_code 
INFO	2020-08-16 00:16:18,695	2515	com.bestbuy.testbase.TestBase	[main]	Status Code ==> 200
INFO	2020-08-16 00:16:18,696	2516	com.bestbuy.testbase.TestBase	[main]	***** End of T001_Get_Product_All *****
INFO	2020-08-16 00:16:18,700	2520	com.bestbuy.testbase.TestBase	[main]	***** Starting T003_Post_Product *****
INFO	2020-08-16 00:16:18,752	2572	com.bestbuy.testbase.TestBase	[main]	# check_content_type
INFO	2020-08-16 00:16:18,752	2572	com.bestbuy.testbase.TestBase	[main]	Content Type ==> application/json; charset=utf-8
INFO	2020-08-16 00:16:18,755	2575	com.bestbuy.testbase.TestBase	[main]	# check_response_body 
INFO	2020-08-16 00:16:18,756	2576	com.bestbuy.testbase.TestBase	[main]	Response Body: {"id":9999711,"image":"SomeImages","shipping":12.99,"price":1000,"name":"Apple Watch Series Ultimate","upc":"654654321","description":"Series 10","model":"Series 10 - Pro","type":"Electronics","url":"someURLS","manufacturer":"Apple Inc.","updatedAt":"2020-08-16T05:16:18.742Z","createdAt":"2020-08-16T05:16:18.742Z"}
INFO	2020-08-16 00:16:18,758	2578	com.bestbuy.testbase.TestBase	[main]	#check_response_time
INFO	2020-08-16 00:16:18,758	2578	com.bestbuy.testbase.TestBase	[main]	Response Time ==> 42.0
INFO	2020-08-16 00:16:18,761	2581	com.bestbuy.testbase.TestBase	[main]	# check_status_code
INFO	2020-08-16 00:16:18,761	2581	com.bestbuy.testbase.TestBase	[main]	Status code ==> 201
INFO	2020-08-16 00:16:18,763	2583	com.bestbuy.testbase.TestBase	[main]	***** End of T001_Get_Product_All *****
INFO	2020-08-16 00:17:29,506	0	com.bestbuy.testbase.TestBase	[main]	***** Starting T001_Get_Product_All *****
INFO	2020-08-16 00:17:31,290	1784	com.bestbuy.testbase.TestBase	[main]	# check_content_type
INFO	2020-08-16 00:17:31,290	1784	com.bestbuy.testbase.TestBase	[main]	Content Type ==> application/json; charset=utf-8
INFO	2020-08-16 00:17:31,308	1802	com.bestbuy.testbase.TestBase	[main]	# check_response_body 
INFO	2020-08-16 00:17:31,330	1824	com.bestbuy.testbase.TestBase	[main]	Response Body: {"total":51990,"limit":10,"skip":0,"data":[{"id":43900,"name":"Duracell - AAA Batteries (4-Pack)","type":"HardGood","price":5.49,"upc":"041333424019","shipping":0,"description":"Compatible with select electronic devices; AAA size; DURALOCK Power Preserve technology; 4-pack","manufacturer":"Duracell","model":"MN2400B4Z","url":"http://www.bestbuy.com/site/duracell-aaa-batteries-4-pack/43900.p?id=1051384074145&skuId=43900&cmp=RMXCC","image":"http://img.bbystatic.com/BestBuy_US/images/products/4390/43900_sa.jpg","createdAt":"2016-11-17T17:58:03.298Z","updatedAt":"2016-11-17T17:58:03.298Z","categories":[{"id":"abcat0208002","name":"Alkaline Batteries","createdAt":"2016-11-17T17:57:04.285Z","updatedAt":"2016-11-17T17:57:04.285Z"},{"id":"pcmcat248700050021","name":"Housewares","createdAt":"2016-11-17T17:57:05.399Z","updatedAt":"2016-11-17T17:57:05.399Z"},{"id":"pcmcat303600050001","name":"Household Batteries","createdAt":"2016-11-17T17:57:04.285Z","updatedAt":"2016-11-17T17:57:04.285Z"},{"id":"pcmcat312300050015","name":"Connected Home & Housewares","createdAt":"2016-11-17T17:57:04.285Z","updatedAt":"2016-11-17T17:57:04.285Z"}]},{"id":48530,"name":"Duracell - AA 1.5V CopperTop Batteries (4-Pack)","type":"HardGood","price":5.49,"upc":"041333415017","shipping":0,"description":"Long-lasting energy; DURALOCK Power Preserve technology; for toys, clocks, radios, games, remotes, PDAs and more","manufacturer":"Duracell","model":"MN1500B4Z","url":"http://www.bestbuy.com/site/duracell-aa-1-5v-coppertop-batteries-4-pack/48530.p?id=1099385268988&skuId=48530&cmp=RMXCC","image":"http://img.bbystatic.com/BestBuy_US/images/products/4853/48530_sa.jpg","createdAt":"2016-11-17T17:58:03.298Z","updatedAt":"2016-11-17T17:58:03.298Z","categories":[{"id":"abcat0208002","name":"Alkaline Batteries","createdAt":"2016-11-17T17:57:04.285Z","updatedAt":"2016-11-17T17:57:04.285Z"},{"id":"pcmcat248700050021","name":"Housewares","createdAt":"2016-11-17T17:57:05.399Z","updatedAt":"2016-11-17T17:57:05.399Z"},{"id":"pcmcat303600050001","name":"Household Batteries","createdAt":"2016-11-17T17:57:04.285Z","updatedAt":"2016-11-17T17:57:04.285Z"},{"id":"pcmcat312300050015","name":"Connected Home & Housewares","createdAt":"2016-11-17T17:57:04.285Z","updatedAt":"2016-11-17T17:57:04.285Z"}]},{"id":127687,"name":"Duracell - AA Batteries (8-Pack)","type":"HardGood","price":7.49,"upc":"041333825014","shipping":0,"description":"Compatible with select electronic devices; AA size; DURALOCK Power Preserve technology; 8-pack","manufacturer":"Duracell","model":"MN1500B8Z","url":"http://www.bestbuy.com/site/duracell-aa-batteries-8-pack/127687.p?id=1051384045676&skuId=127687&cmp=RMXCC","image":"http://img.bbystatic.com/BestBuy_US/images/products/1276/127687_sa.jpg","createdAt":"2016-11-17T17:58:03.298Z","updatedAt":"2016-11-17T17:58:03.298Z","categories":[{"id":"abcat0208002","name":"Alkaline Batteries","createdAt":"2016-11-17T17:57:04.285Z","updatedAt":"2016-11-17T17:57:04.285Z"},{"id":"pcmcat248700050021","name":"Housewares","createdAt":"2016-11-17T17:57:05.399Z","updatedAt":"2016-11-17T17:57:05.399Z"},{"id":"pcmcat303600050001","name":"Household Batteries","createdAt":"2016-11-17T17:57:04.285Z","updatedAt":"2016-11-17T17:57:04.285Z"},{"id":"pcmcat312300050015","name":"Connected Home & Housewares","createdAt":"2016-11-17T17:57:04.285Z","updatedAt":"2016-11-17T17:57:04.285Z"}]},{"id":150115,"name":"Energizer - MAX Batteries AA (4-Pack)","type":"HardGood","price":4.99,"upc":"039800011329","shipping":0,"description":"4-pack AA alkaline batteries; battery tester included","manufacturer":"Energizer","model":"E91BP-4","url":"http://www.bestbuy.com/site/energizer-max-batteries-aa-4-pack/150115.p?id=1051384046217&skuId=150115&cmp=RMXCC","image":"http://img.bbystatic.com/BestBuy_US/images/products/1501/150115_sa.jpg","createdAt":"2016-11-17T17:58:03.298Z","updatedAt":"2016-11-17T17:58:03.298Z","categories":[{"id":"abcat0208002","name":"Alkaline Batteries","createdAt":"2016-11-17T17:57:04.285Z","updatedAt":"2016-11-17T17:57:04.285Z"},{"id":"pcmcat248700050021","name":"Housewares","createdAt":"2016-11-17T17:57:05.399Z","updatedAt":"2016-11-17T17:57:05.399Z"},{"id":"pcmcat303600050001","name":"Household Batteries","createdAt":"2016-11-17T17:57:04.285Z","updatedAt":"2016-11-17T17:57:04.285Z"},{"id":"pcmcat312300050015","name":"Connected Home & Housewares","createdAt":"2016-11-17T17:57:04.285Z","updatedAt":"2016-11-17T17:57:04.285Z"}]},{"id":185230,"name":"Duracell - C Batteries (4-Pack)","type":"HardGood","price":8.99,"upc":"041333440019","shipping":0,"description":"Compatible with select electronic devices; C size; DURALOCK Power Preserve technology; 4-pack","manufacturer":"Duracell","model":"MN1400R4Z","url":"http://www.bestbuy.com/site/duracell-c-batteries-4-pack/185230.p?id=1051384046486&skuId=185230&cmp=RMXCC","image":"http://img.bbystatic.com/BestBuy_US/images/products/1852/185230_sa.jpg","createdAt":"2016-11-17T17:58:03.298Z","updatedAt":"2016-11-17T17:58:03.298Z","categories":[{"id":"abcat0208002","name":"Alkaline Batteries","createdAt":"2016-11-17T17:57:04.285Z","updatedAt":"2016-11-17T17:57:04.285Z"},{"id":"pcmcat248700050021","name":"Housewares","createdAt":"2016-11-17T17:57:05.399Z","updatedAt":"2016-11-17T17:57:05.399Z"},{"id":"pcmcat303600050001","name":"Household Batteries","createdAt":"2016-11-17T17:57:04.285Z","updatedAt":"2016-11-17T17:57:04.285Z"},{"id":"pcmcat312300050015","name":"Connected Home & Housewares","createdAt":"2016-11-17T17:57:04.285Z","updatedAt":"2016-11-17T17:57:04.285Z"}]},{"id":185267,"name":"Duracell - D Batteries (4-Pack)","type":"HardGood","price":9.99,"upc":"041333430010","shipping":0,"description":"Compatible with select electronic devices; D size; DURALOCK Power Preserve technology; 4-pack","manufacturer":"Duracell","model":"MN1300R4Z","url":"http://www.bestbuy.com/site/duracell-d-batteries-4-pack/185267.p?id=1051384046551&skuId=185267&cmp=RMXCC","image":"http://img.bbystatic.com/BestBuy_US/images/products/1852/185267_sa.jpg","createdAt":"2016-11-17T17:58:03.298Z","updatedAt":"2016-11-17T17:58:03.298Z","categories":[{"id":"abcat0208002","name":"Alkaline Batteries","createdAt":"2016-11-17T17:57:04.285Z","updatedAt":"2016-11-17T17:57:04.285Z"},{"id":"pcmcat248700050021","name":"Housewares","createdAt":"2016-11-17T17:57:05.399Z","updatedAt":"2016-11-17T17:57:05.399Z"},{"id":"pcmcat303600050001","name":"Household Batteries","createdAt":"2016-11-17T17:57:04.285Z","updatedAt":"2016-11-17T17:57:04.285Z"},{"id":"pcmcat312300050015","name":"Connected Home & Housewares","createdAt":"2016-11-17T17:57:04.285Z","updatedAt":"2016-11-17T17:57:04.285Z"}]},{"id":309062,"name":"Pioneer - 4\" 3-Way Surface-Mount Speakers with IMPP Composite Cones (Pair) - Black","type":"HardGood","price":144.99,"upc":"012562165141","shipping":0,"description":"80W maximum power (20W RMS); 4\" IMPP composite cone woofer; 3/4\" horn tweeter","manufacturer":"Pioneer","model":"TS-X200","url":"http://www.bestbuy.com/site/pioneer-4-3-way-surface-mount-speakers-with-impp-composite-cones-pair-black/309062.p?id=1218643240258&skuId=309062&cmp=RMXCC","image":"http://img.bbystatic.com/BestBuy_US/images/products/0309/0309062_sa.jpg","createdAt":"2016-11-17T17:58:03.298Z","updatedAt":"2016-11-17T17:58:03.298Z","categories":[{"id":"abcat0300000","name":"Car Electronics & GPS","createdAt":"2016-11-17T17:57:04.285Z","updatedAt":"2016-11-17T17:57:04.285Z"},{"id":"abcat0302000","name":"Car Audio","createdAt":"2016-11-17T17:57:04.285Z","updatedAt":"2016-11-17T17:57:04.285Z"},{"id":"abcat0302005","name":"Car Speakers","createdAt":"2016-11-17T17:57:04.285Z","updatedAt":"2016-11-17T17:57:04.285Z"},{"id":"pcmcat360500050015","name":"4\" Car Speakers","createdAt":"2016-11-17T17:57:04.643Z","updatedAt":"2016-11-17T17:57:04.643Z"}]},{"id":312290,"name":"Duracell - 9V Batteries (2-Pack)","type":"HardGood","price":7.99,"upc":"041333216010","shipping":0,"description":"Compatible with select electronic devices; alkaline chemistry; 9V size; DURALOCK Power Preserve technology; 2-pack","manufacturer":"Duracell","model":"MN1604B2Z","url":"http://www.bestbuy.com/site/duracell-9v-batteries-2-pack/312290.p?id=1051384050321&skuId=312290&cmp=RMXCC","image":"http://img.bbystatic.com/BestBuy_US/images/products/3122/312290_sa.jpg","createdAt":"2016-11-17T17:58:03.298Z","updatedAt":"2016-11-17T17:58:03.298Z","categories":[{"id":"abcat0208002","name":"Alkaline Batteries","createdAt":"2016-11-17T17:57:04.285Z","updatedAt":"2016-11-17T17:57:04.285Z"},{"id":"pcmcat248700050021","name":"Housewares","createdAt":"2016-11-17T17:57:05.399Z","updatedAt":"2016-11-17T17:57:05.399Z"},{"id":"pcmcat303600050001","name":"Household Batteries","createdAt":"2016-11-17T17:57:04.285Z","updatedAt":"2016-11-17T17:57:04.285Z"},{"id":"pcmcat312300050015","name":"Connected Home & Housewares","createdAt":"2016-11-17T17:57:04.285Z","updatedAt":"2016-11-17T17:57:04.285Z"}]},{"id":333179,"name":"Energizer - N Cell E90 Batteries (2-Pack)","type":"HardGood","price":5.99,"upc":"039800013200","shipping":0,"description":"Alkaline batteries; 1.5V","manufacturer":"Energizer","model":"E90BP-2","url":"http://www.bestbuy.com/site/energizer-n-cell-e90-batteries-2-pack/333179.p?id=1185268509951&skuId=333179&cmp=RMXCC","image":"http://img.bbystatic.com/BestBuy_US/images/products/3331/333179_sa.jpg","createdAt":"2016-11-17T17:58:03.298Z","updatedAt":"2016-11-17T17:58:03.298Z","categories":[{"id":"abcat0208006","name":"Specialty Batteries","createdAt":"2016-11-17T17:57:04.285Z","updatedAt":"2016-11-17T17:57:04.285Z"},{"id":"pcmcat248700050021","name":"Housewares","createdAt":"2016-11-17T17:57:05.399Z","updatedAt":"2016-11-17T17:57:05.399Z"},{"id":"pcmcat303600050001","name":"Household Batteries","createdAt":"2016-11-17T17:57:04.285Z","updatedAt":"2016-11-17T17:57:04.285Z"},{"id":"pcmcat312300050015","name":"Connected Home & Housewares","createdAt":"2016-11-17T17:57:04.285Z","updatedAt":"2016-11-17T17:57:04.285Z"}]},{"id":346575,"name":"Metra - Radio Installation Dash Kit for Most 1989-2000 Ford, Lincoln & Mercury Vehicles - Black","type":"HardGood","price":16.99,"upc":"086429002757","shipping":0,"description":"From our expanded online assortment; compatible with most 1989-2000 Ford, Lincoln and Mercury vehicles; snap-in TurboKit offers fast installation; spacer/trim ring; rear support bracket","manufacturer":"Metra","model":"99-5512","url":"http://www.bestbuy.com/site/metra-radio-installation-dash-kit-for-most-1989-2000-ford-lincoln-mercury-vehicles-black/346575.p?id=1218118704590&skuId=346575&cmp=RMXCC","image":"http://img.bbystatic.com/BestBuy_US/images/products/3465/346575_rc.jpg","createdAt":"2016-11-17T17:58:03.298Z","updatedAt":"2016-11-17T17:58:03.298Z","categories":[{"id":"abcat0300000","name":"Car Electronics & GPS","createdAt":"2016-11-17T17:57:04.285Z","updatedAt":"2016-11-17T17:57:04.285Z"},{"id":"pcmcat165900050023","name":"Car Installation Parts & Accessories","createdAt":"2016-11-17T17:57:05.399Z","updatedAt":"2016-11-17T17:57:05.399Z"},{"id":"pcmcat165900050031","name":"Deck Installation Parts","createdAt":"2016-11-17T17:57:05.399Z","updatedAt":"2016-11-17T17:57:05.399Z"},{"id":"pcmcat165900050033","name":"Dash Installation Kits","createdAt":"2016-11-17T17:57:05.399Z","updatedAt":"2016-11-17T17:57:05.399Z"},{"id":"pcmcat331600050007","name":"Car Audio Installation Parts","createdAt":"2016-11-17T17:57:04.643Z","updatedAt":"2016-11-17T17:57:04.643Z"}]}]}
INFO	2020-08-16 00:17:32,011	2505	com.bestbuy.testbase.TestBase	[main]	#check_response_time
INFO	2020-08-16 00:17:32,013	2507	com.bestbuy.testbase.TestBase	[main]	Response Time ==> 760.0
INFO	2020-08-16 00:17:32,016	2510	com.bestbuy.testbase.TestBase	[main]	# check_status_code 
INFO	2020-08-16 00:17:32,016	2510	com.bestbuy.testbase.TestBase	[main]	Status Code ==> 200
INFO	2020-08-16 00:17:32,019	2513	com.bestbuy.testbase.TestBase	[main]	***** End of T001_Get_Product_All *****
INFO	2020-08-16 00:17:32,025	2519	com.bestbuy.testbase.TestBase	[main]	***** Starting T002_Get_Product_Single *****
INFO	2020-08-16 00:17:32,052	2546	com.bestbuy.testbase.TestBase	[main]	# check_content_type
INFO	2020-08-16 00:17:32,052	2546	com.bestbuy.testbase.TestBase	[main]	Content Type ==> application/json; charset=utf-8
INFO	2020-08-16 00:17:32,055	2549	com.bestbuy.testbase.TestBase	[main]	# check_response_body 
INFO	2020-08-16 00:17:32,055	2549	com.bestbuy.testbase.TestBase	[main]	Response Body: {"id":43900,"name":"Duracell - AAA Batteries (4-Pack)","type":"HardGood","price":5.49,"upc":"041333424019","shipping":0,"description":"Compatible with select electronic devices; AAA size; DURALOCK Power Preserve technology; 4-pack","manufacturer":"Duracell","model":"MN2400B4Z","url":"http://www.bestbuy.com/site/duracell-aaa-batteries-4-pack/43900.p?id=1051384074145&skuId=43900&cmp=RMXCC","image":"http://img.bbystatic.com/BestBuy_US/images/products/4390/43900_sa.jpg","createdAt":"2016-11-17T17:58:03.298Z","updatedAt":"2016-11-17T17:58:03.298Z","categories":[{"id":"abcat0208002","name":"Alkaline Batteries","createdAt":"2016-11-17T17:57:04.285Z","updatedAt":"2016-11-17T17:57:04.285Z"},{"id":"pcmcat248700050021","name":"Housewares","createdAt":"2016-11-17T17:57:05.399Z","updatedAt":"2016-11-17T17:57:05.399Z"},{"id":"pcmcat303600050001","name":"Household Batteries","createdAt":"2016-11-17T17:57:04.285Z","updatedAt":"2016-11-17T17:57:04.285Z"},{"id":"pcmcat312300050015","name":"Connected Home & Housewares","createdAt":"2016-11-17T17:57:04.285Z","updatedAt":"2016-11-17T17:57:04.285Z"}]}
INFO	2020-08-16 00:17:32,057	2551	com.bestbuy.testbase.TestBase	[main]	#check_response_content
INFO	2020-08-16 00:17:32,077	2571	com.bestbuy.testbase.TestBase	[main]	#check_response_id
INFO	2020-08-16 00:17:32,093	2587	com.bestbuy.testbase.TestBase	[main]	Product ID ==> 43900
INFO	2020-08-16 00:17:32,097	2591	com.bestbuy.testbase.TestBase	[main]	#check_response_time
INFO	2020-08-16 00:17:32,097	2591	com.bestbuy.testbase.TestBase	[main]	Response Time ==> 21.0
INFO	2020-08-16 00:17:32,100	2594	com.bestbuy.testbase.TestBase	[main]	# check_status_code 
INFO	2020-08-16 00:17:32,100	2594	com.bestbuy.testbase.TestBase	[main]	Status Code ==> 200
INFO	2020-08-16 00:17:32,102	2596	com.bestbuy.testbase.TestBase	[main]	***** End of T001_Get_Product_All *****
INFO	2020-08-16 00:17:32,106	2600	com.bestbuy.testbase.TestBase	[main]	***** Starting T003_Post_Product *****
INFO	2020-08-16 00:17:32,172	2666	com.bestbuy.testbase.TestBase	[main]	# check_content_type
INFO	2020-08-16 00:17:32,172	2666	com.bestbuy.testbase.TestBase	[main]	Content Type ==> application/json; charset=utf-8
INFO	2020-08-16 00:17:32,175	2669	com.bestbuy.testbase.TestBase	[main]	# check_response_body 
INFO	2020-08-16 00:17:32,176	2670	com.bestbuy.testbase.TestBase	[main]	Response Body: {"id":9999712,"image":"SomeImages","shipping":12.99,"price":1000,"name":"Apple Watch Series Ultimate","upc":"654654321","description":"Series 10","model":"Series 10 - Pro","type":"Electronics","url":"someURLS","manufacturer":"Apple Inc.","updatedAt":"2020-08-16T05:17:32.160Z","createdAt":"2020-08-16T05:17:32.160Z"}
INFO	2020-08-16 00:17:32,179	2673	com.bestbuy.testbase.TestBase	[main]	#check_response_time
INFO	2020-08-16 00:17:32,179	2673	com.bestbuy.testbase.TestBase	[main]	Response Time ==> 55.0
INFO	2020-08-16 00:17:32,181	2675	com.bestbuy.testbase.TestBase	[main]	# check_status_code
INFO	2020-08-16 00:17:32,181	2675	com.bestbuy.testbase.TestBase	[main]	Status code ==> 201
INFO	2020-08-16 00:17:32,183	2677	com.bestbuy.testbase.TestBase	[main]	***** End of T001_Get_Product_All *****
INFO	2020-08-16 00:20:08,604	1	com.bestbuy.testbase.TestBase	[main]	***** Starting T001_Get_Product_All *****
INFO	2020-08-16 00:20:10,375	1772	com.bestbuy.testbase.TestBase	[main]	# check_content_type
INFO	2020-08-16 00:20:10,376	1773	com.bestbuy.testbase.TestBase	[main]	Content Type ==> application/json; charset=utf-8
INFO	2020-08-16 00:20:10,393	1790	com.bestbuy.testbase.TestBase	[main]	# check_response_body 
INFO	2020-08-16 00:20:10,415	1812	com.bestbuy.testbase.TestBase	[main]	Response Body: {"total":51991,"limit":10,"skip":0,"data":[{"id":43900,"name":"Duracell - AAA Batteries (4-Pack)","type":"HardGood","price":5.49,"upc":"041333424019","shipping":0,"description":"Compatible with select electronic devices; AAA size; DURALOCK Power Preserve technology; 4-pack","manufacturer":"Duracell","model":"MN2400B4Z","url":"http://www.bestbuy.com/site/duracell-aaa-batteries-4-pack/43900.p?id=1051384074145&skuId=43900&cmp=RMXCC","image":"http://img.bbystatic.com/BestBuy_US/images/products/4390/43900_sa.jpg","createdAt":"2016-11-17T17:58:03.298Z","updatedAt":"2016-11-17T17:58:03.298Z","categories":[{"id":"abcat0208002","name":"Alkaline Batteries","createdAt":"2016-11-17T17:57:04.285Z","updatedAt":"2016-11-17T17:57:04.285Z"},{"id":"pcmcat248700050021","name":"Housewares","createdAt":"2016-11-17T17:57:05.399Z","updatedAt":"2016-11-17T17:57:05.399Z"},{"id":"pcmcat303600050001","name":"Household Batteries","createdAt":"2016-11-17T17:57:04.285Z","updatedAt":"2016-11-17T17:57:04.285Z"},{"id":"pcmcat312300050015","name":"Connected Home & Housewares","createdAt":"2016-11-17T17:57:04.285Z","updatedAt":"2016-11-17T17:57:04.285Z"}]},{"id":48530,"name":"Duracell - AA 1.5V CopperTop Batteries (4-Pack)","type":"HardGood","price":5.49,"upc":"041333415017","shipping":0,"description":"Long-lasting energy; DURALOCK Power Preserve technology; for toys, clocks, radios, games, remotes, PDAs and more","manufacturer":"Duracell","model":"MN1500B4Z","url":"http://www.bestbuy.com/site/duracell-aa-1-5v-coppertop-batteries-4-pack/48530.p?id=1099385268988&skuId=48530&cmp=RMXCC","image":"http://img.bbystatic.com/BestBuy_US/images/products/4853/48530_sa.jpg","createdAt":"2016-11-17T17:58:03.298Z","updatedAt":"2016-11-17T17:58:03.298Z","categories":[{"id":"abcat0208002","name":"Alkaline Batteries","createdAt":"2016-11-17T17:57:04.285Z","updatedAt":"2016-11-17T17:57:04.285Z"},{"id":"pcmcat248700050021","name":"Housewares","createdAt":"2016-11-17T17:57:05.399Z","updatedAt":"2016-11-17T17:57:05.399Z"},{"id":"pcmcat303600050001","name":"Household Batteries","createdAt":"2016-11-17T17:57:04.285Z","updatedAt":"2016-11-17T17:57:04.285Z"},{"id":"pcmcat312300050015","name":"Connected Home & Housewares","createdAt":"2016-11-17T17:57:04.285Z","updatedAt":"2016-11-17T17:57:04.285Z"}]},{"id":127687,"name":"Duracell - AA Batteries (8-Pack)","type":"HardGood","price":7.49,"upc":"041333825014","shipping":0,"description":"Compatible with select electronic devices; AA size; DURALOCK Power Preserve technology; 8-pack","manufacturer":"Duracell","model":"MN1500B8Z","url":"http://www.bestbuy.com/site/duracell-aa-batteries-8-pack/127687.p?id=1051384045676&skuId=127687&cmp=RMXCC","image":"http://img.bbystatic.com/BestBuy_US/images/products/1276/127687_sa.jpg","createdAt":"2016-11-17T17:58:03.298Z","updatedAt":"2016-11-17T17:58:03.298Z","categories":[{"id":"abcat0208002","name":"Alkaline Batteries","createdAt":"2016-11-17T17:57:04.285Z","updatedAt":"2016-11-17T17:57:04.285Z"},{"id":"pcmcat248700050021","name":"Housewares","createdAt":"2016-11-17T17:57:05.399Z","updatedAt":"2016-11-17T17:57:05.399Z"},{"id":"pcmcat303600050001","name":"Household Batteries","createdAt":"2016-11-17T17:57:04.285Z","updatedAt":"2016-11-17T17:57:04.285Z"},{"id":"pcmcat312300050015","name":"Connected Home & Housewares","createdAt":"2016-11-17T17:57:04.285Z","updatedAt":"2016-11-17T17:57:04.285Z"}]},{"id":150115,"name":"Energizer - MAX Batteries AA (4-Pack)","type":"HardGood","price":4.99,"upc":"039800011329","shipping":0,"description":"4-pack AA alkaline batteries; battery tester included","manufacturer":"Energizer","model":"E91BP-4","url":"http://www.bestbuy.com/site/energizer-max-batteries-aa-4-pack/150115.p?id=1051384046217&skuId=150115&cmp=RMXCC","image":"http://img.bbystatic.com/BestBuy_US/images/products/1501/150115_sa.jpg","createdAt":"2016-11-17T17:58:03.298Z","updatedAt":"2016-11-17T17:58:03.298Z","categories":[{"id":"abcat0208002","name":"Alkaline Batteries","createdAt":"2016-11-17T17:57:04.285Z","updatedAt":"2016-11-17T17:57:04.285Z"},{"id":"pcmcat248700050021","name":"Housewares","createdAt":"2016-11-17T17:57:05.399Z","updatedAt":"2016-11-17T17:57:05.399Z"},{"id":"pcmcat303600050001","name":"Household Batteries","createdAt":"2016-11-17T17:57:04.285Z","updatedAt":"2016-11-17T17:57:04.285Z"},{"id":"pcmcat312300050015","name":"Connected Home & Housewares","createdAt":"2016-11-17T17:57:04.285Z","updatedAt":"2016-11-17T17:57:04.285Z"}]},{"id":185230,"name":"Duracell - C Batteries (4-Pack)","type":"HardGood","price":8.99,"upc":"041333440019","shipping":0,"description":"Compatible with select electronic devices; C size; DURALOCK Power Preserve technology; 4-pack","manufacturer":"Duracell","model":"MN1400R4Z","url":"http://www.bestbuy.com/site/duracell-c-batteries-4-pack/185230.p?id=1051384046486&skuId=185230&cmp=RMXCC","image":"http://img.bbystatic.com/BestBuy_US/images/products/1852/185230_sa.jpg","createdAt":"2016-11-17T17:58:03.298Z","updatedAt":"2016-11-17T17:58:03.298Z","categories":[{"id":"abcat0208002","name":"Alkaline Batteries","createdAt":"2016-11-17T17:57:04.285Z","updatedAt":"2016-11-17T17:57:04.285Z"},{"id":"pcmcat248700050021","name":"Housewares","createdAt":"2016-11-17T17:57:05.399Z","updatedAt":"2016-11-17T17:57:05.399Z"},{"id":"pcmcat303600050001","name":"Household Batteries","createdAt":"2016-11-17T17:57:04.285Z","updatedAt":"2016-11-17T17:57:04.285Z"},{"id":"pcmcat312300050015","name":"Connected Home & Housewares","createdAt":"2016-11-17T17:57:04.285Z","updatedAt":"2016-11-17T17:57:04.285Z"}]},{"id":185267,"name":"Duracell - D Batteries (4-Pack)","type":"HardGood","price":9.99,"upc":"041333430010","shipping":0,"description":"Compatible with select electronic devices; D size; DURALOCK Power Preserve technology; 4-pack","manufacturer":"Duracell","model":"MN1300R4Z","url":"http://www.bestbuy.com/site/duracell-d-batteries-4-pack/185267.p?id=1051384046551&skuId=185267&cmp=RMXCC","image":"http://img.bbystatic.com/BestBuy_US/images/products/1852/185267_sa.jpg","createdAt":"2016-11-17T17:58:03.298Z","updatedAt":"2016-11-17T17:58:03.298Z","categories":[{"id":"abcat0208002","name":"Alkaline Batteries","createdAt":"2016-11-17T17:57:04.285Z","updatedAt":"2016-11-17T17:57:04.285Z"},{"id":"pcmcat248700050021","name":"Housewares","createdAt":"2016-11-17T17:57:05.399Z","updatedAt":"2016-11-17T17:57:05.399Z"},{"id":"pcmcat303600050001","name":"Household Batteries","createdAt":"2016-11-17T17:57:04.285Z","updatedAt":"2016-11-17T17:57:04.285Z"},{"id":"pcmcat312300050015","name":"Connected Home & Housewares","createdAt":"2016-11-17T17:57:04.285Z","updatedAt":"2016-11-17T17:57:04.285Z"}]},{"id":309062,"name":"Pioneer - 4\" 3-Way Surface-Mount Speakers with IMPP Composite Cones (Pair) - Black","type":"HardGood","price":144.99,"upc":"012562165141","shipping":0,"description":"80W maximum power (20W RMS); 4\" IMPP composite cone woofer; 3/4\" horn tweeter","manufacturer":"Pioneer","model":"TS-X200","url":"http://www.bestbuy.com/site/pioneer-4-3-way-surface-mount-speakers-with-impp-composite-cones-pair-black/309062.p?id=1218643240258&skuId=309062&cmp=RMXCC","image":"http://img.bbystatic.com/BestBuy_US/images/products/0309/0309062_sa.jpg","createdAt":"2016-11-17T17:58:03.298Z","updatedAt":"2016-11-17T17:58:03.298Z","categories":[{"id":"abcat0300000","name":"Car Electronics & GPS","createdAt":"2016-11-17T17:57:04.285Z","updatedAt":"2016-11-17T17:57:04.285Z"},{"id":"abcat0302000","name":"Car Audio","createdAt":"2016-11-17T17:57:04.285Z","updatedAt":"2016-11-17T17:57:04.285Z"},{"id":"abcat0302005","name":"Car Speakers","createdAt":"2016-11-17T17:57:04.285Z","updatedAt":"2016-11-17T17:57:04.285Z"},{"id":"pcmcat360500050015","name":"4\" Car Speakers","createdAt":"2016-11-17T17:57:04.643Z","updatedAt":"2016-11-17T17:57:04.643Z"}]},{"id":312290,"name":"Duracell - 9V Batteries (2-Pack)","type":"HardGood","price":7.99,"upc":"041333216010","shipping":0,"description":"Compatible with select electronic devices; alkaline chemistry; 9V size; DURALOCK Power Preserve technology; 2-pack","manufacturer":"Duracell","model":"MN1604B2Z","url":"http://www.bestbuy.com/site/duracell-9v-batteries-2-pack/312290.p?id=1051384050321&skuId=312290&cmp=RMXCC","image":"http://img.bbystatic.com/BestBuy_US/images/products/3122/312290_sa.jpg","createdAt":"2016-11-17T17:58:03.298Z","updatedAt":"2016-11-17T17:58:03.298Z","categories":[{"id":"abcat0208002","name":"Alkaline Batteries","createdAt":"2016-11-17T17:57:04.285Z","updatedAt":"2016-11-17T17:57:04.285Z"},{"id":"pcmcat248700050021","name":"Housewares","createdAt":"2016-11-17T17:57:05.399Z","updatedAt":"2016-11-17T17:57:05.399Z"},{"id":"pcmcat303600050001","name":"Household Batteries","createdAt":"2016-11-17T17:57:04.285Z","updatedAt":"2016-11-17T17:57:04.285Z"},{"id":"pcmcat312300050015","name":"Connected Home & Housewares","createdAt":"2016-11-17T17:57:04.285Z","updatedAt":"2016-11-17T17:57:04.285Z"}]},{"id":333179,"name":"Energizer - N Cell E90 Batteries (2-Pack)","type":"HardGood","price":5.99,"upc":"039800013200","shipping":0,"description":"Alkaline batteries; 1.5V","manufacturer":"Energizer","model":"E90BP-2","url":"http://www.bestbuy.com/site/energizer-n-cell-e90-batteries-2-pack/333179.p?id=1185268509951&skuId=333179&cmp=RMXCC","image":"http://img.bbystatic.com/BestBuy_US/images/products/3331/333179_sa.jpg","createdAt":"2016-11-17T17:58:03.298Z","updatedAt":"2016-11-17T17:58:03.298Z","categories":[{"id":"abcat0208006","name":"Specialty Batteries","createdAt":"2016-11-17T17:57:04.285Z","updatedAt":"2016-11-17T17:57:04.285Z"},{"id":"pcmcat248700050021","name":"Housewares","createdAt":"2016-11-17T17:57:05.399Z","updatedAt":"2016-11-17T17:57:05.399Z"},{"id":"pcmcat303600050001","name":"Household Batteries","createdAt":"2016-11-17T17:57:04.285Z","updatedAt":"2016-11-17T17:57:04.285Z"},{"id":"pcmcat312300050015","name":"Connected Home & Housewares","createdAt":"2016-11-17T17:57:04.285Z","updatedAt":"2016-11-17T17:57:04.285Z"}]},{"id":346575,"name":"Metra - Radio Installation Dash Kit for Most 1989-2000 Ford, Lincoln & Mercury Vehicles - Black","type":"HardGood","price":16.99,"upc":"086429002757","shipping":0,"description":"From our expanded online assortment; compatible with most 1989-2000 Ford, Lincoln and Mercury vehicles; snap-in TurboKit offers fast installation; spacer/trim ring; rear support bracket","manufacturer":"Metra","model":"99-5512","url":"http://www.bestbuy.com/site/metra-radio-installation-dash-kit-for-most-1989-2000-ford-lincoln-mercury-vehicles-black/346575.p?id=1218118704590&skuId=346575&cmp=RMXCC","image":"http://img.bbystatic.com/BestBuy_US/images/products/3465/346575_rc.jpg","createdAt":"2016-11-17T17:58:03.298Z","updatedAt":"2016-11-17T17:58:03.298Z","categories":[{"id":"abcat0300000","name":"Car Electronics & GPS","createdAt":"2016-11-17T17:57:04.285Z","updatedAt":"2016-11-17T17:57:04.285Z"},{"id":"pcmcat165900050023","name":"Car Installation Parts & Accessories","createdAt":"2016-11-17T17:57:05.399Z","updatedAt":"2016-11-17T17:57:05.399Z"},{"id":"pcmcat165900050031","name":"Deck Installation Parts","createdAt":"2016-11-17T17:57:05.399Z","updatedAt":"2016-11-17T17:57:05.399Z"},{"id":"pcmcat165900050033","name":"Dash Installation Kits","createdAt":"2016-11-17T17:57:05.399Z","updatedAt":"2016-11-17T17:57:05.399Z"},{"id":"pcmcat331600050007","name":"Car Audio Installation Parts","createdAt":"2016-11-17T17:57:04.643Z","updatedAt":"2016-11-17T17:57:04.643Z"}]}]}
INFO	2020-08-16 00:20:11,032	2429	com.bestbuy.testbase.TestBase	[main]	#check_response_time
INFO	2020-08-16 00:20:11,034	2431	com.bestbuy.testbase.TestBase	[main]	Response Time ==> 749.0
INFO	2020-08-16 00:20:11,036	2433	com.bestbuy.testbase.TestBase	[main]	# check_status_code 
INFO	2020-08-16 00:20:11,036	2433	com.bestbuy.testbase.TestBase	[main]	Status Code ==> 200
INFO	2020-08-16 00:20:11,039	2436	com.bestbuy.testbase.TestBase	[main]	***** End of T001_Get_Product_All *****
INFO	2020-08-16 00:20:11,044	2441	com.bestbuy.testbase.TestBase	[main]	***** Starting T002_Get_Product_Single *****
INFO	2020-08-16 00:20:11,066	2463	com.bestbuy.testbase.TestBase	[main]	# check_content_type
INFO	2020-08-16 00:20:11,066	2463	com.bestbuy.testbase.TestBase	[main]	Content Type ==> application/json; charset=utf-8
INFO	2020-08-16 00:20:11,069	2466	com.bestbuy.testbase.TestBase	[main]	# check_response_body 
INFO	2020-08-16 00:20:11,070	2467	com.bestbuy.testbase.TestBase	[main]	Response Body: {"id":43900,"name":"Duracell - AAA Batteries (4-Pack)","type":"HardGood","price":5.49,"upc":"041333424019","shipping":0,"description":"Compatible with select electronic devices; AAA size; DURALOCK Power Preserve technology; 4-pack","manufacturer":"Duracell","model":"MN2400B4Z","url":"http://www.bestbuy.com/site/duracell-aaa-batteries-4-pack/43900.p?id=1051384074145&skuId=43900&cmp=RMXCC","image":"http://img.bbystatic.com/BestBuy_US/images/products/4390/43900_sa.jpg","createdAt":"2016-11-17T17:58:03.298Z","updatedAt":"2016-11-17T17:58:03.298Z","categories":[{"id":"abcat0208002","name":"Alkaline Batteries","createdAt":"2016-11-17T17:57:04.285Z","updatedAt":"2016-11-17T17:57:04.285Z"},{"id":"pcmcat248700050021","name":"Housewares","createdAt":"2016-11-17T17:57:05.399Z","updatedAt":"2016-11-17T17:57:05.399Z"},{"id":"pcmcat303600050001","name":"Household Batteries","createdAt":"2016-11-17T17:57:04.285Z","updatedAt":"2016-11-17T17:57:04.285Z"},{"id":"pcmcat312300050015","name":"Connected Home & Housewares","createdAt":"2016-11-17T17:57:04.285Z","updatedAt":"2016-11-17T17:57:04.285Z"}]}
INFO	2020-08-16 00:20:11,073	2470	com.bestbuy.testbase.TestBase	[main]	#check_response_content
INFO	2020-08-16 00:20:11,093	2490	com.bestbuy.testbase.TestBase	[main]	#check_response_id
INFO	2020-08-16 00:20:11,110	2507	com.bestbuy.testbase.TestBase	[main]	Product ID ==> 43900
INFO	2020-08-16 00:20:11,113	2510	com.bestbuy.testbase.TestBase	[main]	#check_response_time
INFO	2020-08-16 00:20:11,113	2510	com.bestbuy.testbase.TestBase	[main]	Response Time ==> 17.0
INFO	2020-08-16 00:20:11,115	2512	com.bestbuy.testbase.TestBase	[main]	# check_status_code 
INFO	2020-08-16 00:20:11,115	2512	com.bestbuy.testbase.TestBase	[main]	Status Code ==> 200
INFO	2020-08-16 00:20:11,117	2514	com.bestbuy.testbase.TestBase	[main]	***** End of T001_Get_Product_All *****
INFO	2020-08-16 00:20:11,120	2517	com.bestbuy.testbase.TestBase	[main]	***** Starting T003_Post_Product *****
INFO	2020-08-16 00:20:11,211	2608	com.bestbuy.testbase.TestBase	[main]	# check_content_type
INFO	2020-08-16 00:20:11,212	2609	com.bestbuy.testbase.TestBase	[main]	Content Type ==> application/json; charset=utf-8
INFO	2020-08-16 00:20:11,213	2610	com.bestbuy.testbase.TestBase	[main]	# check_response_body 
INFO	2020-08-16 00:20:11,214	2611	com.bestbuy.testbase.TestBase	[main]	Response Body: {"id":9999713,"image":"SomeImages","shipping":12.99,"price":1000,"name":"Apple Watch Series Ultimate","upc":"654654321","description":"Series 10","model":"Series 10 - Pro","type":"Electronics","url":"someURLS","manufacturer":"Apple Inc.","updatedAt":"2020-08-16T05:20:11.172Z","createdAt":"2020-08-16T05:20:11.172Z"}
INFO	2020-08-16 00:20:11,216	2613	com.bestbuy.testbase.TestBase	[main]	#check_response_time
INFO	2020-08-16 00:20:11,216	2613	com.bestbuy.testbase.TestBase	[main]	Response Time ==> 77.0
INFO	2020-08-16 00:20:11,218	2615	com.bestbuy.testbase.TestBase	[main]	# check_status_code
INFO	2020-08-16 00:20:11,219	2616	com.bestbuy.testbase.TestBase	[main]	Status code ==> 201
INFO	2020-08-16 00:20:11,220	2617	com.bestbuy.testbase.TestBase	[main]	***** End of T001_Get_Product_All *****
INFO	2020-08-16 00:22:03,537	0	com.bestbuy.testbase.TestBase	[main]	***** Starting T001_Get_Product_All *****
INFO	2020-08-16 00:22:05,609	2072	com.bestbuy.testbase.TestBase	[main]	# check_content_type
INFO	2020-08-16 00:22:05,609	2072	com.bestbuy.testbase.TestBase	[main]	Content Type ==> application/json; charset=utf-8
INFO	2020-08-16 00:22:05,628	2091	com.bestbuy.testbase.TestBase	[main]	# check_response_body 
INFO	2020-08-16 00:22:05,651	2114	com.bestbuy.testbase.TestBase	[main]	Response Body: {"total":51992,"limit":10,"skip":0,"data":[{"id":43900,"name":"Duracell - AAA Batteries (4-Pack)","type":"HardGood","price":5.49,"upc":"041333424019","shipping":0,"description":"Compatible with select electronic devices; AAA size; DURALOCK Power Preserve technology; 4-pack","manufacturer":"Duracell","model":"MN2400B4Z","url":"http://www.bestbuy.com/site/duracell-aaa-batteries-4-pack/43900.p?id=1051384074145&skuId=43900&cmp=RMXCC","image":"http://img.bbystatic.com/BestBuy_US/images/products/4390/43900_sa.jpg","createdAt":"2016-11-17T17:58:03.298Z","updatedAt":"2016-11-17T17:58:03.298Z","categories":[{"id":"abcat0208002","name":"Alkaline Batteries","createdAt":"2016-11-17T17:57:04.285Z","updatedAt":"2016-11-17T17:57:04.285Z"},{"id":"pcmcat248700050021","name":"Housewares","createdAt":"2016-11-17T17:57:05.399Z","updatedAt":"2016-11-17T17:57:05.399Z"},{"id":"pcmcat303600050001","name":"Household Batteries","createdAt":"2016-11-17T17:57:04.285Z","updatedAt":"2016-11-17T17:57:04.285Z"},{"id":"pcmcat312300050015","name":"Connected Home & Housewares","createdAt":"2016-11-17T17:57:04.285Z","updatedAt":"2016-11-17T17:57:04.285Z"}]},{"id":48530,"name":"Duracell - AA 1.5V CopperTop Batteries (4-Pack)","type":"HardGood","price":5.49,"upc":"041333415017","shipping":0,"description":"Long-lasting energy; DURALOCK Power Preserve technology; for toys, clocks, radios, games, remotes, PDAs and more","manufacturer":"Duracell","model":"MN1500B4Z","url":"http://www.bestbuy.com/site/duracell-aa-1-5v-coppertop-batteries-4-pack/48530.p?id=1099385268988&skuId=48530&cmp=RMXCC","image":"http://img.bbystatic.com/BestBuy_US/images/products/4853/48530_sa.jpg","createdAt":"2016-11-17T17:58:03.298Z","updatedAt":"2016-11-17T17:58:03.298Z","categories":[{"id":"abcat0208002","name":"Alkaline Batteries","createdAt":"2016-11-17T17:57:04.285Z","updatedAt":"2016-11-17T17:57:04.285Z"},{"id":"pcmcat248700050021","name":"Housewares","createdAt":"2016-11-17T17:57:05.399Z","updatedAt":"2016-11-17T17:57:05.399Z"},{"id":"pcmcat303600050001","name":"Household Batteries","createdAt":"2016-11-17T17:57:04.285Z","updatedAt":"2016-11-17T17:57:04.285Z"},{"id":"pcmcat312300050015","name":"Connected Home & Housewares","createdAt":"2016-11-17T17:57:04.285Z","updatedAt":"2016-11-17T17:57:04.285Z"}]},{"id":127687,"name":"Duracell - AA Batteries (8-Pack)","type":"HardGood","price":7.49,"upc":"041333825014","shipping":0,"description":"Compatible with select electronic devices; AA size; DURALOCK Power Preserve technology; 8-pack","manufacturer":"Duracell","model":"MN1500B8Z","url":"http://www.bestbuy.com/site/duracell-aa-batteries-8-pack/127687.p?id=1051384045676&skuId=127687&cmp=RMXCC","image":"http://img.bbystatic.com/BestBuy_US/images/products/1276/127687_sa.jpg","createdAt":"2016-11-17T17:58:03.298Z","updatedAt":"2016-11-17T17:58:03.298Z","categories":[{"id":"abcat0208002","name":"Alkaline Batteries","createdAt":"2016-11-17T17:57:04.285Z","updatedAt":"2016-11-17T17:57:04.285Z"},{"id":"pcmcat248700050021","name":"Housewares","createdAt":"2016-11-17T17:57:05.399Z","updatedAt":"2016-11-17T17:57:05.399Z"},{"id":"pcmcat303600050001","name":"Household Batteries","createdAt":"2016-11-17T17:57:04.285Z","updatedAt":"2016-11-17T17:57:04.285Z"},{"id":"pcmcat312300050015","name":"Connected Home & Housewares","createdAt":"2016-11-17T17:57:04.285Z","updatedAt":"2016-11-17T17:57:04.285Z"}]},{"id":150115,"name":"Energizer - MAX Batteries AA (4-Pack)","type":"HardGood","price":4.99,"upc":"039800011329","shipping":0,"description":"4-pack AA alkaline batteries; battery tester included","manufacturer":"Energizer","model":"E91BP-4","url":"http://www.bestbuy.com/site/energizer-max-batteries-aa-4-pack/150115.p?id=1051384046217&skuId=150115&cmp=RMXCC","image":"http://img.bbystatic.com/BestBuy_US/images/products/1501/150115_sa.jpg","createdAt":"2016-11-17T17:58:03.298Z","updatedAt":"2016-11-17T17:58:03.298Z","categories":[{"id":"abcat0208002","name":"Alkaline Batteries","createdAt":"2016-11-17T17:57:04.285Z","updatedAt":"2016-11-17T17:57:04.285Z"},{"id":"pcmcat248700050021","name":"Housewares","createdAt":"2016-11-17T17:57:05.399Z","updatedAt":"2016-11-17T17:57:05.399Z"},{"id":"pcmcat303600050001","name":"Household Batteries","createdAt":"2016-11-17T17:57:04.285Z","updatedAt":"2016-11-17T17:57:04.285Z"},{"id":"pcmcat312300050015","name":"Connected Home & Housewares","createdAt":"2016-11-17T17:57:04.285Z","updatedAt":"2016-11-17T17:57:04.285Z"}]},{"id":185230,"name":"Duracell - C Batteries (4-Pack)","type":"HardGood","price":8.99,"upc":"041333440019","shipping":0,"description":"Compatible with select electronic devices; C size; DURALOCK Power Preserve technology; 4-pack","manufacturer":"Duracell","model":"MN1400R4Z","url":"http://www.bestbuy.com/site/duracell-c-batteries-4-pack/185230.p?id=1051384046486&skuId=185230&cmp=RMXCC","image":"http://img.bbystatic.com/BestBuy_US/images/products/1852/185230_sa.jpg","createdAt":"2016-11-17T17:58:03.298Z","updatedAt":"2016-11-17T17:58:03.298Z","categories":[{"id":"abcat0208002","name":"Alkaline Batteries","createdAt":"2016-11-17T17:57:04.285Z","updatedAt":"2016-11-17T17:57:04.285Z"},{"id":"pcmcat248700050021","name":"Housewares","createdAt":"2016-11-17T17:57:05.399Z","updatedAt":"2016-11-17T17:57:05.399Z"},{"id":"pcmcat303600050001","name":"Household Batteries","createdAt":"2016-11-17T17:57:04.285Z","updatedAt":"2016-11-17T17:57:04.285Z"},{"id":"pcmcat312300050015","name":"Connected Home & Housewares","createdAt":"2016-11-17T17:57:04.285Z","updatedAt":"2016-11-17T17:57:04.285Z"}]},{"id":185267,"name":"Duracell - D Batteries (4-Pack)","type":"HardGood","price":9.99,"upc":"041333430010","shipping":0,"description":"Compatible with select electronic devices; D size; DURALOCK Power Preserve technology; 4-pack","manufacturer":"Duracell","model":"MN1300R4Z","url":"http://www.bestbuy.com/site/duracell-d-batteries-4-pack/185267.p?id=1051384046551&skuId=185267&cmp=RMXCC","image":"http://img.bbystatic.com/BestBuy_US/images/products/1852/185267_sa.jpg","createdAt":"2016-11-17T17:58:03.298Z","updatedAt":"2016-11-17T17:58:03.298Z","categories":[{"id":"abcat0208002","name":"Alkaline Batteries","createdAt":"2016-11-17T17:57:04.285Z","updatedAt":"2016-11-17T17:57:04.285Z"},{"id":"pcmcat248700050021","name":"Housewares","createdAt":"2016-11-17T17:57:05.399Z","updatedAt":"2016-11-17T17:57:05.399Z"},{"id":"pcmcat303600050001","name":"Household Batteries","createdAt":"2016-11-17T17:57:04.285Z","updatedAt":"2016-11-17T17:57:04.285Z"},{"id":"pcmcat312300050015","name":"Connected Home & Housewares","createdAt":"2016-11-17T17:57:04.285Z","updatedAt":"2016-11-17T17:57:04.285Z"}]},{"id":309062,"name":"Pioneer - 4\" 3-Way Surface-Mount Speakers with IMPP Composite Cones (Pair) - Black","type":"HardGood","price":144.99,"upc":"012562165141","shipping":0,"description":"80W maximum power (20W RMS); 4\" IMPP composite cone woofer; 3/4\" horn tweeter","manufacturer":"Pioneer","model":"TS-X200","url":"http://www.bestbuy.com/site/pioneer-4-3-way-surface-mount-speakers-with-impp-composite-cones-pair-black/309062.p?id=1218643240258&skuId=309062&cmp=RMXCC","image":"http://img.bbystatic.com/BestBuy_US/images/products/0309/0309062_sa.jpg","createdAt":"2016-11-17T17:58:03.298Z","updatedAt":"2016-11-17T17:58:03.298Z","categories":[{"id":"abcat0300000","name":"Car Electronics & GPS","createdAt":"2016-11-17T17:57:04.285Z","updatedAt":"2016-11-17T17:57:04.285Z"},{"id":"abcat0302000","name":"Car Audio","createdAt":"2016-11-17T17:57:04.285Z","updatedAt":"2016-11-17T17:57:04.285Z"},{"id":"abcat0302005","name":"Car Speakers","createdAt":"2016-11-17T17:57:04.285Z","updatedAt":"2016-11-17T17:57:04.285Z"},{"id":"pcmcat360500050015","name":"4\" Car Speakers","createdAt":"2016-11-17T17:57:04.643Z","updatedAt":"2016-11-17T17:57:04.643Z"}]},{"id":312290,"name":"Duracell - 9V Batteries (2-Pack)","type":"HardGood","price":7.99,"upc":"041333216010","shipping":0,"description":"Compatible with select electronic devices; alkaline chemistry; 9V size; DURALOCK Power Preserve technology; 2-pack","manufacturer":"Duracell","model":"MN1604B2Z","url":"http://www.bestbuy.com/site/duracell-9v-batteries-2-pack/312290.p?id=1051384050321&skuId=312290&cmp=RMXCC","image":"http://img.bbystatic.com/BestBuy_US/images/products/3122/312290_sa.jpg","createdAt":"2016-11-17T17:58:03.298Z","updatedAt":"2016-11-17T17:58:03.298Z","categories":[{"id":"abcat0208002","name":"Alkaline Batteries","createdAt":"2016-11-17T17:57:04.285Z","updatedAt":"2016-11-17T17:57:04.285Z"},{"id":"pcmcat248700050021","name":"Housewares","createdAt":"2016-11-17T17:57:05.399Z","updatedAt":"2016-11-17T17:57:05.399Z"},{"id":"pcmcat303600050001","name":"Household Batteries","createdAt":"2016-11-17T17:57:04.285Z","updatedAt":"2016-11-17T17:57:04.285Z"},{"id":"pcmcat312300050015","name":"Connected Home & Housewares","createdAt":"2016-11-17T17:57:04.285Z","updatedAt":"2016-11-17T17:57:04.285Z"}]},{"id":333179,"name":"Energizer - N Cell E90 Batteries (2-Pack)","type":"HardGood","price":5.99,"upc":"039800013200","shipping":0,"description":"Alkaline batteries; 1.5V","manufacturer":"Energizer","model":"E90BP-2","url":"http://www.bestbuy.com/site/energizer-n-cell-e90-batteries-2-pack/333179.p?id=1185268509951&skuId=333179&cmp=RMXCC","image":"http://img.bbystatic.com/BestBuy_US/images/products/3331/333179_sa.jpg","createdAt":"2016-11-17T17:58:03.298Z","updatedAt":"2016-11-17T17:58:03.298Z","categories":[{"id":"abcat0208006","name":"Specialty Batteries","createdAt":"2016-11-17T17:57:04.285Z","updatedAt":"2016-11-17T17:57:04.285Z"},{"id":"pcmcat248700050021","name":"Housewares","createdAt":"2016-11-17T17:57:05.399Z","updatedAt":"2016-11-17T17:57:05.399Z"},{"id":"pcmcat303600050001","name":"Household Batteries","createdAt":"2016-11-17T17:57:04.285Z","updatedAt":"2016-11-17T17:57:04.285Z"},{"id":"pcmcat312300050015","name":"Connected Home & Housewares","createdAt":"2016-11-17T17:57:04.285Z","updatedAt":"2016-11-17T17:57:04.285Z"}]},{"id":346575,"name":"Metra - Radio Installation Dash Kit for Most 1989-2000 Ford, Lincoln & Mercury Vehicles - Black","type":"HardGood","price":16.99,"upc":"086429002757","shipping":0,"description":"From our expanded online assortment; compatible with most 1989-2000 Ford, Lincoln and Mercury vehicles; snap-in TurboKit offers fast installation; spacer/trim ring; rear support bracket","manufacturer":"Metra","model":"99-5512","url":"http://www.bestbuy.com/site/metra-radio-installation-dash-kit-for-most-1989-2000-ford-lincoln-mercury-vehicles-black/346575.p?id=1218118704590&skuId=346575&cmp=RMXCC","image":"http://img.bbystatic.com/BestBuy_US/images/products/3465/346575_rc.jpg","createdAt":"2016-11-17T17:58:03.298Z","updatedAt":"2016-11-17T17:58:03.298Z","categories":[{"id":"abcat0300000","name":"Car Electronics & GPS","createdAt":"2016-11-17T17:57:04.285Z","updatedAt":"2016-11-17T17:57:04.285Z"},{"id":"pcmcat165900050023","name":"Car Installation Parts & Accessories","createdAt":"2016-11-17T17:57:05.399Z","updatedAt":"2016-11-17T17:57:05.399Z"},{"id":"pcmcat165900050031","name":"Deck Installation Parts","createdAt":"2016-11-17T17:57:05.399Z","updatedAt":"2016-11-17T17:57:05.399Z"},{"id":"pcmcat165900050033","name":"Dash Installation Kits","createdAt":"2016-11-17T17:57:05.399Z","updatedAt":"2016-11-17T17:57:05.399Z"},{"id":"pcmcat331600050007","name":"Car Audio Installation Parts","createdAt":"2016-11-17T17:57:04.643Z","updatedAt":"2016-11-17T17:57:04.643Z"}]}]}
INFO	2020-08-16 00:22:06,430	2893	com.bestbuy.testbase.TestBase	[main]	#check_response_time
INFO	2020-08-16 00:22:06,433	2896	com.bestbuy.testbase.TestBase	[main]	Response Time ==> 752.0
INFO	2020-08-16 00:22:06,437	2900	com.bestbuy.testbase.TestBase	[main]	# check_status_code 
INFO	2020-08-16 00:22:06,437	2900	com.bestbuy.testbase.TestBase	[main]	Status Code ==> 200
INFO	2020-08-16 00:22:06,442	2905	com.bestbuy.testbase.TestBase	[main]	***** End of T001_Get_Product_All *****
INFO	2020-08-16 00:22:06,449	2912	com.bestbuy.testbase.TestBase	[main]	***** Starting T002_Get_Product_Single *****
INFO	2020-08-16 00:22:06,485	2948	com.bestbuy.testbase.TestBase	[main]	# check_content_type
INFO	2020-08-16 00:22:06,485	2948	com.bestbuy.testbase.TestBase	[main]	Content Type ==> application/json; charset=utf-8
INFO	2020-08-16 00:22:06,490	2953	com.bestbuy.testbase.TestBase	[main]	# check_response_body 
INFO	2020-08-16 00:22:06,491	2954	com.bestbuy.testbase.TestBase	[main]	Response Body: {"id":43900,"name":"Duracell - AAA Batteries (4-Pack)","type":"HardGood","price":5.49,"upc":"041333424019","shipping":0,"description":"Compatible with select electronic devices; AAA size; DURALOCK Power Preserve technology; 4-pack","manufacturer":"Duracell","model":"MN2400B4Z","url":"http://www.bestbuy.com/site/duracell-aaa-batteries-4-pack/43900.p?id=1051384074145&skuId=43900&cmp=RMXCC","image":"http://img.bbystatic.com/BestBuy_US/images/products/4390/43900_sa.jpg","createdAt":"2016-11-17T17:58:03.298Z","updatedAt":"2016-11-17T17:58:03.298Z","categories":[{"id":"abcat0208002","name":"Alkaline Batteries","createdAt":"2016-11-17T17:57:04.285Z","updatedAt":"2016-11-17T17:57:04.285Z"},{"id":"pcmcat248700050021","name":"Housewares","createdAt":"2016-11-17T17:57:05.399Z","updatedAt":"2016-11-17T17:57:05.399Z"},{"id":"pcmcat303600050001","name":"Household Batteries","createdAt":"2016-11-17T17:57:04.285Z","updatedAt":"2016-11-17T17:57:04.285Z"},{"id":"pcmcat312300050015","name":"Connected Home & Housewares","createdAt":"2016-11-17T17:57:04.285Z","updatedAt":"2016-11-17T17:57:04.285Z"}]}
INFO	2020-08-16 00:22:06,495	2958	com.bestbuy.testbase.TestBase	[main]	#check_response_content
INFO	2020-08-16 00:22:06,527	2990	com.bestbuy.testbase.TestBase	[main]	#check_response_id
INFO	2020-08-16 00:22:06,555	3018	com.bestbuy.testbase.TestBase	[main]	Product ID ==> 43900
INFO	2020-08-16 00:22:06,559	3022	com.bestbuy.testbase.TestBase	[main]	#check_response_time
INFO	2020-08-16 00:22:06,559	3022	com.bestbuy.testbase.TestBase	[main]	Response Time ==> 27.0
INFO	2020-08-16 00:22:06,563	3026	com.bestbuy.testbase.TestBase	[main]	# check_status_code 
INFO	2020-08-16 00:22:06,563	3026	com.bestbuy.testbase.TestBase	[main]	Status Code ==> 200
INFO	2020-08-16 00:22:06,567	3030	com.bestbuy.testbase.TestBase	[main]	***** End of T001_Get_Product_All *****
INFO	2020-08-16 00:22:06,573	3036	com.bestbuy.testbase.TestBase	[main]	***** Starting T003_Post_Product *****
INFO	2020-08-16 00:22:06,676	3139	com.bestbuy.testbase.TestBase	[main]	# check_content_type
INFO	2020-08-16 00:22:06,677	3140	com.bestbuy.testbase.TestBase	[main]	Content Type ==> application/json; charset=utf-8
INFO	2020-08-16 00:22:06,678	3141	com.bestbuy.testbase.TestBase	[main]	# check_response_body 
INFO	2020-08-16 00:22:06,679	3142	com.bestbuy.testbase.TestBase	[main]	Response Body: {"id":9999714,"image":"SomeImages","shipping":12.99,"price":1000,"name":"Apple Watch Series Ultimate","upc":"654654321","description":"Series 10","model":"Series 10 - Pro","type":"Electronics","url":"someURLS","manufacturer":"Apple Inc.","updatedAt":"2020-08-16T05:22:06.641Z","createdAt":"2020-08-16T05:22:06.641Z"}
INFO	2020-08-16 00:22:06,681	3144	com.bestbuy.testbase.TestBase	[main]	#check_response_time
INFO	2020-08-16 00:22:06,681	3144	com.bestbuy.testbase.TestBase	[main]	Response Time ==> 87.0
INFO	2020-08-16 00:22:06,683	3146	com.bestbuy.testbase.TestBase	[main]	# check_status_code
INFO	2020-08-16 00:22:06,683	3146	com.bestbuy.testbase.TestBase	[main]	Status code ==> 201
INFO	2020-08-16 00:22:06,685	3148	com.bestbuy.testbase.TestBase	[main]	***** End of T001_Get_Product_All *****
INFO	2020-08-16 00:23:50,309	0	com.bestbuy.testbase.TestBase	[main]	***** Starting T001_Get_Product_All *****
INFO	2020-08-16 00:23:52,075	1766	com.bestbuy.testbase.TestBase	[main]	# check_content_type
INFO	2020-08-16 00:23:52,075	1766	com.bestbuy.testbase.TestBase	[main]	Content Type ==> application/json; charset=utf-8
INFO	2020-08-16 00:23:52,093	1784	com.bestbuy.testbase.TestBase	[main]	# check_response_body 
INFO	2020-08-16 00:23:52,124	1815	com.bestbuy.testbase.TestBase	[main]	Response Body: {"total":51993,"limit":10,"skip":0,"data":[{"id":43900,"name":"Duracell - AAA Batteries (4-Pack)","type":"HardGood","price":5.49,"upc":"041333424019","shipping":0,"description":"Compatible with select electronic devices; AAA size; DURALOCK Power Preserve technology; 4-pack","manufacturer":"Duracell","model":"MN2400B4Z","url":"http://www.bestbuy.com/site/duracell-aaa-batteries-4-pack/43900.p?id=1051384074145&skuId=43900&cmp=RMXCC","image":"http://img.bbystatic.com/BestBuy_US/images/products/4390/43900_sa.jpg","createdAt":"2016-11-17T17:58:03.298Z","updatedAt":"2016-11-17T17:58:03.298Z","categories":[{"id":"abcat0208002","name":"Alkaline Batteries","createdAt":"2016-11-17T17:57:04.285Z","updatedAt":"2016-11-17T17:57:04.285Z"},{"id":"pcmcat248700050021","name":"Housewares","createdAt":"2016-11-17T17:57:05.399Z","updatedAt":"2016-11-17T17:57:05.399Z"},{"id":"pcmcat303600050001","name":"Household Batteries","createdAt":"2016-11-17T17:57:04.285Z","updatedAt":"2016-11-17T17:57:04.285Z"},{"id":"pcmcat312300050015","name":"Connected Home & Housewares","createdAt":"2016-11-17T17:57:04.285Z","updatedAt":"2016-11-17T17:57:04.285Z"}]},{"id":48530,"name":"Duracell - AA 1.5V CopperTop Batteries (4-Pack)","type":"HardGood","price":5.49,"upc":"041333415017","shipping":0,"description":"Long-lasting energy; DURALOCK Power Preserve technology; for toys, clocks, radios, games, remotes, PDAs and more","manufacturer":"Duracell","model":"MN1500B4Z","url":"http://www.bestbuy.com/site/duracell-aa-1-5v-coppertop-batteries-4-pack/48530.p?id=1099385268988&skuId=48530&cmp=RMXCC","image":"http://img.bbystatic.com/BestBuy_US/images/products/4853/48530_sa.jpg","createdAt":"2016-11-17T17:58:03.298Z","updatedAt":"2016-11-17T17:58:03.298Z","categories":[{"id":"abcat0208002","name":"Alkaline Batteries","createdAt":"2016-11-17T17:57:04.285Z","updatedAt":"2016-11-17T17:57:04.285Z"},{"id":"pcmcat248700050021","name":"Housewares","createdAt":"2016-11-17T17:57:05.399Z","updatedAt":"2016-11-17T17:57:05.399Z"},{"id":"pcmcat303600050001","name":"Household Batteries","createdAt":"2016-11-17T17:57:04.285Z","updatedAt":"2016-11-17T17:57:04.285Z"},{"id":"pcmcat312300050015","name":"Connected Home & Housewares","createdAt":"2016-11-17T17:57:04.285Z","updatedAt":"2016-11-17T17:57:04.285Z"}]},{"id":127687,"name":"Duracell - AA Batteries (8-Pack)","type":"HardGood","price":7.49,"upc":"041333825014","shipping":0,"description":"Compatible with select electronic devices; AA size; DURALOCK Power Preserve technology; 8-pack","manufacturer":"Duracell","model":"MN1500B8Z","url":"http://www.bestbuy.com/site/duracell-aa-batteries-8-pack/127687.p?id=1051384045676&skuId=127687&cmp=RMXCC","image":"http://img.bbystatic.com/BestBuy_US/images/products/1276/127687_sa.jpg","createdAt":"2016-11-17T17:58:03.298Z","updatedAt":"2016-11-17T17:58:03.298Z","categories":[{"id":"abcat0208002","name":"Alkaline Batteries","createdAt":"2016-11-17T17:57:04.285Z","updatedAt":"2016-11-17T17:57:04.285Z"},{"id":"pcmcat248700050021","name":"Housewares","createdAt":"2016-11-17T17:57:05.399Z","updatedAt":"2016-11-17T17:57:05.399Z"},{"id":"pcmcat303600050001","name":"Household Batteries","createdAt":"2016-11-17T17:57:04.285Z","updatedAt":"2016-11-17T17:57:04.285Z"},{"id":"pcmcat312300050015","name":"Connected Home & Housewares","createdAt":"2016-11-17T17:57:04.285Z","updatedAt":"2016-11-17T17:57:04.285Z"}]},{"id":150115,"name":"Energizer - MAX Batteries AA (4-Pack)","type":"HardGood","price":4.99,"upc":"039800011329","shipping":0,"description":"4-pack AA alkaline batteries; battery tester included","manufacturer":"Energizer","model":"E91BP-4","url":"http://www.bestbuy.com/site/energizer-max-batteries-aa-4-pack/150115.p?id=1051384046217&skuId=150115&cmp=RMXCC","image":"http://img.bbystatic.com/BestBuy_US/images/products/1501/150115_sa.jpg","createdAt":"2016-11-17T17:58:03.298Z","updatedAt":"2016-11-17T17:58:03.298Z","categories":[{"id":"abcat0208002","name":"Alkaline Batteries","createdAt":"2016-11-17T17:57:04.285Z","updatedAt":"2016-11-17T17:57:04.285Z"},{"id":"pcmcat248700050021","name":"Housewares","createdAt":"2016-11-17T17:57:05.399Z","updatedAt":"2016-11-17T17:57:05.399Z"},{"id":"pcmcat303600050001","name":"Household Batteries","createdAt":"2016-11-17T17:57:04.285Z","updatedAt":"2016-11-17T17:57:04.285Z"},{"id":"pcmcat312300050015","name":"Connected Home & Housewares","createdAt":"2016-11-17T17:57:04.285Z","updatedAt":"2016-11-17T17:57:04.285Z"}]},{"id":185230,"name":"Duracell - C Batteries (4-Pack)","type":"HardGood","price":8.99,"upc":"041333440019","shipping":0,"description":"Compatible with select electronic devices; C size; DURALOCK Power Preserve technology; 4-pack","manufacturer":"Duracell","model":"MN1400R4Z","url":"http://www.bestbuy.com/site/duracell-c-batteries-4-pack/185230.p?id=1051384046486&skuId=185230&cmp=RMXCC","image":"http://img.bbystatic.com/BestBuy_US/images/products/1852/185230_sa.jpg","createdAt":"2016-11-17T17:58:03.298Z","updatedAt":"2016-11-17T17:58:03.298Z","categories":[{"id":"abcat0208002","name":"Alkaline Batteries","createdAt":"2016-11-17T17:57:04.285Z","updatedAt":"2016-11-17T17:57:04.285Z"},{"id":"pcmcat248700050021","name":"Housewares","createdAt":"2016-11-17T17:57:05.399Z","updatedAt":"2016-11-17T17:57:05.399Z"},{"id":"pcmcat303600050001","name":"Household Batteries","createdAt":"2016-11-17T17:57:04.285Z","updatedAt":"2016-11-17T17:57:04.285Z"},{"id":"pcmcat312300050015","name":"Connected Home & Housewares","createdAt":"2016-11-17T17:57:04.285Z","updatedAt":"2016-11-17T17:57:04.285Z"}]},{"id":185267,"name":"Duracell - D Batteries (4-Pack)","type":"HardGood","price":9.99,"upc":"041333430010","shipping":0,"description":"Compatible with select electronic devices; D size; DURALOCK Power Preserve technology; 4-pack","manufacturer":"Duracell","model":"MN1300R4Z","url":"http://www.bestbuy.com/site/duracell-d-batteries-4-pack/185267.p?id=1051384046551&skuId=185267&cmp=RMXCC","image":"http://img.bbystatic.com/BestBuy_US/images/products/1852/185267_sa.jpg","createdAt":"2016-11-17T17:58:03.298Z","updatedAt":"2016-11-17T17:58:03.298Z","categories":[{"id":"abcat0208002","name":"Alkaline Batteries","createdAt":"2016-11-17T17:57:04.285Z","updatedAt":"2016-11-17T17:57:04.285Z"},{"id":"pcmcat248700050021","name":"Housewares","createdAt":"2016-11-17T17:57:05.399Z","updatedAt":"2016-11-17T17:57:05.399Z"},{"id":"pcmcat303600050001","name":"Household Batteries","createdAt":"2016-11-17T17:57:04.285Z","updatedAt":"2016-11-17T17:57:04.285Z"},{"id":"pcmcat312300050015","name":"Connected Home & Housewares","createdAt":"2016-11-17T17:57:04.285Z","updatedAt":"2016-11-17T17:57:04.285Z"}]},{"id":309062,"name":"Pioneer - 4\" 3-Way Surface-Mount Speakers with IMPP Composite Cones (Pair) - Black","type":"HardGood","price":144.99,"upc":"012562165141","shipping":0,"description":"80W maximum power (20W RMS); 4\" IMPP composite cone woofer; 3/4\" horn tweeter","manufacturer":"Pioneer","model":"TS-X200","url":"http://www.bestbuy.com/site/pioneer-4-3-way-surface-mount-speakers-with-impp-composite-cones-pair-black/309062.p?id=1218643240258&skuId=309062&cmp=RMXCC","image":"http://img.bbystatic.com/BestBuy_US/images/products/0309/0309062_sa.jpg","createdAt":"2016-11-17T17:58:03.298Z","updatedAt":"2016-11-17T17:58:03.298Z","categories":[{"id":"abcat0300000","name":"Car Electronics & GPS","createdAt":"2016-11-17T17:57:04.285Z","updatedAt":"2016-11-17T17:57:04.285Z"},{"id":"abcat0302000","name":"Car Audio","createdAt":"2016-11-17T17:57:04.285Z","updatedAt":"2016-11-17T17:57:04.285Z"},{"id":"abcat0302005","name":"Car Speakers","createdAt":"2016-11-17T17:57:04.285Z","updatedAt":"2016-11-17T17:57:04.285Z"},{"id":"pcmcat360500050015","name":"4\" Car Speakers","createdAt":"2016-11-17T17:57:04.643Z","updatedAt":"2016-11-17T17:57:04.643Z"}]},{"id":312290,"name":"Duracell - 9V Batteries (2-Pack)","type":"HardGood","price":7.99,"upc":"041333216010","shipping":0,"description":"Compatible with select electronic devices; alkaline chemistry; 9V size; DURALOCK Power Preserve technology; 2-pack","manufacturer":"Duracell","model":"MN1604B2Z","url":"http://www.bestbuy.com/site/duracell-9v-batteries-2-pack/312290.p?id=1051384050321&skuId=312290&cmp=RMXCC","image":"http://img.bbystatic.com/BestBuy_US/images/products/3122/312290_sa.jpg","createdAt":"2016-11-17T17:58:03.298Z","updatedAt":"2016-11-17T17:58:03.298Z","categories":[{"id":"abcat0208002","name":"Alkaline Batteries","createdAt":"2016-11-17T17:57:04.285Z","updatedAt":"2016-11-17T17:57:04.285Z"},{"id":"pcmcat248700050021","name":"Housewares","createdAt":"2016-11-17T17:57:05.399Z","updatedAt":"2016-11-17T17:57:05.399Z"},{"id":"pcmcat303600050001","name":"Household Batteries","createdAt":"2016-11-17T17:57:04.285Z","updatedAt":"2016-11-17T17:57:04.285Z"},{"id":"pcmcat312300050015","name":"Connected Home & Housewares","createdAt":"2016-11-17T17:57:04.285Z","updatedAt":"2016-11-17T17:57:04.285Z"}]},{"id":333179,"name":"Energizer - N Cell E90 Batteries (2-Pack)","type":"HardGood","price":5.99,"upc":"039800013200","shipping":0,"description":"Alkaline batteries; 1.5V","manufacturer":"Energizer","model":"E90BP-2","url":"http://www.bestbuy.com/site/energizer-n-cell-e90-batteries-2-pack/333179.p?id=1185268509951&skuId=333179&cmp=RMXCC","image":"http://img.bbystatic.com/BestBuy_US/images/products/3331/333179_sa.jpg","createdAt":"2016-11-17T17:58:03.298Z","updatedAt":"2016-11-17T17:58:03.298Z","categories":[{"id":"abcat0208006","name":"Specialty Batteries","createdAt":"2016-11-17T17:57:04.285Z","updatedAt":"2016-11-17T17:57:04.285Z"},{"id":"pcmcat248700050021","name":"Housewares","createdAt":"2016-11-17T17:57:05.399Z","updatedAt":"2016-11-17T17:57:05.399Z"},{"id":"pcmcat303600050001","name":"Household Batteries","createdAt":"2016-11-17T17:57:04.285Z","updatedAt":"2016-11-17T17:57:04.285Z"},{"id":"pcmcat312300050015","name":"Connected Home & Housewares","createdAt":"2016-11-17T17:57:04.285Z","updatedAt":"2016-11-17T17:57:04.285Z"}]},{"id":346575,"name":"Metra - Radio Installation Dash Kit for Most 1989-2000 Ford, Lincoln & Mercury Vehicles - Black","type":"HardGood","price":16.99,"upc":"086429002757","shipping":0,"description":"From our expanded online assortment; compatible with most 1989-2000 Ford, Lincoln and Mercury vehicles; snap-in TurboKit offers fast installation; spacer/trim ring; rear support bracket","manufacturer":"Metra","model":"99-5512","url":"http://www.bestbuy.com/site/metra-radio-installation-dash-kit-for-most-1989-2000-ford-lincoln-mercury-vehicles-black/346575.p?id=1218118704590&skuId=346575&cmp=RMXCC","image":"http://img.bbystatic.com/BestBuy_US/images/products/3465/346575_rc.jpg","createdAt":"2016-11-17T17:58:03.298Z","updatedAt":"2016-11-17T17:58:03.298Z","categories":[{"id":"abcat0300000","name":"Car Electronics & GPS","createdAt":"2016-11-17T17:57:04.285Z","updatedAt":"2016-11-17T17:57:04.285Z"},{"id":"pcmcat165900050023","name":"Car Installation Parts & Accessories","createdAt":"2016-11-17T17:57:05.399Z","updatedAt":"2016-11-17T17:57:05.399Z"},{"id":"pcmcat165900050031","name":"Deck Installation Parts","createdAt":"2016-11-17T17:57:05.399Z","updatedAt":"2016-11-17T17:57:05.399Z"},{"id":"pcmcat165900050033","name":"Dash Installation Kits","createdAt":"2016-11-17T17:57:05.399Z","updatedAt":"2016-11-17T17:57:05.399Z"},{"id":"pcmcat331600050007","name":"Car Audio Installation Parts","createdAt":"2016-11-17T17:57:04.643Z","updatedAt":"2016-11-17T17:57:04.643Z"}]}]}
INFO	2020-08-16 00:23:52,751	2442	com.bestbuy.testbase.TestBase	[main]	#check_response_time
INFO	2020-08-16 00:23:52,752	2443	com.bestbuy.testbase.TestBase	[main]	Response Time ==> 745.0
INFO	2020-08-16 00:23:52,756	2447	com.bestbuy.testbase.TestBase	[main]	# check_status_code 
INFO	2020-08-16 00:23:52,756	2447	com.bestbuy.testbase.TestBase	[main]	Status Code ==> 200
INFO	2020-08-16 00:23:52,759	2450	com.bestbuy.testbase.TestBase	[main]	***** End of T001_Get_Product_All *****
INFO	2020-08-16 00:23:52,763	2454	com.bestbuy.testbase.TestBase	[main]	***** Starting T002_Get_Product_Single *****
INFO	2020-08-16 00:23:52,790	2481	com.bestbuy.testbase.TestBase	[main]	# check_content_type
INFO	2020-08-16 00:23:52,790	2481	com.bestbuy.testbase.TestBase	[main]	Content Type ==> application/json; charset=utf-8
INFO	2020-08-16 00:23:52,794	2485	com.bestbuy.testbase.TestBase	[main]	# check_response_body 
INFO	2020-08-16 00:23:52,795	2486	com.bestbuy.testbase.TestBase	[main]	Response Body: {"id":43900,"name":"Duracell - AAA Batteries (4-Pack)","type":"HardGood","price":5.49,"upc":"041333424019","shipping":0,"description":"Compatible with select electronic devices; AAA size; DURALOCK Power Preserve technology; 4-pack","manufacturer":"Duracell","model":"MN2400B4Z","url":"http://www.bestbuy.com/site/duracell-aaa-batteries-4-pack/43900.p?id=1051384074145&skuId=43900&cmp=RMXCC","image":"http://img.bbystatic.com/BestBuy_US/images/products/4390/43900_sa.jpg","createdAt":"2016-11-17T17:58:03.298Z","updatedAt":"2016-11-17T17:58:03.298Z","categories":[{"id":"abcat0208002","name":"Alkaline Batteries","createdAt":"2016-11-17T17:57:04.285Z","updatedAt":"2016-11-17T17:57:04.285Z"},{"id":"pcmcat248700050021","name":"Housewares","createdAt":"2016-11-17T17:57:05.399Z","updatedAt":"2016-11-17T17:57:05.399Z"},{"id":"pcmcat303600050001","name":"Household Batteries","createdAt":"2016-11-17T17:57:04.285Z","updatedAt":"2016-11-17T17:57:04.285Z"},{"id":"pcmcat312300050015","name":"Connected Home & Housewares","createdAt":"2016-11-17T17:57:04.285Z","updatedAt":"2016-11-17T17:57:04.285Z"}]}
INFO	2020-08-16 00:23:52,798	2489	com.bestbuy.testbase.TestBase	[main]	#check_response_content
INFO	2020-08-16 00:23:52,819	2510	com.bestbuy.testbase.TestBase	[main]	#check_response_id
INFO	2020-08-16 00:23:52,836	2527	com.bestbuy.testbase.TestBase	[main]	Product ID ==> 43900
INFO	2020-08-16 00:23:52,839	2530	com.bestbuy.testbase.TestBase	[main]	#check_response_time
INFO	2020-08-16 00:23:52,839	2530	com.bestbuy.testbase.TestBase	[main]	Response Time ==> 21.0
INFO	2020-08-16 00:23:52,843	2534	com.bestbuy.testbase.TestBase	[main]	# check_status_code 
INFO	2020-08-16 00:23:52,843	2534	com.bestbuy.testbase.TestBase	[main]	Status Code ==> 200
INFO	2020-08-16 00:23:52,844	2535	com.bestbuy.testbase.TestBase	[main]	***** End of T001_Get_Product_All *****
INFO	2020-08-16 00:23:52,847	2538	com.bestbuy.testbase.TestBase	[main]	***** Starting T003_Post_Product *****
INFO	2020-08-16 00:23:52,922	2613	com.bestbuy.testbase.TestBase	[main]	# check_content_type
INFO	2020-08-16 00:23:52,922	2613	com.bestbuy.testbase.TestBase	[main]	Content Type ==> application/json; charset=utf-8
INFO	2020-08-16 00:23:52,924	2615	com.bestbuy.testbase.TestBase	[main]	# check_response_body 
INFO	2020-08-16 00:23:52,925	2616	com.bestbuy.testbase.TestBase	[main]	Response Body: {"id":9999715,"image":"SomeImages","shipping":12.99,"price":1000,"name":"Apple Watch Series Ultimate","upc":"654654321","description":"Series 10","model":"Series 10 - Pro","type":"Electronics","url":"someURLS","manufacturer":"Apple Inc.","updatedAt":"2020-08-16T05:23:52.905Z","createdAt":"2020-08-16T05:23:52.905Z"}
INFO	2020-08-16 00:23:52,927	2618	com.bestbuy.testbase.TestBase	[main]	#check_response_time
INFO	2020-08-16 00:23:52,927	2618	com.bestbuy.testbase.TestBase	[main]	Response Time ==> 63.0
INFO	2020-08-16 00:23:52,929	2620	com.bestbuy.testbase.TestBase	[main]	# check_status_code
INFO	2020-08-16 00:23:52,929	2620	com.bestbuy.testbase.TestBase	[main]	Status code ==> 201
INFO	2020-08-16 00:23:52,930	2621	com.bestbuy.testbase.TestBase	[main]	***** End of T001_Get_Product_All *****
INFO	2020-08-16 00:38:35,184	0	com.bestbuy.testbase.TestBase	[main]	***** Starting T001_Get_Product_All *****
INFO	2020-08-16 00:38:37,667	2483	com.bestbuy.testbase.TestBase	[main]	# check_content_type
INFO	2020-08-16 00:38:37,667	2483	com.bestbuy.testbase.TestBase	[main]	Content Type ==> application/json; charset=utf-8
INFO	2020-08-16 00:38:37,687	2503	com.bestbuy.testbase.TestBase	[main]	# check_response_body 
INFO	2020-08-16 00:38:37,716	2532	com.bestbuy.testbase.TestBase	[main]	Response Body: {"total":51994,"limit":10,"skip":0,"data":[{"id":43900,"name":"Duracell - AAA Batteries (4-Pack)","type":"HardGood","price":5.49,"upc":"041333424019","shipping":0,"description":"Compatible with select electronic devices; AAA size; DURALOCK Power Preserve technology; 4-pack","manufacturer":"Duracell","model":"MN2400B4Z","url":"http://www.bestbuy.com/site/duracell-aaa-batteries-4-pack/43900.p?id=1051384074145&skuId=43900&cmp=RMXCC","image":"http://img.bbystatic.com/BestBuy_US/images/products/4390/43900_sa.jpg","createdAt":"2016-11-17T17:58:03.298Z","updatedAt":"2016-11-17T17:58:03.298Z","categories":[{"id":"abcat0208002","name":"Alkaline Batteries","createdAt":"2016-11-17T17:57:04.285Z","updatedAt":"2016-11-17T17:57:04.285Z"},{"id":"pcmcat248700050021","name":"Housewares","createdAt":"2016-11-17T17:57:05.399Z","updatedAt":"2016-11-17T17:57:05.399Z"},{"id":"pcmcat303600050001","name":"Household Batteries","createdAt":"2016-11-17T17:57:04.285Z","updatedAt":"2016-11-17T17:57:04.285Z"},{"id":"pcmcat312300050015","name":"Connected Home & Housewares","createdAt":"2016-11-17T17:57:04.285Z","updatedAt":"2016-11-17T17:57:04.285Z"}]},{"id":48530,"name":"Duracell - AA 1.5V CopperTop Batteries (4-Pack)","type":"HardGood","price":5.49,"upc":"041333415017","shipping":0,"description":"Long-lasting energy; DURALOCK Power Preserve technology; for toys, clocks, radios, games, remotes, PDAs and more","manufacturer":"Duracell","model":"MN1500B4Z","url":"http://www.bestbuy.com/site/duracell-aa-1-5v-coppertop-batteries-4-pack/48530.p?id=1099385268988&skuId=48530&cmp=RMXCC","image":"http://img.bbystatic.com/BestBuy_US/images/products/4853/48530_sa.jpg","createdAt":"2016-11-17T17:58:03.298Z","updatedAt":"2016-11-17T17:58:03.298Z","categories":[{"id":"abcat0208002","name":"Alkaline Batteries","createdAt":"2016-11-17T17:57:04.285Z","updatedAt":"2016-11-17T17:57:04.285Z"},{"id":"pcmcat248700050021","name":"Housewares","createdAt":"2016-11-17T17:57:05.399Z","updatedAt":"2016-11-17T17:57:05.399Z"},{"id":"pcmcat303600050001","name":"Household Batteries","createdAt":"2016-11-17T17:57:04.285Z","updatedAt":"2016-11-17T17:57:04.285Z"},{"id":"pcmcat312300050015","name":"Connected Home & Housewares","createdAt":"2016-11-17T17:57:04.285Z","updatedAt":"2016-11-17T17:57:04.285Z"}]},{"id":127687,"name":"Duracell - AA Batteries (8-Pack)","type":"HardGood","price":7.49,"upc":"041333825014","shipping":0,"description":"Compatible with select electronic devices; AA size; DURALOCK Power Preserve technology; 8-pack","manufacturer":"Duracell","model":"MN1500B8Z","url":"http://www.bestbuy.com/site/duracell-aa-batteries-8-pack/127687.p?id=1051384045676&skuId=127687&cmp=RMXCC","image":"http://img.bbystatic.com/BestBuy_US/images/products/1276/127687_sa.jpg","createdAt":"2016-11-17T17:58:03.298Z","updatedAt":"2016-11-17T17:58:03.298Z","categories":[{"id":"abcat0208002","name":"Alkaline Batteries","createdAt":"2016-11-17T17:57:04.285Z","updatedAt":"2016-11-17T17:57:04.285Z"},{"id":"pcmcat248700050021","name":"Housewares","createdAt":"2016-11-17T17:57:05.399Z","updatedAt":"2016-11-17T17:57:05.399Z"},{"id":"pcmcat303600050001","name":"Household Batteries","createdAt":"2016-11-17T17:57:04.285Z","updatedAt":"2016-11-17T17:57:04.285Z"},{"id":"pcmcat312300050015","name":"Connected Home & Housewares","createdAt":"2016-11-17T17:57:04.285Z","updatedAt":"2016-11-17T17:57:04.285Z"}]},{"id":150115,"name":"Energizer - MAX Batteries AA (4-Pack)","type":"HardGood","price":4.99,"upc":"039800011329","shipping":0,"description":"4-pack AA alkaline batteries; battery tester included","manufacturer":"Energizer","model":"E91BP-4","url":"http://www.bestbuy.com/site/energizer-max-batteries-aa-4-pack/150115.p?id=1051384046217&skuId=150115&cmp=RMXCC","image":"http://img.bbystatic.com/BestBuy_US/images/products/1501/150115_sa.jpg","createdAt":"2016-11-17T17:58:03.298Z","updatedAt":"2016-11-17T17:58:03.298Z","categories":[{"id":"abcat0208002","name":"Alkaline Batteries","createdAt":"2016-11-17T17:57:04.285Z","updatedAt":"2016-11-17T17:57:04.285Z"},{"id":"pcmcat248700050021","name":"Housewares","createdAt":"2016-11-17T17:57:05.399Z","updatedAt":"2016-11-17T17:57:05.399Z"},{"id":"pcmcat303600050001","name":"Household Batteries","createdAt":"2016-11-17T17:57:04.285Z","updatedAt":"2016-11-17T17:57:04.285Z"},{"id":"pcmcat312300050015","name":"Connected Home & Housewares","createdAt":"2016-11-17T17:57:04.285Z","updatedAt":"2016-11-17T17:57:04.285Z"}]},{"id":185230,"name":"Duracell - C Batteries (4-Pack)","type":"HardGood","price":8.99,"upc":"041333440019","shipping":0,"description":"Compatible with select electronic devices; C size; DURALOCK Power Preserve technology; 4-pack","manufacturer":"Duracell","model":"MN1400R4Z","url":"http://www.bestbuy.com/site/duracell-c-batteries-4-pack/185230.p?id=1051384046486&skuId=185230&cmp=RMXCC","image":"http://img.bbystatic.com/BestBuy_US/images/products/1852/185230_sa.jpg","createdAt":"2016-11-17T17:58:03.298Z","updatedAt":"2016-11-17T17:58:03.298Z","categories":[{"id":"abcat0208002","name":"Alkaline Batteries","createdAt":"2016-11-17T17:57:04.285Z","updatedAt":"2016-11-17T17:57:04.285Z"},{"id":"pcmcat248700050021","name":"Housewares","createdAt":"2016-11-17T17:57:05.399Z","updatedAt":"2016-11-17T17:57:05.399Z"},{"id":"pcmcat303600050001","name":"Household Batteries","createdAt":"2016-11-17T17:57:04.285Z","updatedAt":"2016-11-17T17:57:04.285Z"},{"id":"pcmcat312300050015","name":"Connected Home & Housewares","createdAt":"2016-11-17T17:57:04.285Z","updatedAt":"2016-11-17T17:57:04.285Z"}]},{"id":185267,"name":"Duracell - D Batteries (4-Pack)","type":"HardGood","price":9.99,"upc":"041333430010","shipping":0,"description":"Compatible with select electronic devices; D size; DURALOCK Power Preserve technology; 4-pack","manufacturer":"Duracell","model":"MN1300R4Z","url":"http://www.bestbuy.com/site/duracell-d-batteries-4-pack/185267.p?id=1051384046551&skuId=185267&cmp=RMXCC","image":"http://img.bbystatic.com/BestBuy_US/images/products/1852/185267_sa.jpg","createdAt":"2016-11-17T17:58:03.298Z","updatedAt":"2016-11-17T17:58:03.298Z","categories":[{"id":"abcat0208002","name":"Alkaline Batteries","createdAt":"2016-11-17T17:57:04.285Z","updatedAt":"2016-11-17T17:57:04.285Z"},{"id":"pcmcat248700050021","name":"Housewares","createdAt":"2016-11-17T17:57:05.399Z","updatedAt":"2016-11-17T17:57:05.399Z"},{"id":"pcmcat303600050001","name":"Household Batteries","createdAt":"2016-11-17T17:57:04.285Z","updatedAt":"2016-11-17T17:57:04.285Z"},{"id":"pcmcat312300050015","name":"Connected Home & Housewares","createdAt":"2016-11-17T17:57:04.285Z","updatedAt":"2016-11-17T17:57:04.285Z"}]},{"id":309062,"name":"Pioneer - 4\" 3-Way Surface-Mount Speakers with IMPP Composite Cones (Pair) - Black","type":"HardGood","price":144.99,"upc":"012562165141","shipping":0,"description":"80W maximum power (20W RMS); 4\" IMPP composite cone woofer; 3/4\" horn tweeter","manufacturer":"Pioneer","model":"TS-X200","url":"http://www.bestbuy.com/site/pioneer-4-3-way-surface-mount-speakers-with-impp-composite-cones-pair-black/309062.p?id=1218643240258&skuId=309062&cmp=RMXCC","image":"http://img.bbystatic.com/BestBuy_US/images/products/0309/0309062_sa.jpg","createdAt":"2016-11-17T17:58:03.298Z","updatedAt":"2016-11-17T17:58:03.298Z","categories":[{"id":"abcat0300000","name":"Car Electronics & GPS","createdAt":"2016-11-17T17:57:04.285Z","updatedAt":"2016-11-17T17:57:04.285Z"},{"id":"abcat0302000","name":"Car Audio","createdAt":"2016-11-17T17:57:04.285Z","updatedAt":"2016-11-17T17:57:04.285Z"},{"id":"abcat0302005","name":"Car Speakers","createdAt":"2016-11-17T17:57:04.285Z","updatedAt":"2016-11-17T17:57:04.285Z"},{"id":"pcmcat360500050015","name":"4\" Car Speakers","createdAt":"2016-11-17T17:57:04.643Z","updatedAt":"2016-11-17T17:57:04.643Z"}]},{"id":312290,"name":"Duracell - 9V Batteries (2-Pack)","type":"HardGood","price":7.99,"upc":"041333216010","shipping":0,"description":"Compatible with select electronic devices; alkaline chemistry; 9V size; DURALOCK Power Preserve technology; 2-pack","manufacturer":"Duracell","model":"MN1604B2Z","url":"http://www.bestbuy.com/site/duracell-9v-batteries-2-pack/312290.p?id=1051384050321&skuId=312290&cmp=RMXCC","image":"http://img.bbystatic.com/BestBuy_US/images/products/3122/312290_sa.jpg","createdAt":"2016-11-17T17:58:03.298Z","updatedAt":"2016-11-17T17:58:03.298Z","categories":[{"id":"abcat0208002","name":"Alkaline Batteries","createdAt":"2016-11-17T17:57:04.285Z","updatedAt":"2016-11-17T17:57:04.285Z"},{"id":"pcmcat248700050021","name":"Housewares","createdAt":"2016-11-17T17:57:05.399Z","updatedAt":"2016-11-17T17:57:05.399Z"},{"id":"pcmcat303600050001","name":"Household Batteries","createdAt":"2016-11-17T17:57:04.285Z","updatedAt":"2016-11-17T17:57:04.285Z"},{"id":"pcmcat312300050015","name":"Connected Home & Housewares","createdAt":"2016-11-17T17:57:04.285Z","updatedAt":"2016-11-17T17:57:04.285Z"}]},{"id":333179,"name":"Energizer - N Cell E90 Batteries (2-Pack)","type":"HardGood","price":5.99,"upc":"039800013200","shipping":0,"description":"Alkaline batteries; 1.5V","manufacturer":"Energizer","model":"E90BP-2","url":"http://www.bestbuy.com/site/energizer-n-cell-e90-batteries-2-pack/333179.p?id=1185268509951&skuId=333179&cmp=RMXCC","image":"http://img.bbystatic.com/BestBuy_US/images/products/3331/333179_sa.jpg","createdAt":"2016-11-17T17:58:03.298Z","updatedAt":"2016-11-17T17:58:03.298Z","categories":[{"id":"abcat0208006","name":"Specialty Batteries","createdAt":"2016-11-17T17:57:04.285Z","updatedAt":"2016-11-17T17:57:04.285Z"},{"id":"pcmcat248700050021","name":"Housewares","createdAt":"2016-11-17T17:57:05.399Z","updatedAt":"2016-11-17T17:57:05.399Z"},{"id":"pcmcat303600050001","name":"Household Batteries","createdAt":"2016-11-17T17:57:04.285Z","updatedAt":"2016-11-17T17:57:04.285Z"},{"id":"pcmcat312300050015","name":"Connected Home & Housewares","createdAt":"2016-11-17T17:57:04.285Z","updatedAt":"2016-11-17T17:57:04.285Z"}]},{"id":346575,"name":"Metra - Radio Installation Dash Kit for Most 1989-2000 Ford, Lincoln & Mercury Vehicles - Black","type":"HardGood","price":16.99,"upc":"086429002757","shipping":0,"description":"From our expanded online assortment; compatible with most 1989-2000 Ford, Lincoln and Mercury vehicles; snap-in TurboKit offers fast installation; spacer/trim ring; rear support bracket","manufacturer":"Metra","model":"99-5512","url":"http://www.bestbuy.com/site/metra-radio-installation-dash-kit-for-most-1989-2000-ford-lincoln-mercury-vehicles-black/346575.p?id=1218118704590&skuId=346575&cmp=RMXCC","image":"http://img.bbystatic.com/BestBuy_US/images/products/3465/346575_rc.jpg","createdAt":"2016-11-17T17:58:03.298Z","updatedAt":"2016-11-17T17:58:03.298Z","categories":[{"id":"abcat0300000","name":"Car Electronics & GPS","createdAt":"2016-11-17T17:57:04.285Z","updatedAt":"2016-11-17T17:57:04.285Z"},{"id":"pcmcat165900050023","name":"Car Installation Parts & Accessories","createdAt":"2016-11-17T17:57:05.399Z","updatedAt":"2016-11-17T17:57:05.399Z"},{"id":"pcmcat165900050031","name":"Deck Installation Parts","createdAt":"2016-11-17T17:57:05.399Z","updatedAt":"2016-11-17T17:57:05.399Z"},{"id":"pcmcat165900050033","name":"Dash Installation Kits","createdAt":"2016-11-17T17:57:05.399Z","updatedAt":"2016-11-17T17:57:05.399Z"},{"id":"pcmcat331600050007","name":"Car Audio Installation Parts","createdAt":"2016-11-17T17:57:04.643Z","updatedAt":"2016-11-17T17:57:04.643Z"}]}]}
INFO	2020-08-16 00:38:38,511	3327	com.bestbuy.testbase.TestBase	[main]	#check_response_time
INFO	2020-08-16 00:38:38,513	3329	com.bestbuy.testbase.TestBase	[main]	Response Time ==> 1055.0
INFO	2020-08-16 00:38:38,518	3334	com.bestbuy.testbase.TestBase	[main]	# check_status_code 
INFO	2020-08-16 00:38:38,519	3335	com.bestbuy.testbase.TestBase	[main]	Status Code ==> 200
INFO	2020-08-16 00:38:38,521	3337	com.bestbuy.testbase.TestBase	[main]	***** End of T001_Get_Product_All *****
INFO	2020-08-16 00:38:38,528	3344	com.bestbuy.testbase.TestBase	[main]	***** Starting T002_Get_Product_Single *****
INFO	2020-08-16 00:38:38,557	3373	com.bestbuy.testbase.TestBase	[main]	# check_content_type
INFO	2020-08-16 00:38:38,558	3374	com.bestbuy.testbase.TestBase	[main]	Content Type ==> application/json; charset=utf-8
INFO	2020-08-16 00:38:38,562	3378	com.bestbuy.testbase.TestBase	[main]	# check_response_body 
INFO	2020-08-16 00:38:38,562	3378	com.bestbuy.testbase.TestBase	[main]	Response Body: {"id":43900,"name":"Duracell - AAA Batteries (4-Pack)","type":"HardGood","price":5.49,"upc":"041333424019","shipping":0,"description":"Compatible with select electronic devices; AAA size; DURALOCK Power Preserve technology; 4-pack","manufacturer":"Duracell","model":"MN2400B4Z","url":"http://www.bestbuy.com/site/duracell-aaa-batteries-4-pack/43900.p?id=1051384074145&skuId=43900&cmp=RMXCC","image":"http://img.bbystatic.com/BestBuy_US/images/products/4390/43900_sa.jpg","createdAt":"2016-11-17T17:58:03.298Z","updatedAt":"2016-11-17T17:58:03.298Z","categories":[{"id":"abcat0208002","name":"Alkaline Batteries","createdAt":"2016-11-17T17:57:04.285Z","updatedAt":"2016-11-17T17:57:04.285Z"},{"id":"pcmcat248700050021","name":"Housewares","createdAt":"2016-11-17T17:57:05.399Z","updatedAt":"2016-11-17T17:57:05.399Z"},{"id":"pcmcat303600050001","name":"Household Batteries","createdAt":"2016-11-17T17:57:04.285Z","updatedAt":"2016-11-17T17:57:04.285Z"},{"id":"pcmcat312300050015","name":"Connected Home & Housewares","createdAt":"2016-11-17T17:57:04.285Z","updatedAt":"2016-11-17T17:57:04.285Z"}]}
INFO	2020-08-16 00:38:38,566	3382	com.bestbuy.testbase.TestBase	[main]	#check_response_content
INFO	2020-08-16 00:38:38,596	3412	com.bestbuy.testbase.TestBase	[main]	#check_response_id
INFO	2020-08-16 00:38:38,614	3430	com.bestbuy.testbase.TestBase	[main]	Product ID ==> 43900
INFO	2020-08-16 00:38:38,617	3433	com.bestbuy.testbase.TestBase	[main]	#check_response_time
INFO	2020-08-16 00:38:38,618	3434	com.bestbuy.testbase.TestBase	[main]	Response Time ==> 21.0
INFO	2020-08-16 00:38:38,624	3440	com.bestbuy.testbase.TestBase	[main]	# check_status_code 
INFO	2020-08-16 00:38:38,624	3440	com.bestbuy.testbase.TestBase	[main]	Status Code ==> 200
INFO	2020-08-16 00:38:38,626	3442	com.bestbuy.testbase.TestBase	[main]	***** End of T001_Get_Product_All *****
INFO	2020-08-16 00:38:38,629	3445	com.bestbuy.testbase.TestBase	[main]	***** Starting T003_Post_Product *****
INFO	2020-08-16 00:38:38,724	3540	com.bestbuy.testbase.TestBase	[main]	# check_content_type
INFO	2020-08-16 00:38:38,724	3540	com.bestbuy.testbase.TestBase	[main]	Content Type ==> application/json; charset=utf-8
INFO	2020-08-16 00:38:38,728	3544	com.bestbuy.testbase.TestBase	[main]	# check_response_body 
INFO	2020-08-16 00:38:38,728	3544	com.bestbuy.testbase.TestBase	[main]	Response Body: {"id":9999716,"image":"SomeImages","shipping":12.99,"price":1000,"name":"Apple Watch Series Ultimate","upc":"654654321","description":"Series 10","model":"Series 10 - Pro","type":"Electronics","url":"someURLS","manufacturer":"Apple Inc.","updatedAt":"2020-08-16T05:38:38.683Z","createdAt":"2020-08-16T05:38:38.683Z"}
INFO	2020-08-16 00:38:38,731	3547	com.bestbuy.testbase.TestBase	[main]	#check_response_time
INFO	2020-08-16 00:38:38,732	3548	com.bestbuy.testbase.TestBase	[main]	Response Time ==> 84.0
INFO	2020-08-16 00:38:38,735	3551	com.bestbuy.testbase.TestBase	[main]	# check_status_code
INFO	2020-08-16 00:38:38,735	3551	com.bestbuy.testbase.TestBase	[main]	Status code ==> 201
INFO	2020-08-16 00:38:38,737	3553	com.bestbuy.testbase.TestBase	[main]	***** End of T001_Get_Product_All *****
INFO	2020-08-16 00:40:52,318	0	com.bestbuy.testbase.TestBase	[main]	***** Starting T001_Get_Product_All *****
INFO	2020-08-16 00:40:54,497	2179	com.bestbuy.testbase.TestBase	[main]	# check_content_type
INFO	2020-08-16 00:40:54,497	2179	com.bestbuy.testbase.TestBase	[main]	Content Type ==> application/json; charset=utf-8
INFO	2020-08-16 00:40:54,519	2201	com.bestbuy.testbase.TestBase	[main]	# check_response_body 
INFO	2020-08-16 00:40:54,549	2231	com.bestbuy.testbase.TestBase	[main]	Response Body: {"total":51995,"limit":10,"skip":0,"data":[{"id":43900,"name":"Duracell - AAA Batteries (4-Pack)","type":"HardGood","price":5.49,"upc":"041333424019","shipping":0,"description":"Compatible with select electronic devices; AAA size; DURALOCK Power Preserve technology; 4-pack","manufacturer":"Duracell","model":"MN2400B4Z","url":"http://www.bestbuy.com/site/duracell-aaa-batteries-4-pack/43900.p?id=1051384074145&skuId=43900&cmp=RMXCC","image":"http://img.bbystatic.com/BestBuy_US/images/products/4390/43900_sa.jpg","createdAt":"2016-11-17T17:58:03.298Z","updatedAt":"2016-11-17T17:58:03.298Z","categories":[{"id":"abcat0208002","name":"Alkaline Batteries","createdAt":"2016-11-17T17:57:04.285Z","updatedAt":"2016-11-17T17:57:04.285Z"},{"id":"pcmcat248700050021","name":"Housewares","createdAt":"2016-11-17T17:57:05.399Z","updatedAt":"2016-11-17T17:57:05.399Z"},{"id":"pcmcat303600050001","name":"Household Batteries","createdAt":"2016-11-17T17:57:04.285Z","updatedAt":"2016-11-17T17:57:04.285Z"},{"id":"pcmcat312300050015","name":"Connected Home & Housewares","createdAt":"2016-11-17T17:57:04.285Z","updatedAt":"2016-11-17T17:57:04.285Z"}]},{"id":48530,"name":"Duracell - AA 1.5V CopperTop Batteries (4-Pack)","type":"HardGood","price":5.49,"upc":"041333415017","shipping":0,"description":"Long-lasting energy; DURALOCK Power Preserve technology; for toys, clocks, radios, games, remotes, PDAs and more","manufacturer":"Duracell","model":"MN1500B4Z","url":"http://www.bestbuy.com/site/duracell-aa-1-5v-coppertop-batteries-4-pack/48530.p?id=1099385268988&skuId=48530&cmp=RMXCC","image":"http://img.bbystatic.com/BestBuy_US/images/products/4853/48530_sa.jpg","createdAt":"2016-11-17T17:58:03.298Z","updatedAt":"2016-11-17T17:58:03.298Z","categories":[{"id":"abcat0208002","name":"Alkaline Batteries","createdAt":"2016-11-17T17:57:04.285Z","updatedAt":"2016-11-17T17:57:04.285Z"},{"id":"pcmcat248700050021","name":"Housewares","createdAt":"2016-11-17T17:57:05.399Z","updatedAt":"2016-11-17T17:57:05.399Z"},{"id":"pcmcat303600050001","name":"Household Batteries","createdAt":"2016-11-17T17:57:04.285Z","updatedAt":"2016-11-17T17:57:04.285Z"},{"id":"pcmcat312300050015","name":"Connected Home & Housewares","createdAt":"2016-11-17T17:57:04.285Z","updatedAt":"2016-11-17T17:57:04.285Z"}]},{"id":127687,"name":"Duracell - AA Batteries (8-Pack)","type":"HardGood","price":7.49,"upc":"041333825014","shipping":0,"description":"Compatible with select electronic devices; AA size; DURALOCK Power Preserve technology; 8-pack","manufacturer":"Duracell","model":"MN1500B8Z","url":"http://www.bestbuy.com/site/duracell-aa-batteries-8-pack/127687.p?id=1051384045676&skuId=127687&cmp=RMXCC","image":"http://img.bbystatic.com/BestBuy_US/images/products/1276/127687_sa.jpg","createdAt":"2016-11-17T17:58:03.298Z","updatedAt":"2016-11-17T17:58:03.298Z","categories":[{"id":"abcat0208002","name":"Alkaline Batteries","createdAt":"2016-11-17T17:57:04.285Z","updatedAt":"2016-11-17T17:57:04.285Z"},{"id":"pcmcat248700050021","name":"Housewares","createdAt":"2016-11-17T17:57:05.399Z","updatedAt":"2016-11-17T17:57:05.399Z"},{"id":"pcmcat303600050001","name":"Household Batteries","createdAt":"2016-11-17T17:57:04.285Z","updatedAt":"2016-11-17T17:57:04.285Z"},{"id":"pcmcat312300050015","name":"Connected Home & Housewares","createdAt":"2016-11-17T17:57:04.285Z","updatedAt":"2016-11-17T17:57:04.285Z"}]},{"id":150115,"name":"Energizer - MAX Batteries AA (4-Pack)","type":"HardGood","price":4.99,"upc":"039800011329","shipping":0,"description":"4-pack AA alkaline batteries; battery tester included","manufacturer":"Energizer","model":"E91BP-4","url":"http://www.bestbuy.com/site/energizer-max-batteries-aa-4-pack/150115.p?id=1051384046217&skuId=150115&cmp=RMXCC","image":"http://img.bbystatic.com/BestBuy_US/images/products/1501/150115_sa.jpg","createdAt":"2016-11-17T17:58:03.298Z","updatedAt":"2016-11-17T17:58:03.298Z","categories":[{"id":"abcat0208002","name":"Alkaline Batteries","createdAt":"2016-11-17T17:57:04.285Z","updatedAt":"2016-11-17T17:57:04.285Z"},{"id":"pcmcat248700050021","name":"Housewares","createdAt":"2016-11-17T17:57:05.399Z","updatedAt":"2016-11-17T17:57:05.399Z"},{"id":"pcmcat303600050001","name":"Household Batteries","createdAt":"2016-11-17T17:57:04.285Z","updatedAt":"2016-11-17T17:57:04.285Z"},{"id":"pcmcat312300050015","name":"Connected Home & Housewares","createdAt":"2016-11-17T17:57:04.285Z","updatedAt":"2016-11-17T17:57:04.285Z"}]},{"id":185230,"name":"Duracell - C Batteries (4-Pack)","type":"HardGood","price":8.99,"upc":"041333440019","shipping":0,"description":"Compatible with select electronic devices; C size; DURALOCK Power Preserve technology; 4-pack","manufacturer":"Duracell","model":"MN1400R4Z","url":"http://www.bestbuy.com/site/duracell-c-batteries-4-pack/185230.p?id=1051384046486&skuId=185230&cmp=RMXCC","image":"http://img.bbystatic.com/BestBuy_US/images/products/1852/185230_sa.jpg","createdAt":"2016-11-17T17:58:03.298Z","updatedAt":"2016-11-17T17:58:03.298Z","categories":[{"id":"abcat0208002","name":"Alkaline Batteries","createdAt":"2016-11-17T17:57:04.285Z","updatedAt":"2016-11-17T17:57:04.285Z"},{"id":"pcmcat248700050021","name":"Housewares","createdAt":"2016-11-17T17:57:05.399Z","updatedAt":"2016-11-17T17:57:05.399Z"},{"id":"pcmcat303600050001","name":"Household Batteries","createdAt":"2016-11-17T17:57:04.285Z","updatedAt":"2016-11-17T17:57:04.285Z"},{"id":"pcmcat312300050015","name":"Connected Home & Housewares","createdAt":"2016-11-17T17:57:04.285Z","updatedAt":"2016-11-17T17:57:04.285Z"}]},{"id":185267,"name":"Duracell - D Batteries (4-Pack)","type":"HardGood","price":9.99,"upc":"041333430010","shipping":0,"description":"Compatible with select electronic devices; D size; DURALOCK Power Preserve technology; 4-pack","manufacturer":"Duracell","model":"MN1300R4Z","url":"http://www.bestbuy.com/site/duracell-d-batteries-4-pack/185267.p?id=1051384046551&skuId=185267&cmp=RMXCC","image":"http://img.bbystatic.com/BestBuy_US/images/products/1852/185267_sa.jpg","createdAt":"2016-11-17T17:58:03.298Z","updatedAt":"2016-11-17T17:58:03.298Z","categories":[{"id":"abcat0208002","name":"Alkaline Batteries","createdAt":"2016-11-17T17:57:04.285Z","updatedAt":"2016-11-17T17:57:04.285Z"},{"id":"pcmcat248700050021","name":"Housewares","createdAt":"2016-11-17T17:57:05.399Z","updatedAt":"2016-11-17T17:57:05.399Z"},{"id":"pcmcat303600050001","name":"Household Batteries","createdAt":"2016-11-17T17:57:04.285Z","updatedAt":"2016-11-17T17:57:04.285Z"},{"id":"pcmcat312300050015","name":"Connected Home & Housewares","createdAt":"2016-11-17T17:57:04.285Z","updatedAt":"2016-11-17T17:57:04.285Z"}]},{"id":309062,"name":"Pioneer - 4\" 3-Way Surface-Mount Speakers with IMPP Composite Cones (Pair) - Black","type":"HardGood","price":144.99,"upc":"012562165141","shipping":0,"description":"80W maximum power (20W RMS); 4\" IMPP composite cone woofer; 3/4\" horn tweeter","manufacturer":"Pioneer","model":"TS-X200","url":"http://www.bestbuy.com/site/pioneer-4-3-way-surface-mount-speakers-with-impp-composite-cones-pair-black/309062.p?id=1218643240258&skuId=309062&cmp=RMXCC","image":"http://img.bbystatic.com/BestBuy_US/images/products/0309/0309062_sa.jpg","createdAt":"2016-11-17T17:58:03.298Z","updatedAt":"2016-11-17T17:58:03.298Z","categories":[{"id":"abcat0300000","name":"Car Electronics & GPS","createdAt":"2016-11-17T17:57:04.285Z","updatedAt":"2016-11-17T17:57:04.285Z"},{"id":"abcat0302000","name":"Car Audio","createdAt":"2016-11-17T17:57:04.285Z","updatedAt":"2016-11-17T17:57:04.285Z"},{"id":"abcat0302005","name":"Car Speakers","createdAt":"2016-11-17T17:57:04.285Z","updatedAt":"2016-11-17T17:57:04.285Z"},{"id":"pcmcat360500050015","name":"4\" Car Speakers","createdAt":"2016-11-17T17:57:04.643Z","updatedAt":"2016-11-17T17:57:04.643Z"}]},{"id":312290,"name":"Duracell - 9V Batteries (2-Pack)","type":"HardGood","price":7.99,"upc":"041333216010","shipping":0,"description":"Compatible with select electronic devices; alkaline chemistry; 9V size; DURALOCK Power Preserve technology; 2-pack","manufacturer":"Duracell","model":"MN1604B2Z","url":"http://www.bestbuy.com/site/duracell-9v-batteries-2-pack/312290.p?id=1051384050321&skuId=312290&cmp=RMXCC","image":"http://img.bbystatic.com/BestBuy_US/images/products/3122/312290_sa.jpg","createdAt":"2016-11-17T17:58:03.298Z","updatedAt":"2016-11-17T17:58:03.298Z","categories":[{"id":"abcat0208002","name":"Alkaline Batteries","createdAt":"2016-11-17T17:57:04.285Z","updatedAt":"2016-11-17T17:57:04.285Z"},{"id":"pcmcat248700050021","name":"Housewares","createdAt":"2016-11-17T17:57:05.399Z","updatedAt":"2016-11-17T17:57:05.399Z"},{"id":"pcmcat303600050001","name":"Household Batteries","createdAt":"2016-11-17T17:57:04.285Z","updatedAt":"2016-11-17T17:57:04.285Z"},{"id":"pcmcat312300050015","name":"Connected Home & Housewares","createdAt":"2016-11-17T17:57:04.285Z","updatedAt":"2016-11-17T17:57:04.285Z"}]},{"id":333179,"name":"Energizer - N Cell E90 Batteries (2-Pack)","type":"HardGood","price":5.99,"upc":"039800013200","shipping":0,"description":"Alkaline batteries; 1.5V","manufacturer":"Energizer","model":"E90BP-2","url":"http://www.bestbuy.com/site/energizer-n-cell-e90-batteries-2-pack/333179.p?id=1185268509951&skuId=333179&cmp=RMXCC","image":"http://img.bbystatic.com/BestBuy_US/images/products/3331/333179_sa.jpg","createdAt":"2016-11-17T17:58:03.298Z","updatedAt":"2016-11-17T17:58:03.298Z","categories":[{"id":"abcat0208006","name":"Specialty Batteries","createdAt":"2016-11-17T17:57:04.285Z","updatedAt":"2016-11-17T17:57:04.285Z"},{"id":"pcmcat248700050021","name":"Housewares","createdAt":"2016-11-17T17:57:05.399Z","updatedAt":"2016-11-17T17:57:05.399Z"},{"id":"pcmcat303600050001","name":"Household Batteries","createdAt":"2016-11-17T17:57:04.285Z","updatedAt":"2016-11-17T17:57:04.285Z"},{"id":"pcmcat312300050015","name":"Connected Home & Housewares","createdAt":"2016-11-17T17:57:04.285Z","updatedAt":"2016-11-17T17:57:04.285Z"}]},{"id":346575,"name":"Metra - Radio Installation Dash Kit for Most 1989-2000 Ford, Lincoln & Mercury Vehicles - Black","type":"HardGood","price":16.99,"upc":"086429002757","shipping":0,"description":"From our expanded online assortment; compatible with most 1989-2000 Ford, Lincoln and Mercury vehicles; snap-in TurboKit offers fast installation; spacer/trim ring; rear support bracket","manufacturer":"Metra","model":"99-5512","url":"http://www.bestbuy.com/site/metra-radio-installation-dash-kit-for-most-1989-2000-ford-lincoln-mercury-vehicles-black/346575.p?id=1218118704590&skuId=346575&cmp=RMXCC","image":"http://img.bbystatic.com/BestBuy_US/images/products/3465/346575_rc.jpg","createdAt":"2016-11-17T17:58:03.298Z","updatedAt":"2016-11-17T17:58:03.298Z","categories":[{"id":"abcat0300000","name":"Car Electronics & GPS","createdAt":"2016-11-17T17:57:04.285Z","updatedAt":"2016-11-17T17:57:04.285Z"},{"id":"pcmcat165900050023","name":"Car Installation Parts & Accessories","createdAt":"2016-11-17T17:57:05.399Z","updatedAt":"2016-11-17T17:57:05.399Z"},{"id":"pcmcat165900050031","name":"Deck Installation Parts","createdAt":"2016-11-17T17:57:05.399Z","updatedAt":"2016-11-17T17:57:05.399Z"},{"id":"pcmcat165900050033","name":"Dash Installation Kits","createdAt":"2016-11-17T17:57:05.399Z","updatedAt":"2016-11-17T17:57:05.399Z"},{"id":"pcmcat331600050007","name":"Car Audio Installation Parts","createdAt":"2016-11-17T17:57:04.643Z","updatedAt":"2016-11-17T17:57:04.643Z"}]}]}
INFO	2020-08-16 00:40:55,311	2993	com.bestbuy.testbase.TestBase	[main]	#check_response_time
INFO	2020-08-16 00:40:55,313	2995	com.bestbuy.testbase.TestBase	[main]	Response Time ==> 911.0
INFO	2020-08-16 00:40:55,317	2999	com.bestbuy.testbase.TestBase	[main]	# check_status_code 
INFO	2020-08-16 00:40:55,317	2999	com.bestbuy.testbase.TestBase	[main]	Status Code ==> 200
INFO	2020-08-16 00:40:55,320	3002	com.bestbuy.testbase.TestBase	[main]	***** End of T001_Get_Product_All *****
INFO	2020-08-16 00:40:55,325	3007	com.bestbuy.testbase.TestBase	[main]	***** Starting T002_Get_Product_Single *****
INFO	2020-08-16 00:40:55,351	3033	com.bestbuy.testbase.TestBase	[main]	# check_content_type
INFO	2020-08-16 00:40:55,351	3033	com.bestbuy.testbase.TestBase	[main]	Content Type ==> application/json; charset=utf-8
INFO	2020-08-16 00:40:55,354	3036	com.bestbuy.testbase.TestBase	[main]	# check_response_body 
INFO	2020-08-16 00:40:55,355	3037	com.bestbuy.testbase.TestBase	[main]	Response Body: {"id":43900,"name":"Duracell - AAA Batteries (4-Pack)","type":"HardGood","price":5.49,"upc":"041333424019","shipping":0,"description":"Compatible with select electronic devices; AAA size; DURALOCK Power Preserve technology; 4-pack","manufacturer":"Duracell","model":"MN2400B4Z","url":"http://www.bestbuy.com/site/duracell-aaa-batteries-4-pack/43900.p?id=1051384074145&skuId=43900&cmp=RMXCC","image":"http://img.bbystatic.com/BestBuy_US/images/products/4390/43900_sa.jpg","createdAt":"2016-11-17T17:58:03.298Z","updatedAt":"2016-11-17T17:58:03.298Z","categories":[{"id":"abcat0208002","name":"Alkaline Batteries","createdAt":"2016-11-17T17:57:04.285Z","updatedAt":"2016-11-17T17:57:04.285Z"},{"id":"pcmcat248700050021","name":"Housewares","createdAt":"2016-11-17T17:57:05.399Z","updatedAt":"2016-11-17T17:57:05.399Z"},{"id":"pcmcat303600050001","name":"Household Batteries","createdAt":"2016-11-17T17:57:04.285Z","updatedAt":"2016-11-17T17:57:04.285Z"},{"id":"pcmcat312300050015","name":"Connected Home & Housewares","createdAt":"2016-11-17T17:57:04.285Z","updatedAt":"2016-11-17T17:57:04.285Z"}]}
INFO	2020-08-16 00:40:55,359	3041	com.bestbuy.testbase.TestBase	[main]	#check_response_content
INFO	2020-08-16 00:40:55,381	3063	com.bestbuy.testbase.TestBase	[main]	#check_response_id
INFO	2020-08-16 00:40:55,399	3081	com.bestbuy.testbase.TestBase	[main]	Product ID ==> 43900
INFO	2020-08-16 00:40:55,403	3085	com.bestbuy.testbase.TestBase	[main]	#check_response_time
INFO	2020-08-16 00:40:55,403	3085	com.bestbuy.testbase.TestBase	[main]	Response Time ==> 21.0
INFO	2020-08-16 00:40:55,406	3088	com.bestbuy.testbase.TestBase	[main]	# check_status_code 
INFO	2020-08-16 00:40:55,407	3089	com.bestbuy.testbase.TestBase	[main]	Status Code ==> 200
INFO	2020-08-16 00:40:55,408	3090	com.bestbuy.testbase.TestBase	[main]	***** End of T001_Get_Product_All *****
INFO	2020-08-16 00:40:55,412	3094	com.bestbuy.testbase.TestBase	[main]	***** Starting T003_Post_Product *****
INFO	2020-08-16 00:40:55,492	3174	com.bestbuy.testbase.TestBase	[main]	# check_content_type
INFO	2020-08-16 00:40:55,492	3174	com.bestbuy.testbase.TestBase	[main]	Content Type ==> application/json; charset=utf-8
INFO	2020-08-16 00:40:55,494	3176	com.bestbuy.testbase.TestBase	[main]	# check_response_body 
INFO	2020-08-16 00:40:55,495	3177	com.bestbuy.testbase.TestBase	[main]	Response Body: {"id":9999717,"image":"SomeImages","shipping":12.99,"price":1000,"name":"Apple Watch Series Ultimate","upc":"654654321","description":"Series 10","model":"Series 10 - Pro","type":"Electronics","url":"someURLS","manufacturer":"Apple Inc.","updatedAt":"2020-08-16T05:40:55.476Z","createdAt":"2020-08-16T05:40:55.476Z"}
INFO	2020-08-16 00:40:55,497	3179	com.bestbuy.testbase.TestBase	[main]	#check_response_time
INFO	2020-08-16 00:40:55,497	3179	com.bestbuy.testbase.TestBase	[main]	Response Time ==> 65.0
INFO	2020-08-16 00:40:55,501	3183	com.bestbuy.testbase.TestBase	[main]	# check_status_code
INFO	2020-08-16 00:40:55,501	3183	com.bestbuy.testbase.TestBase	[main]	Status code ==> 201
INFO	2020-08-16 00:40:55,502	3184	com.bestbuy.testbase.TestBase	[main]	***** End of T001_Get_Product_All *****
INFO	2020-08-16 00:45:56,016	0	com.bestbuy.testbase.TestBase	[main]	***** Starting T001_Get_Product_All *****
INFO	2020-08-16 00:45:57,732	1716	com.bestbuy.testbase.TestBase	[main]	# check_content_type
INFO	2020-08-16 00:45:57,732	1716	com.bestbuy.testbase.TestBase	[main]	Content Type ==> application/json; charset=utf-8
INFO	2020-08-16 00:45:57,747	1731	com.bestbuy.testbase.TestBase	[main]	# check_response_body 
INFO	2020-08-16 00:45:57,783	1767	com.bestbuy.testbase.TestBase	[main]	Response Body: {"total":51996,"limit":10,"skip":0,"data":[{"id":43900,"name":"Duracell - AAA Batteries (4-Pack)","type":"HardGood","price":5.49,"upc":"041333424019","shipping":0,"description":"Compatible with select electronic devices; AAA size; DURALOCK Power Preserve technology; 4-pack","manufacturer":"Duracell","model":"MN2400B4Z","url":"http://www.bestbuy.com/site/duracell-aaa-batteries-4-pack/43900.p?id=1051384074145&skuId=43900&cmp=RMXCC","image":"http://img.bbystatic.com/BestBuy_US/images/products/4390/43900_sa.jpg","createdAt":"2016-11-17T17:58:03.298Z","updatedAt":"2016-11-17T17:58:03.298Z","categories":[{"id":"abcat0208002","name":"Alkaline Batteries","createdAt":"2016-11-17T17:57:04.285Z","updatedAt":"2016-11-17T17:57:04.285Z"},{"id":"pcmcat248700050021","name":"Housewares","createdAt":"2016-11-17T17:57:05.399Z","updatedAt":"2016-11-17T17:57:05.399Z"},{"id":"pcmcat303600050001","name":"Household Batteries","createdAt":"2016-11-17T17:57:04.285Z","updatedAt":"2016-11-17T17:57:04.285Z"},{"id":"pcmcat312300050015","name":"Connected Home & Housewares","createdAt":"2016-11-17T17:57:04.285Z","updatedAt":"2016-11-17T17:57:04.285Z"}]},{"id":48530,"name":"Duracell - AA 1.5V CopperTop Batteries (4-Pack)","type":"HardGood","price":5.49,"upc":"041333415017","shipping":0,"description":"Long-lasting energy; DURALOCK Power Preserve technology; for toys, clocks, radios, games, remotes, PDAs and more","manufacturer":"Duracell","model":"MN1500B4Z","url":"http://www.bestbuy.com/site/duracell-aa-1-5v-coppertop-batteries-4-pack/48530.p?id=1099385268988&skuId=48530&cmp=RMXCC","image":"http://img.bbystatic.com/BestBuy_US/images/products/4853/48530_sa.jpg","createdAt":"2016-11-17T17:58:03.298Z","updatedAt":"2016-11-17T17:58:03.298Z","categories":[{"id":"abcat0208002","name":"Alkaline Batteries","createdAt":"2016-11-17T17:57:04.285Z","updatedAt":"2016-11-17T17:57:04.285Z"},{"id":"pcmcat248700050021","name":"Housewares","createdAt":"2016-11-17T17:57:05.399Z","updatedAt":"2016-11-17T17:57:05.399Z"},{"id":"pcmcat303600050001","name":"Household Batteries","createdAt":"2016-11-17T17:57:04.285Z","updatedAt":"2016-11-17T17:57:04.285Z"},{"id":"pcmcat312300050015","name":"Connected Home & Housewares","createdAt":"2016-11-17T17:57:04.285Z","updatedAt":"2016-11-17T17:57:04.285Z"}]},{"id":127687,"name":"Duracell - AA Batteries (8-Pack)","type":"HardGood","price":7.49,"upc":"041333825014","shipping":0,"description":"Compatible with select electronic devices; AA size; DURALOCK Power Preserve technology; 8-pack","manufacturer":"Duracell","model":"MN1500B8Z","url":"http://www.bestbuy.com/site/duracell-aa-batteries-8-pack/127687.p?id=1051384045676&skuId=127687&cmp=RMXCC","image":"http://img.bbystatic.com/BestBuy_US/images/products/1276/127687_sa.jpg","createdAt":"2016-11-17T17:58:03.298Z","updatedAt":"2016-11-17T17:58:03.298Z","categories":[{"id":"abcat0208002","name":"Alkaline Batteries","createdAt":"2016-11-17T17:57:04.285Z","updatedAt":"2016-11-17T17:57:04.285Z"},{"id":"pcmcat248700050021","name":"Housewares","createdAt":"2016-11-17T17:57:05.399Z","updatedAt":"2016-11-17T17:57:05.399Z"},{"id":"pcmcat303600050001","name":"Household Batteries","createdAt":"2016-11-17T17:57:04.285Z","updatedAt":"2016-11-17T17:57:04.285Z"},{"id":"pcmcat312300050015","name":"Connected Home & Housewares","createdAt":"2016-11-17T17:57:04.285Z","updatedAt":"2016-11-17T17:57:04.285Z"}]},{"id":150115,"name":"Energizer - MAX Batteries AA (4-Pack)","type":"HardGood","price":4.99,"upc":"039800011329","shipping":0,"description":"4-pack AA alkaline batteries; battery tester included","manufacturer":"Energizer","model":"E91BP-4","url":"http://www.bestbuy.com/site/energizer-max-batteries-aa-4-pack/150115.p?id=1051384046217&skuId=150115&cmp=RMXCC","image":"http://img.bbystatic.com/BestBuy_US/images/products/1501/150115_sa.jpg","createdAt":"2016-11-17T17:58:03.298Z","updatedAt":"2016-11-17T17:58:03.298Z","categories":[{"id":"abcat0208002","name":"Alkaline Batteries","createdAt":"2016-11-17T17:57:04.285Z","updatedAt":"2016-11-17T17:57:04.285Z"},{"id":"pcmcat248700050021","name":"Housewares","createdAt":"2016-11-17T17:57:05.399Z","updatedAt":"2016-11-17T17:57:05.399Z"},{"id":"pcmcat303600050001","name":"Household Batteries","createdAt":"2016-11-17T17:57:04.285Z","updatedAt":"2016-11-17T17:57:04.285Z"},{"id":"pcmcat312300050015","name":"Connected Home & Housewares","createdAt":"2016-11-17T17:57:04.285Z","updatedAt":"2016-11-17T17:57:04.285Z"}]},{"id":185230,"name":"Duracell - C Batteries (4-Pack)","type":"HardGood","price":8.99,"upc":"041333440019","shipping":0,"description":"Compatible with select electronic devices; C size; DURALOCK Power Preserve technology; 4-pack","manufacturer":"Duracell","model":"MN1400R4Z","url":"http://www.bestbuy.com/site/duracell-c-batteries-4-pack/185230.p?id=1051384046486&skuId=185230&cmp=RMXCC","image":"http://img.bbystatic.com/BestBuy_US/images/products/1852/185230_sa.jpg","createdAt":"2016-11-17T17:58:03.298Z","updatedAt":"2016-11-17T17:58:03.298Z","categories":[{"id":"abcat0208002","name":"Alkaline Batteries","createdAt":"2016-11-17T17:57:04.285Z","updatedAt":"2016-11-17T17:57:04.285Z"},{"id":"pcmcat248700050021","name":"Housewares","createdAt":"2016-11-17T17:57:05.399Z","updatedAt":"2016-11-17T17:57:05.399Z"},{"id":"pcmcat303600050001","name":"Household Batteries","createdAt":"2016-11-17T17:57:04.285Z","updatedAt":"2016-11-17T17:57:04.285Z"},{"id":"pcmcat312300050015","name":"Connected Home & Housewares","createdAt":"2016-11-17T17:57:04.285Z","updatedAt":"2016-11-17T17:57:04.285Z"}]},{"id":185267,"name":"Duracell - D Batteries (4-Pack)","type":"HardGood","price":9.99,"upc":"041333430010","shipping":0,"description":"Compatible with select electronic devices; D size; DURALOCK Power Preserve technology; 4-pack","manufacturer":"Duracell","model":"MN1300R4Z","url":"http://www.bestbuy.com/site/duracell-d-batteries-4-pack/185267.p?id=1051384046551&skuId=185267&cmp=RMXCC","image":"http://img.bbystatic.com/BestBuy_US/images/products/1852/185267_sa.jpg","createdAt":"2016-11-17T17:58:03.298Z","updatedAt":"2016-11-17T17:58:03.298Z","categories":[{"id":"abcat0208002","name":"Alkaline Batteries","createdAt":"2016-11-17T17:57:04.285Z","updatedAt":"2016-11-17T17:57:04.285Z"},{"id":"pcmcat248700050021","name":"Housewares","createdAt":"2016-11-17T17:57:05.399Z","updatedAt":"2016-11-17T17:57:05.399Z"},{"id":"pcmcat303600050001","name":"Household Batteries","createdAt":"2016-11-17T17:57:04.285Z","updatedAt":"2016-11-17T17:57:04.285Z"},{"id":"pcmcat312300050015","name":"Connected Home & Housewares","createdAt":"2016-11-17T17:57:04.285Z","updatedAt":"2016-11-17T17:57:04.285Z"}]},{"id":309062,"name":"Pioneer - 4\" 3-Way Surface-Mount Speakers with IMPP Composite Cones (Pair) - Black","type":"HardGood","price":144.99,"upc":"012562165141","shipping":0,"description":"80W maximum power (20W RMS); 4\" IMPP composite cone woofer; 3/4\" horn tweeter","manufacturer":"Pioneer","model":"TS-X200","url":"http://www.bestbuy.com/site/pioneer-4-3-way-surface-mount-speakers-with-impp-composite-cones-pair-black/309062.p?id=1218643240258&skuId=309062&cmp=RMXCC","image":"http://img.bbystatic.com/BestBuy_US/images/products/0309/0309062_sa.jpg","createdAt":"2016-11-17T17:58:03.298Z","updatedAt":"2016-11-17T17:58:03.298Z","categories":[{"id":"abcat0300000","name":"Car Electronics & GPS","createdAt":"2016-11-17T17:57:04.285Z","updatedAt":"2016-11-17T17:57:04.285Z"},{"id":"abcat0302000","name":"Car Audio","createdAt":"2016-11-17T17:57:04.285Z","updatedAt":"2016-11-17T17:57:04.285Z"},{"id":"abcat0302005","name":"Car Speakers","createdAt":"2016-11-17T17:57:04.285Z","updatedAt":"2016-11-17T17:57:04.285Z"},{"id":"pcmcat360500050015","name":"4\" Car Speakers","createdAt":"2016-11-17T17:57:04.643Z","updatedAt":"2016-11-17T17:57:04.643Z"}]},{"id":312290,"name":"Duracell - 9V Batteries (2-Pack)","type":"HardGood","price":7.99,"upc":"041333216010","shipping":0,"description":"Compatible with select electronic devices; alkaline chemistry; 9V size; DURALOCK Power Preserve technology; 2-pack","manufacturer":"Duracell","model":"MN1604B2Z","url":"http://www.bestbuy.com/site/duracell-9v-batteries-2-pack/312290.p?id=1051384050321&skuId=312290&cmp=RMXCC","image":"http://img.bbystatic.com/BestBuy_US/images/products/3122/312290_sa.jpg","createdAt":"2016-11-17T17:58:03.298Z","updatedAt":"2016-11-17T17:58:03.298Z","categories":[{"id":"abcat0208002","name":"Alkaline Batteries","createdAt":"2016-11-17T17:57:04.285Z","updatedAt":"2016-11-17T17:57:04.285Z"},{"id":"pcmcat248700050021","name":"Housewares","createdAt":"2016-11-17T17:57:05.399Z","updatedAt":"2016-11-17T17:57:05.399Z"},{"id":"pcmcat303600050001","name":"Household Batteries","createdAt":"2016-11-17T17:57:04.285Z","updatedAt":"2016-11-17T17:57:04.285Z"},{"id":"pcmcat312300050015","name":"Connected Home & Housewares","createdAt":"2016-11-17T17:57:04.285Z","updatedAt":"2016-11-17T17:57:04.285Z"}]},{"id":333179,"name":"Energizer - N Cell E90 Batteries (2-Pack)","type":"HardGood","price":5.99,"upc":"039800013200","shipping":0,"description":"Alkaline batteries; 1.5V","manufacturer":"Energizer","model":"E90BP-2","url":"http://www.bestbuy.com/site/energizer-n-cell-e90-batteries-2-pack/333179.p?id=1185268509951&skuId=333179&cmp=RMXCC","image":"http://img.bbystatic.com/BestBuy_US/images/products/3331/333179_sa.jpg","createdAt":"2016-11-17T17:58:03.298Z","updatedAt":"2016-11-17T17:58:03.298Z","categories":[{"id":"abcat0208006","name":"Specialty Batteries","createdAt":"2016-11-17T17:57:04.285Z","updatedAt":"2016-11-17T17:57:04.285Z"},{"id":"pcmcat248700050021","name":"Housewares","createdAt":"2016-11-17T17:57:05.399Z","updatedAt":"2016-11-17T17:57:05.399Z"},{"id":"pcmcat303600050001","name":"Household Batteries","createdAt":"2016-11-17T17:57:04.285Z","updatedAt":"2016-11-17T17:57:04.285Z"},{"id":"pcmcat312300050015","name":"Connected Home & Housewares","createdAt":"2016-11-17T17:57:04.285Z","updatedAt":"2016-11-17T17:57:04.285Z"}]},{"id":346575,"name":"Metra - Radio Installation Dash Kit for Most 1989-2000 Ford, Lincoln & Mercury Vehicles - Black","type":"HardGood","price":16.99,"upc":"086429002757","shipping":0,"description":"From our expanded online assortment; compatible with most 1989-2000 Ford, Lincoln and Mercury vehicles; snap-in TurboKit offers fast installation; spacer/trim ring; rear support bracket","manufacturer":"Metra","model":"99-5512","url":"http://www.bestbuy.com/site/metra-radio-installation-dash-kit-for-most-1989-2000-ford-lincoln-mercury-vehicles-black/346575.p?id=1218118704590&skuId=346575&cmp=RMXCC","image":"http://img.bbystatic.com/BestBuy_US/images/products/3465/346575_rc.jpg","createdAt":"2016-11-17T17:58:03.298Z","updatedAt":"2016-11-17T17:58:03.298Z","categories":[{"id":"abcat0300000","name":"Car Electronics & GPS","createdAt":"2016-11-17T17:57:04.285Z","updatedAt":"2016-11-17T17:57:04.285Z"},{"id":"pcmcat165900050023","name":"Car Installation Parts & Accessories","createdAt":"2016-11-17T17:57:05.399Z","updatedAt":"2016-11-17T17:57:05.399Z"},{"id":"pcmcat165900050031","name":"Deck Installation Parts","createdAt":"2016-11-17T17:57:05.399Z","updatedAt":"2016-11-17T17:57:05.399Z"},{"id":"pcmcat165900050033","name":"Dash Installation Kits","createdAt":"2016-11-17T17:57:05.399Z","updatedAt":"2016-11-17T17:57:05.399Z"},{"id":"pcmcat331600050007","name":"Car Audio Installation Parts","createdAt":"2016-11-17T17:57:04.643Z","updatedAt":"2016-11-17T17:57:04.643Z"}]}]}
INFO	2020-08-16 00:45:58,370	2354	com.bestbuy.testbase.TestBase	[main]	#check_response_time
INFO	2020-08-16 00:45:58,373	2357	com.bestbuy.testbase.TestBase	[main]	Response Time ==> 728.0
INFO	2020-08-16 00:45:58,375	2359	com.bestbuy.testbase.TestBase	[main]	# check_status_code 
INFO	2020-08-16 00:45:58,376	2360	com.bestbuy.testbase.TestBase	[main]	Status Code ==> 200
INFO	2020-08-16 00:45:58,378	2362	com.bestbuy.testbase.TestBase	[main]	***** End of T001_Get_Product_All *****
INFO	2020-08-16 00:45:58,383	2367	com.bestbuy.testbase.TestBase	[main]	***** Starting T002_Get_Product_Single *****
INFO	2020-08-16 00:45:58,410	2394	com.bestbuy.testbase.TestBase	[main]	# check_content_type
INFO	2020-08-16 00:45:58,410	2394	com.bestbuy.testbase.TestBase	[main]	Content Type ==> application/json; charset=utf-8
INFO	2020-08-16 00:45:58,413	2397	com.bestbuy.testbase.TestBase	[main]	# check_response_body 
INFO	2020-08-16 00:45:58,414	2398	com.bestbuy.testbase.TestBase	[main]	Response Body: {"id":43900,"name":"Duracell - AAA Batteries (4-Pack)","type":"HardGood","price":5.49,"upc":"041333424019","shipping":0,"description":"Compatible with select electronic devices; AAA size; DURALOCK Power Preserve technology; 4-pack","manufacturer":"Duracell","model":"MN2400B4Z","url":"http://www.bestbuy.com/site/duracell-aaa-batteries-4-pack/43900.p?id=1051384074145&skuId=43900&cmp=RMXCC","image":"http://img.bbystatic.com/BestBuy_US/images/products/4390/43900_sa.jpg","createdAt":"2016-11-17T17:58:03.298Z","updatedAt":"2016-11-17T17:58:03.298Z","categories":[{"id":"abcat0208002","name":"Alkaline Batteries","createdAt":"2016-11-17T17:57:04.285Z","updatedAt":"2016-11-17T17:57:04.285Z"},{"id":"pcmcat248700050021","name":"Housewares","createdAt":"2016-11-17T17:57:05.399Z","updatedAt":"2016-11-17T17:57:05.399Z"},{"id":"pcmcat303600050001","name":"Household Batteries","createdAt":"2016-11-17T17:57:04.285Z","updatedAt":"2016-11-17T17:57:04.285Z"},{"id":"pcmcat312300050015","name":"Connected Home & Housewares","createdAt":"2016-11-17T17:57:04.285Z","updatedAt":"2016-11-17T17:57:04.285Z"}]}
INFO	2020-08-16 00:45:58,417	2401	com.bestbuy.testbase.TestBase	[main]	#check_response_content
INFO	2020-08-16 00:45:58,440	2424	com.bestbuy.testbase.TestBase	[main]	#check_response_id
INFO	2020-08-16 00:45:58,454	2438	com.bestbuy.testbase.TestBase	[main]	Product ID ==> 43900
INFO	2020-08-16 00:45:58,457	2441	com.bestbuy.testbase.TestBase	[main]	#check_response_time
INFO	2020-08-16 00:45:58,457	2441	com.bestbuy.testbase.TestBase	[main]	Response Time ==> 23.0
INFO	2020-08-16 00:45:58,462	2446	com.bestbuy.testbase.TestBase	[main]	# check_status_code 
INFO	2020-08-16 00:45:58,462	2446	com.bestbuy.testbase.TestBase	[main]	Status Code ==> 200
INFO	2020-08-16 00:45:58,463	2447	com.bestbuy.testbase.TestBase	[main]	***** End of T001_Get_Product_All *****
INFO	2020-08-16 00:45:58,466	2450	com.bestbuy.testbase.TestBase	[main]	***** Starting T003_Post_Product *****
INFO	2020-08-16 00:45:58,533	2517	com.bestbuy.testbase.TestBase	[main]	# check_content_type
INFO	2020-08-16 00:45:58,533	2517	com.bestbuy.testbase.TestBase	[main]	Content Type ==> application/json; charset=utf-8
INFO	2020-08-16 00:45:58,535	2519	com.bestbuy.testbase.TestBase	[main]	# check_response_body 
INFO	2020-08-16 00:45:58,535	2519	com.bestbuy.testbase.TestBase	[main]	Response Body: {"id":9999718,"image":"SomeImages","shipping":12.99,"price":1000,"name":"Apple Watch Series Ultimate","upc":"654654321","description":"Series 10","model":"Series 10 - Pro","type":"Electronics","url":"someURLS","manufacturer":"Apple Inc.","updatedAt":"2020-08-16T05:45:58.523Z","createdAt":"2020-08-16T05:45:58.523Z"}
INFO	2020-08-16 00:45:58,537	2521	com.bestbuy.testbase.TestBase	[main]	#check_response_time
INFO	2020-08-16 00:45:58,538	2522	com.bestbuy.testbase.TestBase	[main]	Response Time ==> 54.0
INFO	2020-08-16 00:45:58,539	2523	com.bestbuy.testbase.TestBase	[main]	# check_status_code
INFO	2020-08-16 00:45:58,539	2523	com.bestbuy.testbase.TestBase	[main]	Status code ==> 201
INFO	2020-08-16 00:45:58,541	2525	com.bestbuy.testbase.TestBase	[main]	***** End of T001_Get_Product_All *****
INFO	2020-08-16 13:38:53,389	0	com.bestbuy.testbase.TestBase	[main]	***** Starting T001_Get_Product_All *****
INFO	2020-08-16 13:38:59,193	5804	com.bestbuy.testbase.TestBase	[main]	***** Starting T002_Get_Product_Single *****
INFO	2020-08-16 13:39:03,210	9821	com.bestbuy.testbase.TestBase	[main]	***** Starting T003_Post_Product *****
INFO	2020-08-16 13:45:49,172	0	com.bestbuy.testbase.TestBase	[main]	***** Starting T001_Get_Product_All *****
INFO	2020-08-16 13:45:50,752	1580	com.bestbuy.testbase.TestBase	[main]	# check_content_type
INFO	2020-08-16 13:45:50,752	1580	com.bestbuy.testbase.TestBase	[main]	Content Type ==> application/json; charset=utf-8
INFO	2020-08-16 13:45:50,763	1591	com.bestbuy.testbase.TestBase	[main]	# check_response_body 
INFO	2020-08-16 13:45:50,781	1609	com.bestbuy.testbase.TestBase	[main]	Response Body: {"total":51997,"limit":10,"skip":0,"data":[{"id":43900,"name":"Duracell - AAA Batteries (4-Pack)","type":"HardGood","price":5.49,"upc":"041333424019","shipping":0,"description":"Compatible with select electronic devices; AAA size; DURALOCK Power Preserve technology; 4-pack","manufacturer":"Duracell","model":"MN2400B4Z","url":"http://www.bestbuy.com/site/duracell-aaa-batteries-4-pack/43900.p?id=1051384074145&skuId=43900&cmp=RMXCC","image":"http://img.bbystatic.com/BestBuy_US/images/products/4390/43900_sa.jpg","createdAt":"2016-11-17T17:58:03.298Z","updatedAt":"2016-11-17T17:58:03.298Z","categories":[{"id":"abcat0208002","name":"Alkaline Batteries","createdAt":"2016-11-17T17:57:04.285Z","updatedAt":"2016-11-17T17:57:04.285Z"},{"id":"pcmcat248700050021","name":"Housewares","createdAt":"2016-11-17T17:57:05.399Z","updatedAt":"2016-11-17T17:57:05.399Z"},{"id":"pcmcat303600050001","name":"Household Batteries","createdAt":"2016-11-17T17:57:04.285Z","updatedAt":"2016-11-17T17:57:04.285Z"},{"id":"pcmcat312300050015","name":"Connected Home & Housewares","createdAt":"2016-11-17T17:57:04.285Z","updatedAt":"2016-11-17T17:57:04.285Z"}]},{"id":48530,"name":"Duracell - AA 1.5V CopperTop Batteries (4-Pack)","type":"HardGood","price":5.49,"upc":"041333415017","shipping":0,"description":"Long-lasting energy; DURALOCK Power Preserve technology; for toys, clocks, radios, games, remotes, PDAs and more","manufacturer":"Duracell","model":"MN1500B4Z","url":"http://www.bestbuy.com/site/duracell-aa-1-5v-coppertop-batteries-4-pack/48530.p?id=1099385268988&skuId=48530&cmp=RMXCC","image":"http://img.bbystatic.com/BestBuy_US/images/products/4853/48530_sa.jpg","createdAt":"2016-11-17T17:58:03.298Z","updatedAt":"2016-11-17T17:58:03.298Z","categories":[{"id":"abcat0208002","name":"Alkaline Batteries","createdAt":"2016-11-17T17:57:04.285Z","updatedAt":"2016-11-17T17:57:04.285Z"},{"id":"pcmcat248700050021","name":"Housewares","createdAt":"2016-11-17T17:57:05.399Z","updatedAt":"2016-11-17T17:57:05.399Z"},{"id":"pcmcat303600050001","name":"Household Batteries","createdAt":"2016-11-17T17:57:04.285Z","updatedAt":"2016-11-17T17:57:04.285Z"},{"id":"pcmcat312300050015","name":"Connected Home & Housewares","createdAt":"2016-11-17T17:57:04.285Z","updatedAt":"2016-11-17T17:57:04.285Z"}]},{"id":127687,"name":"Duracell - AA Batteries (8-Pack)","type":"HardGood","price":7.49,"upc":"041333825014","shipping":0,"description":"Compatible with select electronic devices; AA size; DURALOCK Power Preserve technology; 8-pack","manufacturer":"Duracell","model":"MN1500B8Z","url":"http://www.bestbuy.com/site/duracell-aa-batteries-8-pack/127687.p?id=1051384045676&skuId=127687&cmp=RMXCC","image":"http://img.bbystatic.com/BestBuy_US/images/products/1276/127687_sa.jpg","createdAt":"2016-11-17T17:58:03.298Z","updatedAt":"2016-11-17T17:58:03.298Z","categories":[{"id":"abcat0208002","name":"Alkaline Batteries","createdAt":"2016-11-17T17:57:04.285Z","updatedAt":"2016-11-17T17:57:04.285Z"},{"id":"pcmcat248700050021","name":"Housewares","createdAt":"2016-11-17T17:57:05.399Z","updatedAt":"2016-11-17T17:57:05.399Z"},{"id":"pcmcat303600050001","name":"Household Batteries","createdAt":"2016-11-17T17:57:04.285Z","updatedAt":"2016-11-17T17:57:04.285Z"},{"id":"pcmcat312300050015","name":"Connected Home & Housewares","createdAt":"2016-11-17T17:57:04.285Z","updatedAt":"2016-11-17T17:57:04.285Z"}]},{"id":150115,"name":"Energizer - MAX Batteries AA (4-Pack)","type":"HardGood","price":4.99,"upc":"039800011329","shipping":0,"description":"4-pack AA alkaline batteries; battery tester included","manufacturer":"Energizer","model":"E91BP-4","url":"http://www.bestbuy.com/site/energizer-max-batteries-aa-4-pack/150115.p?id=1051384046217&skuId=150115&cmp=RMXCC","image":"http://img.bbystatic.com/BestBuy_US/images/products/1501/150115_sa.jpg","createdAt":"2016-11-17T17:58:03.298Z","updatedAt":"2016-11-17T17:58:03.298Z","categories":[{"id":"abcat0208002","name":"Alkaline Batteries","createdAt":"2016-11-17T17:57:04.285Z","updatedAt":"2016-11-17T17:57:04.285Z"},{"id":"pcmcat248700050021","name":"Housewares","createdAt":"2016-11-17T17:57:05.399Z","updatedAt":"2016-11-17T17:57:05.399Z"},{"id":"pcmcat303600050001","name":"Household Batteries","createdAt":"2016-11-17T17:57:04.285Z","updatedAt":"2016-11-17T17:57:04.285Z"},{"id":"pcmcat312300050015","name":"Connected Home & Housewares","createdAt":"2016-11-17T17:57:04.285Z","updatedAt":"2016-11-17T17:57:04.285Z"}]},{"id":185230,"name":"Duracell - C Batteries (4-Pack)","type":"HardGood","price":8.99,"upc":"041333440019","shipping":0,"description":"Compatible with select electronic devices; C size; DURALOCK Power Preserve technology; 4-pack","manufacturer":"Duracell","model":"MN1400R4Z","url":"http://www.bestbuy.com/site/duracell-c-batteries-4-pack/185230.p?id=1051384046486&skuId=185230&cmp=RMXCC","image":"http://img.bbystatic.com/BestBuy_US/images/products/1852/185230_sa.jpg","createdAt":"2016-11-17T17:58:03.298Z","updatedAt":"2016-11-17T17:58:03.298Z","categories":[{"id":"abcat0208002","name":"Alkaline Batteries","createdAt":"2016-11-17T17:57:04.285Z","updatedAt":"2016-11-17T17:57:04.285Z"},{"id":"pcmcat248700050021","name":"Housewares","createdAt":"2016-11-17T17:57:05.399Z","updatedAt":"2016-11-17T17:57:05.399Z"},{"id":"pcmcat303600050001","name":"Household Batteries","createdAt":"2016-11-17T17:57:04.285Z","updatedAt":"2016-11-17T17:57:04.285Z"},{"id":"pcmcat312300050015","name":"Connected Home & Housewares","createdAt":"2016-11-17T17:57:04.285Z","updatedAt":"2016-11-17T17:57:04.285Z"}]},{"id":185267,"name":"Duracell - D Batteries (4-Pack)","type":"HardGood","price":9.99,"upc":"041333430010","shipping":0,"description":"Compatible with select electronic devices; D size; DURALOCK Power Preserve technology; 4-pack","manufacturer":"Duracell","model":"MN1300R4Z","url":"http://www.bestbuy.com/site/duracell-d-batteries-4-pack/185267.p?id=1051384046551&skuId=185267&cmp=RMXCC","image":"http://img.bbystatic.com/BestBuy_US/images/products/1852/185267_sa.jpg","createdAt":"2016-11-17T17:58:03.298Z","updatedAt":"2016-11-17T17:58:03.298Z","categories":[{"id":"abcat0208002","name":"Alkaline Batteries","createdAt":"2016-11-17T17:57:04.285Z","updatedAt":"2016-11-17T17:57:04.285Z"},{"id":"pcmcat248700050021","name":"Housewares","createdAt":"2016-11-17T17:57:05.399Z","updatedAt":"2016-11-17T17:57:05.399Z"},{"id":"pcmcat303600050001","name":"Household Batteries","createdAt":"2016-11-17T17:57:04.285Z","updatedAt":"2016-11-17T17:57:04.285Z"},{"id":"pcmcat312300050015","name":"Connected Home & Housewares","createdAt":"2016-11-17T17:57:04.285Z","updatedAt":"2016-11-17T17:57:04.285Z"}]},{"id":309062,"name":"Pioneer - 4\" 3-Way Surface-Mount Speakers with IMPP Composite Cones (Pair) - Black","type":"HardGood","price":144.99,"upc":"012562165141","shipping":0,"description":"80W maximum power (20W RMS); 4\" IMPP composite cone woofer; 3/4\" horn tweeter","manufacturer":"Pioneer","model":"TS-X200","url":"http://www.bestbuy.com/site/pioneer-4-3-way-surface-mount-speakers-with-impp-composite-cones-pair-black/309062.p?id=1218643240258&skuId=309062&cmp=RMXCC","image":"http://img.bbystatic.com/BestBuy_US/images/products/0309/0309062_sa.jpg","createdAt":"2016-11-17T17:58:03.298Z","updatedAt":"2016-11-17T17:58:03.298Z","categories":[{"id":"abcat0300000","name":"Car Electronics & GPS","createdAt":"2016-11-17T17:57:04.285Z","updatedAt":"2016-11-17T17:57:04.285Z"},{"id":"abcat0302000","name":"Car Audio","createdAt":"2016-11-17T17:57:04.285Z","updatedAt":"2016-11-17T17:57:04.285Z"},{"id":"abcat0302005","name":"Car Speakers","createdAt":"2016-11-17T17:57:04.285Z","updatedAt":"2016-11-17T17:57:04.285Z"},{"id":"pcmcat360500050015","name":"4\" Car Speakers","createdAt":"2016-11-17T17:57:04.643Z","updatedAt":"2016-11-17T17:57:04.643Z"}]},{"id":312290,"name":"Duracell - 9V Batteries (2-Pack)","type":"HardGood","price":7.99,"upc":"041333216010","shipping":0,"description":"Compatible with select electronic devices; alkaline chemistry; 9V size; DURALOCK Power Preserve technology; 2-pack","manufacturer":"Duracell","model":"MN1604B2Z","url":"http://www.bestbuy.com/site/duracell-9v-batteries-2-pack/312290.p?id=1051384050321&skuId=312290&cmp=RMXCC","image":"http://img.bbystatic.com/BestBuy_US/images/products/3122/312290_sa.jpg","createdAt":"2016-11-17T17:58:03.298Z","updatedAt":"2016-11-17T17:58:03.298Z","categories":[{"id":"abcat0208002","name":"Alkaline Batteries","createdAt":"2016-11-17T17:57:04.285Z","updatedAt":"2016-11-17T17:57:04.285Z"},{"id":"pcmcat248700050021","name":"Housewares","createdAt":"2016-11-17T17:57:05.399Z","updatedAt":"2016-11-17T17:57:05.399Z"},{"id":"pcmcat303600050001","name":"Household Batteries","createdAt":"2016-11-17T17:57:04.285Z","updatedAt":"2016-11-17T17:57:04.285Z"},{"id":"pcmcat312300050015","name":"Connected Home & Housewares","createdAt":"2016-11-17T17:57:04.285Z","updatedAt":"2016-11-17T17:57:04.285Z"}]},{"id":333179,"name":"Energizer - N Cell E90 Batteries (2-Pack)","type":"HardGood","price":5.99,"upc":"039800013200","shipping":0,"description":"Alkaline batteries; 1.5V","manufacturer":"Energizer","model":"E90BP-2","url":"http://www.bestbuy.com/site/energizer-n-cell-e90-batteries-2-pack/333179.p?id=1185268509951&skuId=333179&cmp=RMXCC","image":"http://img.bbystatic.com/BestBuy_US/images/products/3331/333179_sa.jpg","createdAt":"2016-11-17T17:58:03.298Z","updatedAt":"2016-11-17T17:58:03.298Z","categories":[{"id":"abcat0208006","name":"Specialty Batteries","createdAt":"2016-11-17T17:57:04.285Z","updatedAt":"2016-11-17T17:57:04.285Z"},{"id":"pcmcat248700050021","name":"Housewares","createdAt":"2016-11-17T17:57:05.399Z","updatedAt":"2016-11-17T17:57:05.399Z"},{"id":"pcmcat303600050001","name":"Household Batteries","createdAt":"2016-11-17T17:57:04.285Z","updatedAt":"2016-11-17T17:57:04.285Z"},{"id":"pcmcat312300050015","name":"Connected Home & Housewares","createdAt":"2016-11-17T17:57:04.285Z","updatedAt":"2016-11-17T17:57:04.285Z"}]},{"id":346575,"name":"Metra - Radio Installation Dash Kit for Most 1989-2000 Ford, Lincoln & Mercury Vehicles - Black","type":"HardGood","price":16.99,"upc":"086429002757","shipping":0,"description":"From our expanded online assortment; compatible with most 1989-2000 Ford, Lincoln and Mercury vehicles; snap-in TurboKit offers fast installation; spacer/trim ring; rear support bracket","manufacturer":"Metra","model":"99-5512","url":"http://www.bestbuy.com/site/metra-radio-installation-dash-kit-for-most-1989-2000-ford-lincoln-mercury-vehicles-black/346575.p?id=1218118704590&skuId=346575&cmp=RMXCC","image":"http://img.bbystatic.com/BestBuy_US/images/products/3465/346575_rc.jpg","createdAt":"2016-11-17T17:58:03.298Z","updatedAt":"2016-11-17T17:58:03.298Z","categories":[{"id":"abcat0300000","name":"Car Electronics & GPS","createdAt":"2016-11-17T17:57:04.285Z","updatedAt":"2016-11-17T17:57:04.285Z"},{"id":"pcmcat165900050023","name":"Car Installation Parts & Accessories","createdAt":"2016-11-17T17:57:05.399Z","updatedAt":"2016-11-17T17:57:05.399Z"},{"id":"pcmcat165900050031","name":"Deck Installation Parts","createdAt":"2016-11-17T17:57:05.399Z","updatedAt":"2016-11-17T17:57:05.399Z"},{"id":"pcmcat165900050033","name":"Dash Installation Kits","createdAt":"2016-11-17T17:57:05.399Z","updatedAt":"2016-11-17T17:57:05.399Z"},{"id":"pcmcat331600050007","name":"Car Audio Installation Parts","createdAt":"2016-11-17T17:57:04.643Z","updatedAt":"2016-11-17T17:57:04.643Z"}]}]}
INFO	2020-08-16 13:45:51,366	2194	com.bestbuy.testbase.TestBase	[main]	#check_response_time
INFO	2020-08-16 13:45:51,367	2195	com.bestbuy.testbase.TestBase	[main]	Response Time ==> 796.0
INFO	2020-08-16 13:45:51,368	2196	com.bestbuy.testbase.TestBase	[main]	# check_status_code 
INFO	2020-08-16 13:45:51,368	2196	com.bestbuy.testbase.TestBase	[main]	Status Code ==> 200
INFO	2020-08-16 13:45:51,369	2197	com.bestbuy.testbase.TestBase	[main]	***** End of T001_Get_Product_All *****
INFO	2020-08-16 13:45:51,373	2201	com.bestbuy.testbase.TestBase	[main]	***** Starting T002_Get_Product_Single *****
INFO	2020-08-16 13:45:51,393	2221	com.bestbuy.testbase.TestBase	[main]	# check_content_type
INFO	2020-08-16 13:45:51,393	2221	com.bestbuy.testbase.TestBase	[main]	Content Type ==> application/json; charset=utf-8
INFO	2020-08-16 13:45:51,394	2222	com.bestbuy.testbase.TestBase	[main]	# check_response_body 
INFO	2020-08-16 13:45:51,395	2223	com.bestbuy.testbase.TestBase	[main]	Response Body: {"id":43900,"name":"Duracell - AAA Batteries (4-Pack)","type":"HardGood","price":5.49,"upc":"041333424019","shipping":0,"description":"Compatible with select electronic devices; AAA size; DURALOCK Power Preserve technology; 4-pack","manufacturer":"Duracell","model":"MN2400B4Z","url":"http://www.bestbuy.com/site/duracell-aaa-batteries-4-pack/43900.p?id=1051384074145&skuId=43900&cmp=RMXCC","image":"http://img.bbystatic.com/BestBuy_US/images/products/4390/43900_sa.jpg","createdAt":"2016-11-17T17:58:03.298Z","updatedAt":"2016-11-17T17:58:03.298Z","categories":[{"id":"abcat0208002","name":"Alkaline Batteries","createdAt":"2016-11-17T17:57:04.285Z","updatedAt":"2016-11-17T17:57:04.285Z"},{"id":"pcmcat248700050021","name":"Housewares","createdAt":"2016-11-17T17:57:05.399Z","updatedAt":"2016-11-17T17:57:05.399Z"},{"id":"pcmcat303600050001","name":"Household Batteries","createdAt":"2016-11-17T17:57:04.285Z","updatedAt":"2016-11-17T17:57:04.285Z"},{"id":"pcmcat312300050015","name":"Connected Home & Housewares","createdAt":"2016-11-17T17:57:04.285Z","updatedAt":"2016-11-17T17:57:04.285Z"}]}
INFO	2020-08-16 13:45:51,396	2224	com.bestbuy.testbase.TestBase	[main]	#check_response_content
INFO	2020-08-16 13:45:51,413	2241	com.bestbuy.testbase.TestBase	[main]	#check_response_id
INFO	2020-08-16 13:45:51,426	2254	com.bestbuy.testbase.TestBase	[main]	Product ID ==> 43900
INFO	2020-08-16 13:45:51,427	2255	com.bestbuy.testbase.TestBase	[main]	#check_response_time
INFO	2020-08-16 13:45:51,428	2256	com.bestbuy.testbase.TestBase	[main]	Response Time ==> 17.0
INFO	2020-08-16 13:45:51,428	2256	com.bestbuy.testbase.TestBase	[main]	# check_status_code 
INFO	2020-08-16 13:45:51,428	2256	com.bestbuy.testbase.TestBase	[main]	Status Code ==> 200
INFO	2020-08-16 13:45:51,429	2257	com.bestbuy.testbase.TestBase	[main]	***** End of T001_Get_Product_All *****
INFO	2020-08-16 13:45:51,432	2260	com.bestbuy.testbase.TestBase	[main]	***** Starting T003_Post_Product *****
INFO	2020-08-16 13:45:51,510	2338	com.bestbuy.testbase.TestBase	[main]	# check_content_type
INFO	2020-08-16 13:45:51,510	2338	com.bestbuy.testbase.TestBase	[main]	Content Type ==> application/json; charset=utf-8
INFO	2020-08-16 13:45:51,511	2339	com.bestbuy.testbase.TestBase	[main]	# check_response_body 
INFO	2020-08-16 13:45:51,512	2340	com.bestbuy.testbase.TestBase	[main]	Response Body: {"id":9999719,"image":"SomeImages","shipping":12.99,"price":1000,"name":"Apple Watch Series Ultimate","upc":"654654321","description":"Series 10","model":"Series 10 - Pro","type":"Electronics","url":"someURLS","manufacturer":"Apple Inc.","updatedAt":"2020-08-16T18:45:51.496Z","createdAt":"2020-08-16T18:45:51.496Z"}
INFO	2020-08-16 13:45:51,513	2341	com.bestbuy.testbase.TestBase	[main]	#check_response_time
INFO	2020-08-16 13:45:51,513	2341	com.bestbuy.testbase.TestBase	[main]	Response Time ==> 69.0
INFO	2020-08-16 13:45:51,514	2342	com.bestbuy.testbase.TestBase	[main]	# check_status_code
INFO	2020-08-16 13:45:51,514	2342	com.bestbuy.testbase.TestBase	[main]	Status code ==> 201
INFO	2020-08-16 13:45:51,515	2343	com.bestbuy.testbase.TestBase	[main]	***** End of T001_Get_Product_All *****
INFO	2020-08-16 13:59:51,093	0	com.bestbuy.testbase.TestBase	[main]	***** Starting T001_Get_Product_All *****
INFO	2020-08-16 13:59:52,316	1223	com.bestbuy.testbase.TestBase	[main]	# check_content_type
INFO	2020-08-16 13:59:52,317	1224	com.bestbuy.testbase.TestBase	[main]	Content Type ==> application/json; charset=utf-8
INFO	2020-08-16 13:59:52,325	1232	com.bestbuy.testbase.TestBase	[main]	# check_response_body 
INFO	2020-08-16 13:59:52,339	1246	com.bestbuy.testbase.TestBase	[main]	Response Body: {"total":51998,"limit":10,"skip":0,"data":[{"id":43900,"name":"Duracell - AAA Batteries (4-Pack)","type":"HardGood","price":5.49,"upc":"041333424019","shipping":0,"description":"Compatible with select electronic devices; AAA size; DURALOCK Power Preserve technology; 4-pack","manufacturer":"Duracell","model":"MN2400B4Z","url":"http://www.bestbuy.com/site/duracell-aaa-batteries-4-pack/43900.p?id=1051384074145&skuId=43900&cmp=RMXCC","image":"http://img.bbystatic.com/BestBuy_US/images/products/4390/43900_sa.jpg","createdAt":"2016-11-17T17:58:03.298Z","updatedAt":"2016-11-17T17:58:03.298Z","categories":[{"id":"abcat0208002","name":"Alkaline Batteries","createdAt":"2016-11-17T17:57:04.285Z","updatedAt":"2016-11-17T17:57:04.285Z"},{"id":"pcmcat248700050021","name":"Housewares","createdAt":"2016-11-17T17:57:05.399Z","updatedAt":"2016-11-17T17:57:05.399Z"},{"id":"pcmcat303600050001","name":"Household Batteries","createdAt":"2016-11-17T17:57:04.285Z","updatedAt":"2016-11-17T17:57:04.285Z"},{"id":"pcmcat312300050015","name":"Connected Home & Housewares","createdAt":"2016-11-17T17:57:04.285Z","updatedAt":"2016-11-17T17:57:04.285Z"}]},{"id":48530,"name":"Duracell - AA 1.5V CopperTop Batteries (4-Pack)","type":"HardGood","price":5.49,"upc":"041333415017","shipping":0,"description":"Long-lasting energy; DURALOCK Power Preserve technology; for toys, clocks, radios, games, remotes, PDAs and more","manufacturer":"Duracell","model":"MN1500B4Z","url":"http://www.bestbuy.com/site/duracell-aa-1-5v-coppertop-batteries-4-pack/48530.p?id=1099385268988&skuId=48530&cmp=RMXCC","image":"http://img.bbystatic.com/BestBuy_US/images/products/4853/48530_sa.jpg","createdAt":"2016-11-17T17:58:03.298Z","updatedAt":"2016-11-17T17:58:03.298Z","categories":[{"id":"abcat0208002","name":"Alkaline Batteries","createdAt":"2016-11-17T17:57:04.285Z","updatedAt":"2016-11-17T17:57:04.285Z"},{"id":"pcmcat248700050021","name":"Housewares","createdAt":"2016-11-17T17:57:05.399Z","updatedAt":"2016-11-17T17:57:05.399Z"},{"id":"pcmcat303600050001","name":"Household Batteries","createdAt":"2016-11-17T17:57:04.285Z","updatedAt":"2016-11-17T17:57:04.285Z"},{"id":"pcmcat312300050015","name":"Connected Home & Housewares","createdAt":"2016-11-17T17:57:04.285Z","updatedAt":"2016-11-17T17:57:04.285Z"}]},{"id":127687,"name":"Duracell - AA Batteries (8-Pack)","type":"HardGood","price":7.49,"upc":"041333825014","shipping":0,"description":"Compatible with select electronic devices; AA size; DURALOCK Power Preserve technology; 8-pack","manufacturer":"Duracell","model":"MN1500B8Z","url":"http://www.bestbuy.com/site/duracell-aa-batteries-8-pack/127687.p?id=1051384045676&skuId=127687&cmp=RMXCC","image":"http://img.bbystatic.com/BestBuy_US/images/products/1276/127687_sa.jpg","createdAt":"2016-11-17T17:58:03.298Z","updatedAt":"2016-11-17T17:58:03.298Z","categories":[{"id":"abcat0208002","name":"Alkaline Batteries","createdAt":"2016-11-17T17:57:04.285Z","updatedAt":"2016-11-17T17:57:04.285Z"},{"id":"pcmcat248700050021","name":"Housewares","createdAt":"2016-11-17T17:57:05.399Z","updatedAt":"2016-11-17T17:57:05.399Z"},{"id":"pcmcat303600050001","name":"Household Batteries","createdAt":"2016-11-17T17:57:04.285Z","updatedAt":"2016-11-17T17:57:04.285Z"},{"id":"pcmcat312300050015","name":"Connected Home & Housewares","createdAt":"2016-11-17T17:57:04.285Z","updatedAt":"2016-11-17T17:57:04.285Z"}]},{"id":150115,"name":"Energizer - MAX Batteries AA (4-Pack)","type":"HardGood","price":4.99,"upc":"039800011329","shipping":0,"description":"4-pack AA alkaline batteries; battery tester included","manufacturer":"Energizer","model":"E91BP-4","url":"http://www.bestbuy.com/site/energizer-max-batteries-aa-4-pack/150115.p?id=1051384046217&skuId=150115&cmp=RMXCC","image":"http://img.bbystatic.com/BestBuy_US/images/products/1501/150115_sa.jpg","createdAt":"2016-11-17T17:58:03.298Z","updatedAt":"2016-11-17T17:58:03.298Z","categories":[{"id":"abcat0208002","name":"Alkaline Batteries","createdAt":"2016-11-17T17:57:04.285Z","updatedAt":"2016-11-17T17:57:04.285Z"},{"id":"pcmcat248700050021","name":"Housewares","createdAt":"2016-11-17T17:57:05.399Z","updatedAt":"2016-11-17T17:57:05.399Z"},{"id":"pcmcat303600050001","name":"Household Batteries","createdAt":"2016-11-17T17:57:04.285Z","updatedAt":"2016-11-17T17:57:04.285Z"},{"id":"pcmcat312300050015","name":"Connected Home & Housewares","createdAt":"2016-11-17T17:57:04.285Z","updatedAt":"2016-11-17T17:57:04.285Z"}]},{"id":185230,"name":"Duracell - C Batteries (4-Pack)","type":"HardGood","price":8.99,"upc":"041333440019","shipping":0,"description":"Compatible with select electronic devices; C size; DURALOCK Power Preserve technology; 4-pack","manufacturer":"Duracell","model":"MN1400R4Z","url":"http://www.bestbuy.com/site/duracell-c-batteries-4-pack/185230.p?id=1051384046486&skuId=185230&cmp=RMXCC","image":"http://img.bbystatic.com/BestBuy_US/images/products/1852/185230_sa.jpg","createdAt":"2016-11-17T17:58:03.298Z","updatedAt":"2016-11-17T17:58:03.298Z","categories":[{"id":"abcat0208002","name":"Alkaline Batteries","createdAt":"2016-11-17T17:57:04.285Z","updatedAt":"2016-11-17T17:57:04.285Z"},{"id":"pcmcat248700050021","name":"Housewares","createdAt":"2016-11-17T17:57:05.399Z","updatedAt":"2016-11-17T17:57:05.399Z"},{"id":"pcmcat303600050001","name":"Household Batteries","createdAt":"2016-11-17T17:57:04.285Z","updatedAt":"2016-11-17T17:57:04.285Z"},{"id":"pcmcat312300050015","name":"Connected Home & Housewares","createdAt":"2016-11-17T17:57:04.285Z","updatedAt":"2016-11-17T17:57:04.285Z"}]},{"id":185267,"name":"Duracell - D Batteries (4-Pack)","type":"HardGood","price":9.99,"upc":"041333430010","shipping":0,"description":"Compatible with select electronic devices; D size; DURALOCK Power Preserve technology; 4-pack","manufacturer":"Duracell","model":"MN1300R4Z","url":"http://www.bestbuy.com/site/duracell-d-batteries-4-pack/185267.p?id=1051384046551&skuId=185267&cmp=RMXCC","image":"http://img.bbystatic.com/BestBuy_US/images/products/1852/185267_sa.jpg","createdAt":"2016-11-17T17:58:03.298Z","updatedAt":"2016-11-17T17:58:03.298Z","categories":[{"id":"abcat0208002","name":"Alkaline Batteries","createdAt":"2016-11-17T17:57:04.285Z","updatedAt":"2016-11-17T17:57:04.285Z"},{"id":"pcmcat248700050021","name":"Housewares","createdAt":"2016-11-17T17:57:05.399Z","updatedAt":"2016-11-17T17:57:05.399Z"},{"id":"pcmcat303600050001","name":"Household Batteries","createdAt":"2016-11-17T17:57:04.285Z","updatedAt":"2016-11-17T17:57:04.285Z"},{"id":"pcmcat312300050015","name":"Connected Home & Housewares","createdAt":"2016-11-17T17:57:04.285Z","updatedAt":"2016-11-17T17:57:04.285Z"}]},{"id":309062,"name":"Pioneer - 4\" 3-Way Surface-Mount Speakers with IMPP Composite Cones (Pair) - Black","type":"HardGood","price":144.99,"upc":"012562165141","shipping":0,"description":"80W maximum power (20W RMS); 4\" IMPP composite cone woofer; 3/4\" horn tweeter","manufacturer":"Pioneer","model":"TS-X200","url":"http://www.bestbuy.com/site/pioneer-4-3-way-surface-mount-speakers-with-impp-composite-cones-pair-black/309062.p?id=1218643240258&skuId=309062&cmp=RMXCC","image":"http://img.bbystatic.com/BestBuy_US/images/products/0309/0309062_sa.jpg","createdAt":"2016-11-17T17:58:03.298Z","updatedAt":"2016-11-17T17:58:03.298Z","categories":[{"id":"abcat0300000","name":"Car Electronics & GPS","createdAt":"2016-11-17T17:57:04.285Z","updatedAt":"2016-11-17T17:57:04.285Z"},{"id":"abcat0302000","name":"Car Audio","createdAt":"2016-11-17T17:57:04.285Z","updatedAt":"2016-11-17T17:57:04.285Z"},{"id":"abcat0302005","name":"Car Speakers","createdAt":"2016-11-17T17:57:04.285Z","updatedAt":"2016-11-17T17:57:04.285Z"},{"id":"pcmcat360500050015","name":"4\" Car Speakers","createdAt":"2016-11-17T17:57:04.643Z","updatedAt":"2016-11-17T17:57:04.643Z"}]},{"id":312290,"name":"Duracell - 9V Batteries (2-Pack)","type":"HardGood","price":7.99,"upc":"041333216010","shipping":0,"description":"Compatible with select electronic devices; alkaline chemistry; 9V size; DURALOCK Power Preserve technology; 2-pack","manufacturer":"Duracell","model":"MN1604B2Z","url":"http://www.bestbuy.com/site/duracell-9v-batteries-2-pack/312290.p?id=1051384050321&skuId=312290&cmp=RMXCC","image":"http://img.bbystatic.com/BestBuy_US/images/products/3122/312290_sa.jpg","createdAt":"2016-11-17T17:58:03.298Z","updatedAt":"2016-11-17T17:58:03.298Z","categories":[{"id":"abcat0208002","name":"Alkaline Batteries","createdAt":"2016-11-17T17:57:04.285Z","updatedAt":"2016-11-17T17:57:04.285Z"},{"id":"pcmcat248700050021","name":"Housewares","createdAt":"2016-11-17T17:57:05.399Z","updatedAt":"2016-11-17T17:57:05.399Z"},{"id":"pcmcat303600050001","name":"Household Batteries","createdAt":"2016-11-17T17:57:04.285Z","updatedAt":"2016-11-17T17:57:04.285Z"},{"id":"pcmcat312300050015","name":"Connected Home & Housewares","createdAt":"2016-11-17T17:57:04.285Z","updatedAt":"2016-11-17T17:57:04.285Z"}]},{"id":333179,"name":"Energizer - N Cell E90 Batteries (2-Pack)","type":"HardGood","price":5.99,"upc":"039800013200","shipping":0,"description":"Alkaline batteries; 1.5V","manufacturer":"Energizer","model":"E90BP-2","url":"http://www.bestbuy.com/site/energizer-n-cell-e90-batteries-2-pack/333179.p?id=1185268509951&skuId=333179&cmp=RMXCC","image":"http://img.bbystatic.com/BestBuy_US/images/products/3331/333179_sa.jpg","createdAt":"2016-11-17T17:58:03.298Z","updatedAt":"2016-11-17T17:58:03.298Z","categories":[{"id":"abcat0208006","name":"Specialty Batteries","createdAt":"2016-11-17T17:57:04.285Z","updatedAt":"2016-11-17T17:57:04.285Z"},{"id":"pcmcat248700050021","name":"Housewares","createdAt":"2016-11-17T17:57:05.399Z","updatedAt":"2016-11-17T17:57:05.399Z"},{"id":"pcmcat303600050001","name":"Household Batteries","createdAt":"2016-11-17T17:57:04.285Z","updatedAt":"2016-11-17T17:57:04.285Z"},{"id":"pcmcat312300050015","name":"Connected Home & Housewares","createdAt":"2016-11-17T17:57:04.285Z","updatedAt":"2016-11-17T17:57:04.285Z"}]},{"id":346575,"name":"Metra - Radio Installation Dash Kit for Most 1989-2000 Ford, Lincoln & Mercury Vehicles - Black","type":"HardGood","price":16.99,"upc":"086429002757","shipping":0,"description":"From our expanded online assortment; compatible with most 1989-2000 Ford, Lincoln and Mercury vehicles; snap-in TurboKit offers fast installation; spacer/trim ring; rear support bracket","manufacturer":"Metra","model":"99-5512","url":"http://www.bestbuy.com/site/metra-radio-installation-dash-kit-for-most-1989-2000-ford-lincoln-mercury-vehicles-black/346575.p?id=1218118704590&skuId=346575&cmp=RMXCC","image":"http://img.bbystatic.com/BestBuy_US/images/products/3465/346575_rc.jpg","createdAt":"2016-11-17T17:58:03.298Z","updatedAt":"2016-11-17T17:58:03.298Z","categories":[{"id":"abcat0300000","name":"Car Electronics & GPS","createdAt":"2016-11-17T17:57:04.285Z","updatedAt":"2016-11-17T17:57:04.285Z"},{"id":"pcmcat165900050023","name":"Car Installation Parts & Accessories","createdAt":"2016-11-17T17:57:05.399Z","updatedAt":"2016-11-17T17:57:05.399Z"},{"id":"pcmcat165900050031","name":"Deck Installation Parts","createdAt":"2016-11-17T17:57:05.399Z","updatedAt":"2016-11-17T17:57:05.399Z"},{"id":"pcmcat165900050033","name":"Dash Installation Kits","createdAt":"2016-11-17T17:57:05.399Z","updatedAt":"2016-11-17T17:57:05.399Z"},{"id":"pcmcat331600050007","name":"Car Audio Installation Parts","createdAt":"2016-11-17T17:57:04.643Z","updatedAt":"2016-11-17T17:57:04.643Z"}]}]}
INFO	2020-08-16 13:59:52,892	1799	com.bestbuy.testbase.TestBase	[main]	#check_response_time
INFO	2020-08-16 13:59:52,893	1800	com.bestbuy.testbase.TestBase	[main]	Response Time ==> 499.0
INFO	2020-08-16 13:59:52,893	1800	com.bestbuy.testbase.TestBase	[main]	# check_status_code 
INFO	2020-08-16 13:59:52,894	1801	com.bestbuy.testbase.TestBase	[main]	Status Code ==> 200
INFO	2020-08-16 13:59:52,895	1802	com.bestbuy.testbase.TestBase	[main]	***** End of T001_Get_Product_All *****
INFO	2020-08-16 13:59:52,900	1807	com.bestbuy.testbase.TestBase	[main]	***** Starting T002_Get_Product_Single *****
INFO	2020-08-16 13:59:52,929	1836	com.bestbuy.testbase.TestBase	[main]	# check_content_type
INFO	2020-08-16 13:59:52,929	1836	com.bestbuy.testbase.TestBase	[main]	Content Type ==> application/json; charset=utf-8
INFO	2020-08-16 13:59:52,930	1837	com.bestbuy.testbase.TestBase	[main]	# check_response_body 
INFO	2020-08-16 13:59:52,930	1837	com.bestbuy.testbase.TestBase	[main]	Response Body: {"id":43900,"name":"Duracell - AAA Batteries (4-Pack)","type":"HardGood","price":5.49,"upc":"041333424019","shipping":0,"description":"Compatible with select electronic devices; AAA size; DURALOCK Power Preserve technology; 4-pack","manufacturer":"Duracell","model":"MN2400B4Z","url":"http://www.bestbuy.com/site/duracell-aaa-batteries-4-pack/43900.p?id=1051384074145&skuId=43900&cmp=RMXCC","image":"http://img.bbystatic.com/BestBuy_US/images/products/4390/43900_sa.jpg","createdAt":"2016-11-17T17:58:03.298Z","updatedAt":"2016-11-17T17:58:03.298Z","categories":[{"id":"abcat0208002","name":"Alkaline Batteries","createdAt":"2016-11-17T17:57:04.285Z","updatedAt":"2016-11-17T17:57:04.285Z"},{"id":"pcmcat248700050021","name":"Housewares","createdAt":"2016-11-17T17:57:05.399Z","updatedAt":"2016-11-17T17:57:05.399Z"},{"id":"pcmcat303600050001","name":"Household Batteries","createdAt":"2016-11-17T17:57:04.285Z","updatedAt":"2016-11-17T17:57:04.285Z"},{"id":"pcmcat312300050015","name":"Connected Home & Housewares","createdAt":"2016-11-17T17:57:04.285Z","updatedAt":"2016-11-17T17:57:04.285Z"}]}
INFO	2020-08-16 13:59:52,932	1839	com.bestbuy.testbase.TestBase	[main]	#check_response_content
INFO	2020-08-16 13:59:52,954	1861	com.bestbuy.testbase.TestBase	[main]	#check_response_id
INFO	2020-08-16 13:59:52,974	1881	com.bestbuy.testbase.TestBase	[main]	Product ID ==> 43900
INFO	2020-08-16 13:59:52,976	1883	com.bestbuy.testbase.TestBase	[main]	#check_response_time
INFO	2020-08-16 13:59:52,977	1884	com.bestbuy.testbase.TestBase	[main]	Response Time ==> 23.0
INFO	2020-08-16 13:59:52,980	1887	com.bestbuy.testbase.TestBase	[main]	# check_status_code 
INFO	2020-08-16 13:59:52,980	1887	com.bestbuy.testbase.TestBase	[main]	Status Code ==> 200
INFO	2020-08-16 13:59:52,981	1888	com.bestbuy.testbase.TestBase	[main]	***** End of T001_Get_Product_All *****
INFO	2020-08-16 13:59:52,986	1893	com.bestbuy.testbase.TestBase	[main]	***** Starting T003_Post_Product *****
INFO	2020-08-16 13:59:53,070	1977	com.bestbuy.testbase.TestBase	[main]	# check_content_type
INFO	2020-08-16 13:59:53,070	1977	com.bestbuy.testbase.TestBase	[main]	Content Type ==> application/json; charset=utf-8
INFO	2020-08-16 13:59:53,071	1978	com.bestbuy.testbase.TestBase	[main]	# check_response_body 
INFO	2020-08-16 13:59:53,071	1978	com.bestbuy.testbase.TestBase	[main]	Response Body: {"id":9999720,"image":"SomeImages","shipping":12.99,"price":1000,"name":"Apple Watch Series Ultimate","upc":"654654321","description":"Series 10","model":"Series 10 - Pro","type":"Electronics","url":"someURLS","manufacturer":"Apple Inc.","updatedAt":"2020-08-16T18:59:53.055Z","createdAt":"2020-08-16T18:59:53.055Z"}
INFO	2020-08-16 13:59:53,073	1980	com.bestbuy.testbase.TestBase	[main]	#check_response_time
INFO	2020-08-16 13:59:53,073	1980	com.bestbuy.testbase.TestBase	[main]	Response Time ==> 70.0
INFO	2020-08-16 13:59:53,074	1981	com.bestbuy.testbase.TestBase	[main]	# check_status_code
INFO	2020-08-16 13:59:53,074	1981	com.bestbuy.testbase.TestBase	[main]	Status code ==> 201
INFO	2020-08-16 13:59:53,076	1983	com.bestbuy.testbase.TestBase	[main]	***** End of T001_Get_Product_All *****
INFO	2020-08-16 14:19:23,413	0	com.bestbuy.testbase.TestBase	[main]	***** Starting T001_Get_Product_All *****
INFO	2020-08-16 14:19:24,658	1245	com.bestbuy.testbase.TestBase	[main]	# check_content_type
INFO	2020-08-16 14:19:24,658	1245	com.bestbuy.testbase.TestBase	[main]	Content Type ==> application/json; charset=utf-8
INFO	2020-08-16 14:19:24,668	1255	com.bestbuy.testbase.TestBase	[main]	# check_response_body 
INFO	2020-08-16 14:19:24,687	1274	com.bestbuy.testbase.TestBase	[main]	Response Body: {"total":51999,"limit":10,"skip":0,"data":[{"id":43900,"name":"Duracell - AAA Batteries (4-Pack)","type":"HardGood","price":5.49,"upc":"041333424019","shipping":0,"description":"Compatible with select electronic devices; AAA size; DURALOCK Power Preserve technology; 4-pack","manufacturer":"Duracell","model":"MN2400B4Z","url":"http://www.bestbuy.com/site/duracell-aaa-batteries-4-pack/43900.p?id=1051384074145&skuId=43900&cmp=RMXCC","image":"http://img.bbystatic.com/BestBuy_US/images/products/4390/43900_sa.jpg","createdAt":"2016-11-17T17:58:03.298Z","updatedAt":"2016-11-17T17:58:03.298Z","categories":[{"id":"abcat0208002","name":"Alkaline Batteries","createdAt":"2016-11-17T17:57:04.285Z","updatedAt":"2016-11-17T17:57:04.285Z"},{"id":"pcmcat248700050021","name":"Housewares","createdAt":"2016-11-17T17:57:05.399Z","updatedAt":"2016-11-17T17:57:05.399Z"},{"id":"pcmcat303600050001","name":"Household Batteries","createdAt":"2016-11-17T17:57:04.285Z","updatedAt":"2016-11-17T17:57:04.285Z"},{"id":"pcmcat312300050015","name":"Connected Home & Housewares","createdAt":"2016-11-17T17:57:04.285Z","updatedAt":"2016-11-17T17:57:04.285Z"}]},{"id":48530,"name":"Duracell - AA 1.5V CopperTop Batteries (4-Pack)","type":"HardGood","price":5.49,"upc":"041333415017","shipping":0,"description":"Long-lasting energy; DURALOCK Power Preserve technology; for toys, clocks, radios, games, remotes, PDAs and more","manufacturer":"Duracell","model":"MN1500B4Z","url":"http://www.bestbuy.com/site/duracell-aa-1-5v-coppertop-batteries-4-pack/48530.p?id=1099385268988&skuId=48530&cmp=RMXCC","image":"http://img.bbystatic.com/BestBuy_US/images/products/4853/48530_sa.jpg","createdAt":"2016-11-17T17:58:03.298Z","updatedAt":"2016-11-17T17:58:03.298Z","categories":[{"id":"abcat0208002","name":"Alkaline Batteries","createdAt":"2016-11-17T17:57:04.285Z","updatedAt":"2016-11-17T17:57:04.285Z"},{"id":"pcmcat248700050021","name":"Housewares","createdAt":"2016-11-17T17:57:05.399Z","updatedAt":"2016-11-17T17:57:05.399Z"},{"id":"pcmcat303600050001","name":"Household Batteries","createdAt":"2016-11-17T17:57:04.285Z","updatedAt":"2016-11-17T17:57:04.285Z"},{"id":"pcmcat312300050015","name":"Connected Home & Housewares","createdAt":"2016-11-17T17:57:04.285Z","updatedAt":"2016-11-17T17:57:04.285Z"}]},{"id":127687,"name":"Duracell - AA Batteries (8-Pack)","type":"HardGood","price":7.49,"upc":"041333825014","shipping":0,"description":"Compatible with select electronic devices; AA size; DURALOCK Power Preserve technology; 8-pack","manufacturer":"Duracell","model":"MN1500B8Z","url":"http://www.bestbuy.com/site/duracell-aa-batteries-8-pack/127687.p?id=1051384045676&skuId=127687&cmp=RMXCC","image":"http://img.bbystatic.com/BestBuy_US/images/products/1276/127687_sa.jpg","createdAt":"2016-11-17T17:58:03.298Z","updatedAt":"2016-11-17T17:58:03.298Z","categories":[{"id":"abcat0208002","name":"Alkaline Batteries","createdAt":"2016-11-17T17:57:04.285Z","updatedAt":"2016-11-17T17:57:04.285Z"},{"id":"pcmcat248700050021","name":"Housewares","createdAt":"2016-11-17T17:57:05.399Z","updatedAt":"2016-11-17T17:57:05.399Z"},{"id":"pcmcat303600050001","name":"Household Batteries","createdAt":"2016-11-17T17:57:04.285Z","updatedAt":"2016-11-17T17:57:04.285Z"},{"id":"pcmcat312300050015","name":"Connected Home & Housewares","createdAt":"2016-11-17T17:57:04.285Z","updatedAt":"2016-11-17T17:57:04.285Z"}]},{"id":150115,"name":"Energizer - MAX Batteries AA (4-Pack)","type":"HardGood","price":4.99,"upc":"039800011329","shipping":0,"description":"4-pack AA alkaline batteries; battery tester included","manufacturer":"Energizer","model":"E91BP-4","url":"http://www.bestbuy.com/site/energizer-max-batteries-aa-4-pack/150115.p?id=1051384046217&skuId=150115&cmp=RMXCC","image":"http://img.bbystatic.com/BestBuy_US/images/products/1501/150115_sa.jpg","createdAt":"2016-11-17T17:58:03.298Z","updatedAt":"2016-11-17T17:58:03.298Z","categories":[{"id":"abcat0208002","name":"Alkaline Batteries","createdAt":"2016-11-17T17:57:04.285Z","updatedAt":"2016-11-17T17:57:04.285Z"},{"id":"pcmcat248700050021","name":"Housewares","createdAt":"2016-11-17T17:57:05.399Z","updatedAt":"2016-11-17T17:57:05.399Z"},{"id":"pcmcat303600050001","name":"Household Batteries","createdAt":"2016-11-17T17:57:04.285Z","updatedAt":"2016-11-17T17:57:04.285Z"},{"id":"pcmcat312300050015","name":"Connected Home & Housewares","createdAt":"2016-11-17T17:57:04.285Z","updatedAt":"2016-11-17T17:57:04.285Z"}]},{"id":185230,"name":"Duracell - C Batteries (4-Pack)","type":"HardGood","price":8.99,"upc":"041333440019","shipping":0,"description":"Compatible with select electronic devices; C size; DURALOCK Power Preserve technology; 4-pack","manufacturer":"Duracell","model":"MN1400R4Z","url":"http://www.bestbuy.com/site/duracell-c-batteries-4-pack/185230.p?id=1051384046486&skuId=185230&cmp=RMXCC","image":"http://img.bbystatic.com/BestBuy_US/images/products/1852/185230_sa.jpg","createdAt":"2016-11-17T17:58:03.298Z","updatedAt":"2016-11-17T17:58:03.298Z","categories":[{"id":"abcat0208002","name":"Alkaline Batteries","createdAt":"2016-11-17T17:57:04.285Z","updatedAt":"2016-11-17T17:57:04.285Z"},{"id":"pcmcat248700050021","name":"Housewares","createdAt":"2016-11-17T17:57:05.399Z","updatedAt":"2016-11-17T17:57:05.399Z"},{"id":"pcmcat303600050001","name":"Household Batteries","createdAt":"2016-11-17T17:57:04.285Z","updatedAt":"2016-11-17T17:57:04.285Z"},{"id":"pcmcat312300050015","name":"Connected Home & Housewares","createdAt":"2016-11-17T17:57:04.285Z","updatedAt":"2016-11-17T17:57:04.285Z"}]},{"id":185267,"name":"Duracell - D Batteries (4-Pack)","type":"HardGood","price":9.99,"upc":"041333430010","shipping":0,"description":"Compatible with select electronic devices; D size; DURALOCK Power Preserve technology; 4-pack","manufacturer":"Duracell","model":"MN1300R4Z","url":"http://www.bestbuy.com/site/duracell-d-batteries-4-pack/185267.p?id=1051384046551&skuId=185267&cmp=RMXCC","image":"http://img.bbystatic.com/BestBuy_US/images/products/1852/185267_sa.jpg","createdAt":"2016-11-17T17:58:03.298Z","updatedAt":"2016-11-17T17:58:03.298Z","categories":[{"id":"abcat0208002","name":"Alkaline Batteries","createdAt":"2016-11-17T17:57:04.285Z","updatedAt":"2016-11-17T17:57:04.285Z"},{"id":"pcmcat248700050021","name":"Housewares","createdAt":"2016-11-17T17:57:05.399Z","updatedAt":"2016-11-17T17:57:05.399Z"},{"id":"pcmcat303600050001","name":"Household Batteries","createdAt":"2016-11-17T17:57:04.285Z","updatedAt":"2016-11-17T17:57:04.285Z"},{"id":"pcmcat312300050015","name":"Connected Home & Housewares","createdAt":"2016-11-17T17:57:04.285Z","updatedAt":"2016-11-17T17:57:04.285Z"}]},{"id":309062,"name":"Pioneer - 4\" 3-Way Surface-Mount Speakers with IMPP Composite Cones (Pair) - Black","type":"HardGood","price":144.99,"upc":"012562165141","shipping":0,"description":"80W maximum power (20W RMS); 4\" IMPP composite cone woofer; 3/4\" horn tweeter","manufacturer":"Pioneer","model":"TS-X200","url":"http://www.bestbuy.com/site/pioneer-4-3-way-surface-mount-speakers-with-impp-composite-cones-pair-black/309062.p?id=1218643240258&skuId=309062&cmp=RMXCC","image":"http://img.bbystatic.com/BestBuy_US/images/products/0309/0309062_sa.jpg","createdAt":"2016-11-17T17:58:03.298Z","updatedAt":"2016-11-17T17:58:03.298Z","categories":[{"id":"abcat0300000","name":"Car Electronics & GPS","createdAt":"2016-11-17T17:57:04.285Z","updatedAt":"2016-11-17T17:57:04.285Z"},{"id":"abcat0302000","name":"Car Audio","createdAt":"2016-11-17T17:57:04.285Z","updatedAt":"2016-11-17T17:57:04.285Z"},{"id":"abcat0302005","name":"Car Speakers","createdAt":"2016-11-17T17:57:04.285Z","updatedAt":"2016-11-17T17:57:04.285Z"},{"id":"pcmcat360500050015","name":"4\" Car Speakers","createdAt":"2016-11-17T17:57:04.643Z","updatedAt":"2016-11-17T17:57:04.643Z"}]},{"id":312290,"name":"Duracell - 9V Batteries (2-Pack)","type":"HardGood","price":7.99,"upc":"041333216010","shipping":0,"description":"Compatible with select electronic devices; alkaline chemistry; 9V size; DURALOCK Power Preserve technology; 2-pack","manufacturer":"Duracell","model":"MN1604B2Z","url":"http://www.bestbuy.com/site/duracell-9v-batteries-2-pack/312290.p?id=1051384050321&skuId=312290&cmp=RMXCC","image":"http://img.bbystatic.com/BestBuy_US/images/products/3122/312290_sa.jpg","createdAt":"2016-11-17T17:58:03.298Z","updatedAt":"2016-11-17T17:58:03.298Z","categories":[{"id":"abcat0208002","name":"Alkaline Batteries","createdAt":"2016-11-17T17:57:04.285Z","updatedAt":"2016-11-17T17:57:04.285Z"},{"id":"pcmcat248700050021","name":"Housewares","createdAt":"2016-11-17T17:57:05.399Z","updatedAt":"2016-11-17T17:57:05.399Z"},{"id":"pcmcat303600050001","name":"Household Batteries","createdAt":"2016-11-17T17:57:04.285Z","updatedAt":"2016-11-17T17:57:04.285Z"},{"id":"pcmcat312300050015","name":"Connected Home & Housewares","createdAt":"2016-11-17T17:57:04.285Z","updatedAt":"2016-11-17T17:57:04.285Z"}]},{"id":333179,"name":"Energizer - N Cell E90 Batteries (2-Pack)","type":"HardGood","price":5.99,"upc":"039800013200","shipping":0,"description":"Alkaline batteries; 1.5V","manufacturer":"Energizer","model":"E90BP-2","url":"http://www.bestbuy.com/site/energizer-n-cell-e90-batteries-2-pack/333179.p?id=1185268509951&skuId=333179&cmp=RMXCC","image":"http://img.bbystatic.com/BestBuy_US/images/products/3331/333179_sa.jpg","createdAt":"2016-11-17T17:58:03.298Z","updatedAt":"2016-11-17T17:58:03.298Z","categories":[{"id":"abcat0208006","name":"Specialty Batteries","createdAt":"2016-11-17T17:57:04.285Z","updatedAt":"2016-11-17T17:57:04.285Z"},{"id":"pcmcat248700050021","name":"Housewares","createdAt":"2016-11-17T17:57:05.399Z","updatedAt":"2016-11-17T17:57:05.399Z"},{"id":"pcmcat303600050001","name":"Household Batteries","createdAt":"2016-11-17T17:57:04.285Z","updatedAt":"2016-11-17T17:57:04.285Z"},{"id":"pcmcat312300050015","name":"Connected Home & Housewares","createdAt":"2016-11-17T17:57:04.285Z","updatedAt":"2016-11-17T17:57:04.285Z"}]},{"id":346575,"name":"Metra - Radio Installation Dash Kit for Most 1989-2000 Ford, Lincoln & Mercury Vehicles - Black","type":"HardGood","price":16.99,"upc":"086429002757","shipping":0,"description":"From our expanded online assortment; compatible with most 1989-2000 Ford, Lincoln and Mercury vehicles; snap-in TurboKit offers fast installation; spacer/trim ring; rear support bracket","manufacturer":"Metra","model":"99-5512","url":"http://www.bestbuy.com/site/metra-radio-installation-dash-kit-for-most-1989-2000-ford-lincoln-mercury-vehicles-black/346575.p?id=1218118704590&skuId=346575&cmp=RMXCC","image":"http://img.bbystatic.com/BestBuy_US/images/products/3465/346575_rc.jpg","createdAt":"2016-11-17T17:58:03.298Z","updatedAt":"2016-11-17T17:58:03.298Z","categories":[{"id":"abcat0300000","name":"Car Electronics & GPS","createdAt":"2016-11-17T17:57:04.285Z","updatedAt":"2016-11-17T17:57:04.285Z"},{"id":"pcmcat165900050023","name":"Car Installation Parts & Accessories","createdAt":"2016-11-17T17:57:05.399Z","updatedAt":"2016-11-17T17:57:05.399Z"},{"id":"pcmcat165900050031","name":"Deck Installation Parts","createdAt":"2016-11-17T17:57:05.399Z","updatedAt":"2016-11-17T17:57:05.399Z"},{"id":"pcmcat165900050033","name":"Dash Installation Kits","createdAt":"2016-11-17T17:57:05.399Z","updatedAt":"2016-11-17T17:57:05.399Z"},{"id":"pcmcat331600050007","name":"Car Audio Installation Parts","createdAt":"2016-11-17T17:57:04.643Z","updatedAt":"2016-11-17T17:57:04.643Z"}]}]}
INFO	2020-08-16 14:19:25,254	1841	com.bestbuy.testbase.TestBase	[main]	#check_response_time
INFO	2020-08-16 14:19:25,254	1841	com.bestbuy.testbase.TestBase	[main]	Response Time ==> 514.0
INFO	2020-08-16 14:19:25,255	1842	com.bestbuy.testbase.TestBase	[main]	# check_status_code 
INFO	2020-08-16 14:19:25,255	1842	com.bestbuy.testbase.TestBase	[main]	Status Code ==> 200
INFO	2020-08-16 14:19:25,257	1844	com.bestbuy.testbase.TestBase	[main]	***** End of T001_Get_Product_All *****
INFO	2020-08-16 14:19:25,261	1848	com.bestbuy.testbase.TestBase	[main]	***** Starting T002_Get_Product_Single *****
INFO	2020-08-16 14:19:25,282	1869	com.bestbuy.testbase.TestBase	[main]	# check_content_type
INFO	2020-08-16 14:19:25,282	1869	com.bestbuy.testbase.TestBase	[main]	Content Type ==> application/json; charset=utf-8
INFO	2020-08-16 14:19:25,284	1871	com.bestbuy.testbase.TestBase	[main]	# check_response_body 
INFO	2020-08-16 14:19:25,284	1871	com.bestbuy.testbase.TestBase	[main]	Response Body: {"id":43900,"name":"Duracell - AAA Batteries (4-Pack)","type":"HardGood","price":5.49,"upc":"041333424019","shipping":0,"description":"Compatible with select electronic devices; AAA size; DURALOCK Power Preserve technology; 4-pack","manufacturer":"Duracell","model":"MN2400B4Z","url":"http://www.bestbuy.com/site/duracell-aaa-batteries-4-pack/43900.p?id=1051384074145&skuId=43900&cmp=RMXCC","image":"http://img.bbystatic.com/BestBuy_US/images/products/4390/43900_sa.jpg","createdAt":"2016-11-17T17:58:03.298Z","updatedAt":"2016-11-17T17:58:03.298Z","categories":[{"id":"abcat0208002","name":"Alkaline Batteries","createdAt":"2016-11-17T17:57:04.285Z","updatedAt":"2016-11-17T17:57:04.285Z"},{"id":"pcmcat248700050021","name":"Housewares","createdAt":"2016-11-17T17:57:05.399Z","updatedAt":"2016-11-17T17:57:05.399Z"},{"id":"pcmcat303600050001","name":"Household Batteries","createdAt":"2016-11-17T17:57:04.285Z","updatedAt":"2016-11-17T17:57:04.285Z"},{"id":"pcmcat312300050015","name":"Connected Home & Housewares","createdAt":"2016-11-17T17:57:04.285Z","updatedAt":"2016-11-17T17:57:04.285Z"}]}
INFO	2020-08-16 14:19:25,286	1873	com.bestbuy.testbase.TestBase	[main]	#check_response_content
INFO	2020-08-16 14:19:25,310	1897	com.bestbuy.testbase.TestBase	[main]	#check_response_id
INFO	2020-08-16 14:19:25,325	1912	com.bestbuy.testbase.TestBase	[main]	Product ID ==> 43900
INFO	2020-08-16 14:19:25,327	1914	com.bestbuy.testbase.TestBase	[main]	#check_response_time
INFO	2020-08-16 14:19:25,327	1914	com.bestbuy.testbase.TestBase	[main]	Response Time ==> 16.0
INFO	2020-08-16 14:19:25,328	1915	com.bestbuy.testbase.TestBase	[main]	# check_status_code 
INFO	2020-08-16 14:19:25,328	1915	com.bestbuy.testbase.TestBase	[main]	Status Code ==> 200
INFO	2020-08-16 14:19:25,329	1916	com.bestbuy.testbase.TestBase	[main]	***** End of T001_Get_Product_All *****
INFO	2020-08-16 14:19:25,332	1919	com.bestbuy.testbase.TestBase	[main]	***** Starting T003_Post_Product *****
INFO	2020-08-16 14:19:25,387	1974	com.bestbuy.testbase.TestBase	[main]	# check_content_type
INFO	2020-08-16 14:19:25,387	1974	com.bestbuy.testbase.TestBase	[main]	Content Type ==> application/json; charset=utf-8
INFO	2020-08-16 14:19:25,388	1975	com.bestbuy.testbase.TestBase	[main]	# check_response_body 
INFO	2020-08-16 14:19:25,388	1975	com.bestbuy.testbase.TestBase	[main]	Response Body: {"id":9999721,"image":"SomeImages","shipping":12.99,"price":1000,"name":"Apple Watch Series Ultimate","upc":"654654321","description":"Series 10","model":"Series 10 - Pro","type":"Electronics","url":"someURLS","manufacturer":"Apple Inc.","updatedAt":"2020-08-16T19:19:25.378Z","createdAt":"2020-08-16T19:19:25.378Z"}
INFO	2020-08-16 14:19:25,389	1976	com.bestbuy.testbase.TestBase	[main]	#check_response_time
INFO	2020-08-16 14:19:25,389	1976	com.bestbuy.testbase.TestBase	[main]	Response Time ==> 44.0
INFO	2020-08-16 14:19:25,390	1977	com.bestbuy.testbase.TestBase	[main]	# check_status_code
INFO	2020-08-16 14:19:25,390	1977	com.bestbuy.testbase.TestBase	[main]	Status code ==> 201
INFO	2020-08-16 14:19:25,391	1978	com.bestbuy.testbase.TestBase	[main]	***** End of T001_Get_Product_All *****
INFO	2020-08-16 14:31:56,676	0	com.bestbuy.testbase.TestBase	[main]	***** Starting T001_Get_Product_All *****
INFO	2020-08-16 14:31:58,047	1371	com.bestbuy.testbase.TestBase	[main]	# check_content_type
INFO	2020-08-16 14:31:58,047	1371	com.bestbuy.testbase.TestBase	[main]	Content Type ==> application/json; charset=utf-8
INFO	2020-08-16 14:31:58,057	1381	com.bestbuy.testbase.TestBase	[main]	# check_response_body 
INFO	2020-08-16 14:31:58,072	1396	com.bestbuy.testbase.TestBase	[main]	Response Body: {"total":52000,"limit":10,"skip":0,"data":[{"id":43900,"name":"Duracell - AAA Batteries (4-Pack)","type":"HardGood","price":5.49,"upc":"041333424019","shipping":0,"description":"Compatible with select electronic devices; AAA size; DURALOCK Power Preserve technology; 4-pack","manufacturer":"Duracell","model":"MN2400B4Z","url":"http://www.bestbuy.com/site/duracell-aaa-batteries-4-pack/43900.p?id=1051384074145&skuId=43900&cmp=RMXCC","image":"http://img.bbystatic.com/BestBuy_US/images/products/4390/43900_sa.jpg","createdAt":"2016-11-17T17:58:03.298Z","updatedAt":"2016-11-17T17:58:03.298Z","categories":[{"id":"abcat0208002","name":"Alkaline Batteries","createdAt":"2016-11-17T17:57:04.285Z","updatedAt":"2016-11-17T17:57:04.285Z"},{"id":"pcmcat248700050021","name":"Housewares","createdAt":"2016-11-17T17:57:05.399Z","updatedAt":"2016-11-17T17:57:05.399Z"},{"id":"pcmcat303600050001","name":"Household Batteries","createdAt":"2016-11-17T17:57:04.285Z","updatedAt":"2016-11-17T17:57:04.285Z"},{"id":"pcmcat312300050015","name":"Connected Home & Housewares","createdAt":"2016-11-17T17:57:04.285Z","updatedAt":"2016-11-17T17:57:04.285Z"}]},{"id":48530,"name":"Duracell - AA 1.5V CopperTop Batteries (4-Pack)","type":"HardGood","price":5.49,"upc":"041333415017","shipping":0,"description":"Long-lasting energy; DURALOCK Power Preserve technology; for toys, clocks, radios, games, remotes, PDAs and more","manufacturer":"Duracell","model":"MN1500B4Z","url":"http://www.bestbuy.com/site/duracell-aa-1-5v-coppertop-batteries-4-pack/48530.p?id=1099385268988&skuId=48530&cmp=RMXCC","image":"http://img.bbystatic.com/BestBuy_US/images/products/4853/48530_sa.jpg","createdAt":"2016-11-17T17:58:03.298Z","updatedAt":"2016-11-17T17:58:03.298Z","categories":[{"id":"abcat0208002","name":"Alkaline Batteries","createdAt":"2016-11-17T17:57:04.285Z","updatedAt":"2016-11-17T17:57:04.285Z"},{"id":"pcmcat248700050021","name":"Housewares","createdAt":"2016-11-17T17:57:05.399Z","updatedAt":"2016-11-17T17:57:05.399Z"},{"id":"pcmcat303600050001","name":"Household Batteries","createdAt":"2016-11-17T17:57:04.285Z","updatedAt":"2016-11-17T17:57:04.285Z"},{"id":"pcmcat312300050015","name":"Connected Home & Housewares","createdAt":"2016-11-17T17:57:04.285Z","updatedAt":"2016-11-17T17:57:04.285Z"}]},{"id":127687,"name":"Duracell - AA Batteries (8-Pack)","type":"HardGood","price":7.49,"upc":"041333825014","shipping":0,"description":"Compatible with select electronic devices; AA size; DURALOCK Power Preserve technology; 8-pack","manufacturer":"Duracell","model":"MN1500B8Z","url":"http://www.bestbuy.com/site/duracell-aa-batteries-8-pack/127687.p?id=1051384045676&skuId=127687&cmp=RMXCC","image":"http://img.bbystatic.com/BestBuy_US/images/products/1276/127687_sa.jpg","createdAt":"2016-11-17T17:58:03.298Z","updatedAt":"2016-11-17T17:58:03.298Z","categories":[{"id":"abcat0208002","name":"Alkaline Batteries","createdAt":"2016-11-17T17:57:04.285Z","updatedAt":"2016-11-17T17:57:04.285Z"},{"id":"pcmcat248700050021","name":"Housewares","createdAt":"2016-11-17T17:57:05.399Z","updatedAt":"2016-11-17T17:57:05.399Z"},{"id":"pcmcat303600050001","name":"Household Batteries","createdAt":"2016-11-17T17:57:04.285Z","updatedAt":"2016-11-17T17:57:04.285Z"},{"id":"pcmcat312300050015","name":"Connected Home & Housewares","createdAt":"2016-11-17T17:57:04.285Z","updatedAt":"2016-11-17T17:57:04.285Z"}]},{"id":150115,"name":"Energizer - MAX Batteries AA (4-Pack)","type":"HardGood","price":4.99,"upc":"039800011329","shipping":0,"description":"4-pack AA alkaline batteries; battery tester included","manufacturer":"Energizer","model":"E91BP-4","url":"http://www.bestbuy.com/site/energizer-max-batteries-aa-4-pack/150115.p?id=1051384046217&skuId=150115&cmp=RMXCC","image":"http://img.bbystatic.com/BestBuy_US/images/products/1501/150115_sa.jpg","createdAt":"2016-11-17T17:58:03.298Z","updatedAt":"2016-11-17T17:58:03.298Z","categories":[{"id":"abcat0208002","name":"Alkaline Batteries","createdAt":"2016-11-17T17:57:04.285Z","updatedAt":"2016-11-17T17:57:04.285Z"},{"id":"pcmcat248700050021","name":"Housewares","createdAt":"2016-11-17T17:57:05.399Z","updatedAt":"2016-11-17T17:57:05.399Z"},{"id":"pcmcat303600050001","name":"Household Batteries","createdAt":"2016-11-17T17:57:04.285Z","updatedAt":"2016-11-17T17:57:04.285Z"},{"id":"pcmcat312300050015","name":"Connected Home & Housewares","createdAt":"2016-11-17T17:57:04.285Z","updatedAt":"2016-11-17T17:57:04.285Z"}]},{"id":185230,"name":"Duracell - C Batteries (4-Pack)","type":"HardGood","price":8.99,"upc":"041333440019","shipping":0,"description":"Compatible with select electronic devices; C size; DURALOCK Power Preserve technology; 4-pack","manufacturer":"Duracell","model":"MN1400R4Z","url":"http://www.bestbuy.com/site/duracell-c-batteries-4-pack/185230.p?id=1051384046486&skuId=185230&cmp=RMXCC","image":"http://img.bbystatic.com/BestBuy_US/images/products/1852/185230_sa.jpg","createdAt":"2016-11-17T17:58:03.298Z","updatedAt":"2016-11-17T17:58:03.298Z","categories":[{"id":"abcat0208002","name":"Alkaline Batteries","createdAt":"2016-11-17T17:57:04.285Z","updatedAt":"2016-11-17T17:57:04.285Z"},{"id":"pcmcat248700050021","name":"Housewares","createdAt":"2016-11-17T17:57:05.399Z","updatedAt":"2016-11-17T17:57:05.399Z"},{"id":"pcmcat303600050001","name":"Household Batteries","createdAt":"2016-11-17T17:57:04.285Z","updatedAt":"2016-11-17T17:57:04.285Z"},{"id":"pcmcat312300050015","name":"Connected Home & Housewares","createdAt":"2016-11-17T17:57:04.285Z","updatedAt":"2016-11-17T17:57:04.285Z"}]},{"id":185267,"name":"Duracell - D Batteries (4-Pack)","type":"HardGood","price":9.99,"upc":"041333430010","shipping":0,"description":"Compatible with select electronic devices; D size; DURALOCK Power Preserve technology; 4-pack","manufacturer":"Duracell","model":"MN1300R4Z","url":"http://www.bestbuy.com/site/duracell-d-batteries-4-pack/185267.p?id=1051384046551&skuId=185267&cmp=RMXCC","image":"http://img.bbystatic.com/BestBuy_US/images/products/1852/185267_sa.jpg","createdAt":"2016-11-17T17:58:03.298Z","updatedAt":"2016-11-17T17:58:03.298Z","categories":[{"id":"abcat0208002","name":"Alkaline Batteries","createdAt":"2016-11-17T17:57:04.285Z","updatedAt":"2016-11-17T17:57:04.285Z"},{"id":"pcmcat248700050021","name":"Housewares","createdAt":"2016-11-17T17:57:05.399Z","updatedAt":"2016-11-17T17:57:05.399Z"},{"id":"pcmcat303600050001","name":"Household Batteries","createdAt":"2016-11-17T17:57:04.285Z","updatedAt":"2016-11-17T17:57:04.285Z"},{"id":"pcmcat312300050015","name":"Connected Home & Housewares","createdAt":"2016-11-17T17:57:04.285Z","updatedAt":"2016-11-17T17:57:04.285Z"}]},{"id":309062,"name":"Pioneer - 4\" 3-Way Surface-Mount Speakers with IMPP Composite Cones (Pair) - Black","type":"HardGood","price":144.99,"upc":"012562165141","shipping":0,"description":"80W maximum power (20W RMS); 4\" IMPP composite cone woofer; 3/4\" horn tweeter","manufacturer":"Pioneer","model":"TS-X200","url":"http://www.bestbuy.com/site/pioneer-4-3-way-surface-mount-speakers-with-impp-composite-cones-pair-black/309062.p?id=1218643240258&skuId=309062&cmp=RMXCC","image":"http://img.bbystatic.com/BestBuy_US/images/products/0309/0309062_sa.jpg","createdAt":"2016-11-17T17:58:03.298Z","updatedAt":"2016-11-17T17:58:03.298Z","categories":[{"id":"abcat0300000","name":"Car Electronics & GPS","createdAt":"2016-11-17T17:57:04.285Z","updatedAt":"2016-11-17T17:57:04.285Z"},{"id":"abcat0302000","name":"Car Audio","createdAt":"2016-11-17T17:57:04.285Z","updatedAt":"2016-11-17T17:57:04.285Z"},{"id":"abcat0302005","name":"Car Speakers","createdAt":"2016-11-17T17:57:04.285Z","updatedAt":"2016-11-17T17:57:04.285Z"},{"id":"pcmcat360500050015","name":"4\" Car Speakers","createdAt":"2016-11-17T17:57:04.643Z","updatedAt":"2016-11-17T17:57:04.643Z"}]},{"id":312290,"name":"Duracell - 9V Batteries (2-Pack)","type":"HardGood","price":7.99,"upc":"041333216010","shipping":0,"description":"Compatible with select electronic devices; alkaline chemistry; 9V size; DURALOCK Power Preserve technology; 2-pack","manufacturer":"Duracell","model":"MN1604B2Z","url":"http://www.bestbuy.com/site/duracell-9v-batteries-2-pack/312290.p?id=1051384050321&skuId=312290&cmp=RMXCC","image":"http://img.bbystatic.com/BestBuy_US/images/products/3122/312290_sa.jpg","createdAt":"2016-11-17T17:58:03.298Z","updatedAt":"2016-11-17T17:58:03.298Z","categories":[{"id":"abcat0208002","name":"Alkaline Batteries","createdAt":"2016-11-17T17:57:04.285Z","updatedAt":"2016-11-17T17:57:04.285Z"},{"id":"pcmcat248700050021","name":"Housewares","createdAt":"2016-11-17T17:57:05.399Z","updatedAt":"2016-11-17T17:57:05.399Z"},{"id":"pcmcat303600050001","name":"Household Batteries","createdAt":"2016-11-17T17:57:04.285Z","updatedAt":"2016-11-17T17:57:04.285Z"},{"id":"pcmcat312300050015","name":"Connected Home & Housewares","createdAt":"2016-11-17T17:57:04.285Z","updatedAt":"2016-11-17T17:57:04.285Z"}]},{"id":333179,"name":"Energizer - N Cell E90 Batteries (2-Pack)","type":"HardGood","price":5.99,"upc":"039800013200","shipping":0,"description":"Alkaline batteries; 1.5V","manufacturer":"Energizer","model":"E90BP-2","url":"http://www.bestbuy.com/site/energizer-n-cell-e90-batteries-2-pack/333179.p?id=1185268509951&skuId=333179&cmp=RMXCC","image":"http://img.bbystatic.com/BestBuy_US/images/products/3331/333179_sa.jpg","createdAt":"2016-11-17T17:58:03.298Z","updatedAt":"2016-11-17T17:58:03.298Z","categories":[{"id":"abcat0208006","name":"Specialty Batteries","createdAt":"2016-11-17T17:57:04.285Z","updatedAt":"2016-11-17T17:57:04.285Z"},{"id":"pcmcat248700050021","name":"Housewares","createdAt":"2016-11-17T17:57:05.399Z","updatedAt":"2016-11-17T17:57:05.399Z"},{"id":"pcmcat303600050001","name":"Household Batteries","createdAt":"2016-11-17T17:57:04.285Z","updatedAt":"2016-11-17T17:57:04.285Z"},{"id":"pcmcat312300050015","name":"Connected Home & Housewares","createdAt":"2016-11-17T17:57:04.285Z","updatedAt":"2016-11-17T17:57:04.285Z"}]},{"id":346575,"name":"Metra - Radio Installation Dash Kit for Most 1989-2000 Ford, Lincoln & Mercury Vehicles - Black","type":"HardGood","price":16.99,"upc":"086429002757","shipping":0,"description":"From our expanded online assortment; compatible with most 1989-2000 Ford, Lincoln and Mercury vehicles; snap-in TurboKit offers fast installation; spacer/trim ring; rear support bracket","manufacturer":"Metra","model":"99-5512","url":"http://www.bestbuy.com/site/metra-radio-installation-dash-kit-for-most-1989-2000-ford-lincoln-mercury-vehicles-black/346575.p?id=1218118704590&skuId=346575&cmp=RMXCC","image":"http://img.bbystatic.com/BestBuy_US/images/products/3465/346575_rc.jpg","createdAt":"2016-11-17T17:58:03.298Z","updatedAt":"2016-11-17T17:58:03.298Z","categories":[{"id":"abcat0300000","name":"Car Electronics & GPS","createdAt":"2016-11-17T17:57:04.285Z","updatedAt":"2016-11-17T17:57:04.285Z"},{"id":"pcmcat165900050023","name":"Car Installation Parts & Accessories","createdAt":"2016-11-17T17:57:05.399Z","updatedAt":"2016-11-17T17:57:05.399Z"},{"id":"pcmcat165900050031","name":"Deck Installation Parts","createdAt":"2016-11-17T17:57:05.399Z","updatedAt":"2016-11-17T17:57:05.399Z"},{"id":"pcmcat165900050033","name":"Dash Installation Kits","createdAt":"2016-11-17T17:57:05.399Z","updatedAt":"2016-11-17T17:57:05.399Z"},{"id":"pcmcat331600050007","name":"Car Audio Installation Parts","createdAt":"2016-11-17T17:57:04.643Z","updatedAt":"2016-11-17T17:57:04.643Z"}]}]}
INFO	2020-08-16 14:31:58,542	1866	com.bestbuy.testbase.TestBase	[main]	#check_response_time
INFO	2020-08-16 14:31:58,542	1866	com.bestbuy.testbase.TestBase	[main]	Response Time ==> 526.0
INFO	2020-08-16 14:31:58,544	1868	com.bestbuy.testbase.TestBase	[main]	# check_status_code 
INFO	2020-08-16 14:31:58,544	1868	com.bestbuy.testbase.TestBase	[main]	Status Code ==> 200
INFO	2020-08-16 14:31:58,547	1871	com.bestbuy.testbase.TestBase	[main]	***** End of T001_Get_Product_All *****
INFO	2020-08-16 14:31:58,553	1877	com.bestbuy.testbase.TestBase	[main]	***** Starting T002_Get_Product_Single *****
INFO	2020-08-16 14:31:58,573	1897	com.bestbuy.testbase.TestBase	[main]	# check_content_type
INFO	2020-08-16 14:31:58,573	1897	com.bestbuy.testbase.TestBase	[main]	Content Type ==> application/json; charset=utf-8
INFO	2020-08-16 14:31:58,574	1898	com.bestbuy.testbase.TestBase	[main]	# check_response_body 
INFO	2020-08-16 14:31:58,575	1899	com.bestbuy.testbase.TestBase	[main]	Response Body: {"id":43900,"name":"Duracell - AAA Batteries (4-Pack)","type":"HardGood","price":5.49,"upc":"041333424019","shipping":0,"description":"Compatible with select electronic devices; AAA size; DURALOCK Power Preserve technology; 4-pack","manufacturer":"Duracell","model":"MN2400B4Z","url":"http://www.bestbuy.com/site/duracell-aaa-batteries-4-pack/43900.p?id=1051384074145&skuId=43900&cmp=RMXCC","image":"http://img.bbystatic.com/BestBuy_US/images/products/4390/43900_sa.jpg","createdAt":"2016-11-17T17:58:03.298Z","updatedAt":"2016-11-17T17:58:03.298Z","categories":[{"id":"abcat0208002","name":"Alkaline Batteries","createdAt":"2016-11-17T17:57:04.285Z","updatedAt":"2016-11-17T17:57:04.285Z"},{"id":"pcmcat248700050021","name":"Housewares","createdAt":"2016-11-17T17:57:05.399Z","updatedAt":"2016-11-17T17:57:05.399Z"},{"id":"pcmcat303600050001","name":"Household Batteries","createdAt":"2016-11-17T17:57:04.285Z","updatedAt":"2016-11-17T17:57:04.285Z"},{"id":"pcmcat312300050015","name":"Connected Home & Housewares","createdAt":"2016-11-17T17:57:04.285Z","updatedAt":"2016-11-17T17:57:04.285Z"}]}
INFO	2020-08-16 14:31:58,576	1900	com.bestbuy.testbase.TestBase	[main]	#check_response_content
INFO	2020-08-16 14:31:58,593	1917	com.bestbuy.testbase.TestBase	[main]	#check_response_id
INFO	2020-08-16 14:31:58,605	1929	com.bestbuy.testbase.TestBase	[main]	Product ID ==> 43900
INFO	2020-08-16 14:31:58,606	1930	com.bestbuy.testbase.TestBase	[main]	#check_response_time
INFO	2020-08-16 14:31:58,606	1930	com.bestbuy.testbase.TestBase	[main]	Response Time ==> 16.0
INFO	2020-08-16 14:31:58,607	1931	com.bestbuy.testbase.TestBase	[main]	# check_status_code 
INFO	2020-08-16 14:31:58,607	1931	com.bestbuy.testbase.TestBase	[main]	Status Code ==> 200
INFO	2020-08-16 14:31:58,608	1932	com.bestbuy.testbase.TestBase	[main]	***** End of T001_Get_Product_All *****
INFO	2020-08-16 14:31:58,609	1933	com.bestbuy.testbase.TestBase	[main]	***** Starting T003_Post_Product *****
INFO	2020-08-16 14:31:58,659	1983	com.bestbuy.testbase.TestBase	[main]	# check_content_type
INFO	2020-08-16 14:31:58,659	1983	com.bestbuy.testbase.TestBase	[main]	Content Type ==> application/json; charset=utf-8
INFO	2020-08-16 14:31:58,660	1984	com.bestbuy.testbase.TestBase	[main]	# check_response_body 
INFO	2020-08-16 14:31:58,660	1984	com.bestbuy.testbase.TestBase	[main]	Response Body: {"id":9999722,"image":"SomeImages","shipping":12.99,"price":1000,"name":"Apple Watch Series Ultimate","upc":"654654321","description":"Series 10","model":"Series 10 - Pro","type":"Electronics","url":"someURLS","manufacturer":"Apple Inc.","updatedAt":"2020-08-16T19:31:58.646Z","createdAt":"2020-08-16T19:31:58.646Z"}
INFO	2020-08-16 14:31:58,661	1985	com.bestbuy.testbase.TestBase	[main]	#check_response_time
INFO	2020-08-16 14:31:58,661	1985	com.bestbuy.testbase.TestBase	[main]	Response Time ==> 43.0
INFO	2020-08-16 14:31:58,662	1986	com.bestbuy.testbase.TestBase	[main]	# check_status_code
INFO	2020-08-16 14:31:58,662	1986	com.bestbuy.testbase.TestBase	[main]	Status code ==> 201
INFO	2020-08-16 14:31:58,662	1986	com.bestbuy.testbase.TestBase	[main]	***** End of T001_Get_Product_All *****
